
*** Running vivado
    with args -log lab7_block_design_FIR_0_0.vds -m64 -product Vivado -mode batch -messageDb vivado.pb -notrace -source lab7_block_design_FIR_0_0.tcl


****** Vivado v2022.2 (64-bit)
  **** SW Build 3671981 on Fri Oct 14 04:59:54 MDT 2022
  **** IP Build 3669848 on Fri Oct 14 08:30:02 MDT 2022
    ** Copyright 1986-2022 Xilinx, Inc. All Rights Reserved.

source lab7_block_design_FIR_0_0.tcl -notrace
create_project: Time (s): cpu = 00:00:05 ; elapsed = 00:00:05 . Memory (MB): peak = 2217.172 ; gain = 63.160 ; free physical = 26869 ; free virtual = 32701
INFO: [IP_Flow 19-234] Refreshing IP repositories
INFO: [IP_Flow 19-1704] No user IP repositories specified
INFO: [IP_Flow 19-2313] Loaded Vivado IP repository '/home/user/Xilinx/Vivado/2022.2/data/ip'.
INFO: [IP_Flow 19-6924] IPCACHE: Running cache check for IP inst: lab7_block_design_FIR_0_0
Command: synth_design -top lab7_block_design_FIR_0_0 -part xc7a35ticsg324-1L -incremental_mode off -mode out_of_context
Starting synth_design
Attempting to get a license for feature 'Synthesis' and/or device 'xc7a35ti'
INFO: [Common 17-349] Got license for feature 'Synthesis' and/or device 'xc7a35ti'
INFO: [Device 21-403] Loading part xc7a35ticsg324-1L
INFO: [Synth 8-7079] Multithreading enabled for synth_design using a maximum of 4 processes.
INFO: [Synth 8-7078] Launching helper process for spawning children vivado processes
INFO: [Synth 8-7075] Helper process launched with PID 36650
INFO: [Synth 8-11241] undeclared symbol 'REGCCE', assumed default net type 'wire' [/home/user/Xilinx/Vivado/2022.2/data/verilog/src/unimacro/BRAM_SINGLE_MACRO.v:2170]
---------------------------------------------------------------------------------
Starting RTL Elaboration : Time (s): cpu = 00:00:03 ; elapsed = 00:00:03 . Memory (MB): peak = 2977.000 ; gain = 376.152 ; free physical = 23479 ; free virtual = 29060
Synthesis current peak Physical Memory [PSS] (MB): peak = 1450.912; parent = 1336.496; children = 114.416
Synthesis current peak Virtual Memory [VSS] (MB): peak = 6068.281; parent = 2980.000; children = 3088.281
---------------------------------------------------------------------------------
INFO: [Synth 8-638] synthesizing module 'lab7_block_design_FIR_0_0' [/home/user/elettronica_base/labs/lab7/lab7.gen/sources_1/bd/lab7_block_design/ip/lab7_block_design_FIR_0_0/synth/lab7_block_design_FIR_0_0.vhd:64]
INFO: [Synth 8-3491] module 'FIR' declared at '/home/user/elettronica_base/labs/lab7/lab7.srcs/sources_1/new/FIR.vhd:34' bound to instance 'U0' of component 'FIR' [/home/user/elettronica_base/labs/lab7/lab7.gen/sources_1/bd/lab7_block_design/ip/lab7_block_design_FIR_0_0/synth/lab7_block_design_FIR_0_0.vhd:87]
INFO: [Synth 8-638] synthesizing module 'FIR' [/home/user/elettronica_base/labs/lab7/lab7.srcs/sources_1/new/FIR.vhd:42]
INFO: [Synth 8-256] done synthesizing module 'FIR' (0#1) [/home/user/elettronica_base/labs/lab7/lab7.srcs/sources_1/new/FIR.vhd:42]
INFO: [Synth 8-256] done synthesizing module 'lab7_block_design_FIR_0_0' (0#1) [/home/user/elettronica_base/labs/lab7/lab7.gen/sources_1/bd/lab7_block_design/ip/lab7_block_design_FIR_0_0/synth/lab7_block_design_FIR_0_0.vhd:64]
WARNING: [Synth 8-6014] Unused sequential element products_reg[8] was removed.  [/home/user/elettronica_base/labs/lab7/lab7.srcs/sources_1/new/FIR.vhd:112]
WARNING: [Synth 8-6014] Unused sequential element products_reg[13] was removed.  [/home/user/elettronica_base/labs/lab7/lab7.srcs/sources_1/new/FIR.vhd:112]
WARNING: [Synth 8-6014] Unused sequential element products_reg[18] was removed.  [/home/user/elettronica_base/labs/lab7/lab7.srcs/sources_1/new/FIR.vhd:112]
WARNING: [Synth 8-6014] Unused sequential element products_reg[23] was removed.  [/home/user/elettronica_base/labs/lab7/lab7.srcs/sources_1/new/FIR.vhd:112]
WARNING: [Synth 8-6014] Unused sequential element products_reg[28] was removed.  [/home/user/elettronica_base/labs/lab7/lab7.srcs/sources_1/new/FIR.vhd:112]
---------------------------------------------------------------------------------
Finished RTL Elaboration : Time (s): cpu = 00:00:05 ; elapsed = 00:00:05 . Memory (MB): peak = 3062.770 ; gain = 461.922 ; free physical = 21804 ; free virtual = 27632
Synthesis current peak Physical Memory [PSS] (MB): peak = 1546.926; parent = 1336.496; children = 272.602
Synthesis current peak Virtual Memory [VSS] (MB): peak = 6448.398; parent = 3062.770; children = 3385.629
---------------------------------------------------------------------------------
---------------------------------------------------------------------------------
Start Handling Custom Attributes
---------------------------------------------------------------------------------
---------------------------------------------------------------------------------
Finished Handling Custom Attributes : Time (s): cpu = 00:00:05 ; elapsed = 00:00:05 . Memory (MB): peak = 3081.250 ; gain = 480.402 ; free physical = 21770 ; free virtual = 27600
Synthesis current peak Physical Memory [PSS] (MB): peak = 1549.411; parent = 1336.496; children = 272.602
Synthesis current peak Virtual Memory [VSS] (MB): peak = 6466.879; parent = 3081.250; children = 3385.629
---------------------------------------------------------------------------------
---------------------------------------------------------------------------------
Finished RTL Optimization Phase 1 : Time (s): cpu = 00:00:05 ; elapsed = 00:00:05 . Memory (MB): peak = 3081.250 ; gain = 480.402 ; free physical = 21770 ; free virtual = 27600
Synthesis current peak Physical Memory [PSS] (MB): peak = 1549.411; parent = 1336.496; children = 272.602
Synthesis current peak Virtual Memory [VSS] (MB): peak = 6466.879; parent = 3081.250; children = 3385.629
---------------------------------------------------------------------------------
Netlist sorting complete. Time (s): cpu = 00:00:00.01 ; elapsed = 00:00:00.01 . Memory (MB): peak = 3081.895 ; gain = 0.051 ; free physical = 21751 ; free virtual = 27581
INFO: [Project 1-570] Preparing netlist for logic optimization

Processing XDC Constraints
Initializing timing engine
Completed Processing XDC Constraints

Netlist sorting complete. Time (s): cpu = 00:00:00 ; elapsed = 00:00:00 . Memory (MB): peak = 3236.141 ; gain = 0.000 ; free physical = 21624 ; free virtual = 27472
INFO: [Project 1-111] Unisim Transformation Summary:
No Unisim elements were transformed.

Constraint Validation Runtime : Time (s): cpu = 00:00:00.1 ; elapsed = 00:00:00.09 . Memory (MB): peak = 3236.984 ; gain = 0.828 ; free physical = 21635 ; free virtual = 27482
INFO: [Designutils 20-5008] Incremental synthesis strategy off
INFO: [Synth 8-11241] undeclared symbol 'REGCCE', assumed default net type 'wire' [/home/user/Xilinx/Vivado/2022.2/data/verilog/src/unimacro/BRAM_SINGLE_MACRO.v:2170]
---------------------------------------------------------------------------------
Finished Constraint Validation : Time (s): cpu = 00:00:09 ; elapsed = 00:00:10 . Memory (MB): peak = 3237.105 ; gain = 636.258 ; free physical = 21769 ; free virtual = 27618
Synthesis current peak Physical Memory [PSS] (MB): peak = 1624.525; parent = 1352.431; children = 272.602
Synthesis current peak Virtual Memory [VSS] (MB): peak = 6597.730; parent = 3212.098; children = 3385.633
---------------------------------------------------------------------------------
---------------------------------------------------------------------------------
Start Loading Part and Timing Information
---------------------------------------------------------------------------------
Loading part: xc7a35ticsg324-1L
---------------------------------------------------------------------------------
Finished Loading Part and Timing Information : Time (s): cpu = 00:00:09 ; elapsed = 00:00:10 . Memory (MB): peak = 3237.105 ; gain = 636.258 ; free physical = 21769 ; free virtual = 27617
Synthesis current peak Physical Memory [PSS] (MB): peak = 1625.233; parent = 1353.142; children = 272.602
Synthesis current peak Virtual Memory [VSS] (MB): peak = 6597.852; parent = 3212.219; children = 3385.633
---------------------------------------------------------------------------------
---------------------------------------------------------------------------------
Start Applying 'set_property' XDC Constraints
---------------------------------------------------------------------------------
---------------------------------------------------------------------------------
Finished applying 'set_property' XDC Constraints : Time (s): cpu = 00:00:09 ; elapsed = 00:00:10 . Memory (MB): peak = 3237.105 ; gain = 636.258 ; free physical = 21769 ; free virtual = 27617
Synthesis current peak Physical Memory [PSS] (MB): peak = 1625.397; parent = 1353.306; children = 272.602
Synthesis current peak Virtual Memory [VSS] (MB): peak = 6597.879; parent = 3212.246; children = 3385.633
---------------------------------------------------------------------------------
---------------------------------------------------------------------------------
Finished RTL Optimization Phase 2 : Time (s): cpu = 00:00:10 ; elapsed = 00:00:10 . Memory (MB): peak = 3237.105 ; gain = 636.258 ; free physical = 21764 ; free virtual = 27613
Synthesis current peak Physical Memory [PSS] (MB): peak = 1633.178; parent = 1361.094; children = 272.602
Synthesis current peak Virtual Memory [VSS] (MB): peak = 6598.562; parent = 3212.930; children = 3385.633
---------------------------------------------------------------------------------
---------------------------------------------------------------------------------
Start RTL Component Statistics 
---------------------------------------------------------------------------------
Detailed RTL Component Info : 
+---Adders : 
	   2 Input   31 Bit       Adders := 1     
	   2 Input   30 Bit       Adders := 2     
	   2 Input   29 Bit       Adders := 4     
	   2 Input   28 Bit       Adders := 8     
+---Registers : 
	               31 Bit    Registers := 1     
	               30 Bit    Registers := 2     
	               29 Bit    Registers := 4     
	               28 Bit    Registers := 8     
	               16 Bit    Registers := 31    
---------------------------------------------------------------------------------
Finished RTL Component Statistics 
---------------------------------------------------------------------------------
---------------------------------------------------------------------------------
Start Part Resource Summary
---------------------------------------------------------------------------------
Part Resources:
DSPs: 90 (col length:60)
BRAMs: 100 (col length: RAMB18 60 RAMB36 30)
---------------------------------------------------------------------------------
Finished Part Resource Summary
---------------------------------------------------------------------------------
---------------------------------------------------------------------------------
Start Cross Boundary and Area Optimization
---------------------------------------------------------------------------------
WARNING: [Synth 8-7080] Parallel synthesis criteria is not met
DSP Report: Generating DSP U0/products_reg[26], operation Mode is: (A''*(B:0xe))'.
DSP Report: register U0/delay_line_reg[25] is absorbed into DSP U0/products_reg[26].
DSP Report: register U0/delay_line_reg[26] is absorbed into DSP U0/products_reg[26].
DSP Report: register U0/products_reg[26] is absorbed into DSP U0/products_reg[26].
DSP Report: operator U0/products_reg[26]0 is absorbed into DSP U0/products_reg[26].
DSP Report: Generating DSP U0/sum_stage1_reg[13], operation Mode is: (PCIN+(ACIN2*(B:0x10))')'.
DSP Report: register U0/delay_line_reg[27] is absorbed into DSP U0/sum_stage1_reg[13].
DSP Report: register U0/sum_stage1_reg[13] is absorbed into DSP U0/sum_stage1_reg[13].
DSP Report: register U0/products_reg[27] is absorbed into DSP U0/sum_stage1_reg[13].
DSP Report: operator U0/ARG is absorbed into DSP U0/sum_stage1_reg[13].
DSP Report: operator U0/products_reg[27]0 is absorbed into DSP U0/sum_stage1_reg[13].
DSP Report: Generating DSP U0/sum_stage1_reg[14], operation Mode is: (ACIN''*(B:0x3fff8))'.
DSP Report: register U0/delay_line_reg[28] is absorbed into DSP U0/sum_stage1_reg[14].
DSP Report: register U0/delay_line_reg[29] is absorbed into DSP U0/sum_stage1_reg[14].
DSP Report: register U0/sum_stage1_reg[14] is absorbed into DSP U0/sum_stage1_reg[14].
DSP Report: register U0/products_reg[3] is absorbed into DSP U0/sum_stage1_reg[14].
DSP Report: register U0/products_reg[29] is absorbed into DSP U0/sum_stage1_reg[14].
DSP Report: operator U0/ARG is absorbed into DSP U0/sum_stage1_reg[14].
DSP Report: operator U0/products_reg[29]0 is absorbed into DSP U0/sum_stage1_reg[14].
DSP Report: Generating DSP U0/products_reg[30], operation Mode is: (ACIN2*(B:0x3fffc))'.
DSP Report: register U0/delay_line_reg[30] is absorbed into DSP U0/products_reg[30].
DSP Report: register U0/products_reg[30] is absorbed into DSP U0/products_reg[30].
DSP Report: operator U0/products_reg[30]0 is absorbed into DSP U0/products_reg[30].
DSP Report: Generating DSP U0/sum_stage1_reg[15], operation Mode is: (PCIN+(ACIN2*(B:0x2))')'.
DSP Report: register U0/delay_line_reg[31] is absorbed into DSP U0/sum_stage1_reg[15].
DSP Report: register U0/sum_stage1_reg[15] is absorbed into DSP U0/sum_stage1_reg[15].
DSP Report: register U0/products_reg[31] is absorbed into DSP U0/sum_stage1_reg[15].
DSP Report: operator U0/ARG is absorbed into DSP U0/sum_stage1_reg[15].
DSP Report: operator U0/products_reg[31]0 is absorbed into DSP U0/sum_stage1_reg[15].
DSP Report: Generating DSP U0/sum_stage2_reg[7], operation Mode is: (PCIN+A:B)'.
DSP Report: register U0/sum_stage2_reg[7] is absorbed into DSP U0/sum_stage2_reg[7].
DSP Report: operator U0/ARG is absorbed into DSP U0/sum_stage2_reg[7].
DSP Report: Generating DSP U0/sum_stage1_reg[11], operation Mode is: (A''*(B:0x53))'.
DSP Report: register U0/delay_line_reg[21] is absorbed into DSP U0/sum_stage1_reg[11].
DSP Report: register U0/delay_line_reg[22] is absorbed into DSP U0/sum_stage1_reg[11].
DSP Report: register U0/sum_stage1_reg[11] is absorbed into DSP U0/sum_stage1_reg[11].
DSP Report: register U0/products_reg[22] is absorbed into DSP U0/sum_stage1_reg[11].
DSP Report: register U0/products_reg[3] is absorbed into DSP U0/sum_stage1_reg[11].
DSP Report: operator U0/ARG is absorbed into DSP U0/sum_stage1_reg[11].
DSP Report: operator U0/products_reg[22]0 is absorbed into DSP U0/sum_stage1_reg[11].
DSP Report: Generating DSP U0/products_reg[24], operation Mode is: (ACIN''*(B:0x3ffd2))'.
DSP Report: register U0/delay_line_reg[23] is absorbed into DSP U0/products_reg[24].
DSP Report: register U0/delay_line_reg[24] is absorbed into DSP U0/products_reg[24].
DSP Report: register U0/products_reg[24] is absorbed into DSP U0/products_reg[24].
DSP Report: operator U0/products_reg[24]0 is absorbed into DSP U0/products_reg[24].
DSP Report: Generating DSP U0/sum_stage1_reg[12], operation Mode is: (PCIN+(A''*(B:0x3ffeb))')'.
DSP Report: register U0/delay_line_reg[24] is absorbed into DSP U0/sum_stage1_reg[12].
DSP Report: register U0/delay_line_reg[25] is absorbed into DSP U0/sum_stage1_reg[12].
DSP Report: register U0/sum_stage1_reg[12] is absorbed into DSP U0/sum_stage1_reg[12].
DSP Report: register U0/products_reg[25] is absorbed into DSP U0/sum_stage1_reg[12].
DSP Report: operator U0/ARG is absorbed into DSP U0/sum_stage1_reg[12].
DSP Report: operator U0/products_reg[25]0 is absorbed into DSP U0/sum_stage1_reg[12].
DSP Report: Generating DSP U0/sum_stage2_reg[6], operation Mode is: (PCIN+A:B)'.
DSP Report: register U0/sum_stage2_reg[6] is absorbed into DSP U0/sum_stage2_reg[6].
DSP Report: operator U0/ARG is absorbed into DSP U0/sum_stage2_reg[6].
DSP Report: Generating DSP U0/sum_stage1_reg[6], operation Mode is: (A''*(B:0x3ff2d))'.
DSP Report: register U0/delay_line_reg[11] is absorbed into DSP U0/sum_stage1_reg[6].
DSP Report: register U0/delay_line_reg[12] is absorbed into DSP U0/sum_stage1_reg[6].
DSP Report: register U0/sum_stage1_reg[6] is absorbed into DSP U0/sum_stage1_reg[6].
DSP Report: register U0/products_reg[12] is absorbed into DSP U0/sum_stage1_reg[6].
DSP Report: register U0/products_reg[3] is absorbed into DSP U0/sum_stage1_reg[6].
DSP Report: operator U0/ARG is absorbed into DSP U0/sum_stage1_reg[6].
DSP Report: operator U0/products_reg[12]0 is absorbed into DSP U0/sum_stage1_reg[6].
DSP Report: Generating DSP U0/products_reg[14], operation Mode is: (ACIN''*(B:0x21d))'.
DSP Report: register U0/delay_line_reg[13] is absorbed into DSP U0/products_reg[14].
DSP Report: register U0/delay_line_reg[14] is absorbed into DSP U0/products_reg[14].
DSP Report: register U0/products_reg[14] is absorbed into DSP U0/products_reg[14].
DSP Report: operator U0/products_reg[14]0 is absorbed into DSP U0/products_reg[14].
DSP Report: Generating DSP U0/sum_stage1_reg[7], operation Mode is: (PCIN+(A''*(B:0x3ff))')'.
DSP Report: register U0/delay_line_reg[14] is absorbed into DSP U0/sum_stage1_reg[7].
DSP Report: register U0/delay_line_reg[15] is absorbed into DSP U0/sum_stage1_reg[7].
DSP Report: register U0/sum_stage1_reg[7] is absorbed into DSP U0/sum_stage1_reg[7].
DSP Report: register U0/products_reg[15] is absorbed into DSP U0/sum_stage1_reg[7].
DSP Report: operator U0/ARG is absorbed into DSP U0/sum_stage1_reg[7].
DSP Report: operator U0/products_reg[15]0 is absorbed into DSP U0/sum_stage1_reg[7].
DSP Report: Generating DSP U0/products_reg[16], operation Mode is: (ACIN''*(B:0x3ff))'.
DSP Report: register U0/delay_line_reg[15] is absorbed into DSP U0/products_reg[16].
DSP Report: register U0/delay_line_reg[16] is absorbed into DSP U0/products_reg[16].
DSP Report: register U0/products_reg[16] is absorbed into DSP U0/products_reg[16].
DSP Report: operator U0/products_reg[16]0 is absorbed into DSP U0/products_reg[16].
DSP Report: Generating DSP U0/sum_stage1_reg[8], operation Mode is: (PCIN+(ACIN2*(B:0x21d))')'.
DSP Report: register U0/delay_line_reg[17] is absorbed into DSP U0/sum_stage1_reg[8].
DSP Report: register U0/sum_stage1_reg[8] is absorbed into DSP U0/sum_stage1_reg[8].
DSP Report: register U0/products_reg[17] is absorbed into DSP U0/sum_stage1_reg[8].
DSP Report: operator U0/ARG is absorbed into DSP U0/sum_stage1_reg[8].
DSP Report: operator U0/products_reg[17]0 is absorbed into DSP U0/sum_stage1_reg[8].
DSP Report: Generating DSP U0/sum_stage1_reg[9], operation Mode is: (ACIN''*(B:0x3ff2d))'.
DSP Report: register U0/delay_line_reg[18] is absorbed into DSP U0/sum_stage1_reg[9].
DSP Report: register U0/delay_line_reg[19] is absorbed into DSP U0/sum_stage1_reg[9].
DSP Report: register U0/sum_stage1_reg[9] is absorbed into DSP U0/sum_stage1_reg[9].
DSP Report: register U0/products_reg[3] is absorbed into DSP U0/sum_stage1_reg[9].
DSP Report: register U0/products_reg[19] is absorbed into DSP U0/sum_stage1_reg[9].
DSP Report: operator U0/ARG is absorbed into DSP U0/sum_stage1_reg[9].
DSP Report: operator U0/products_reg[19]0 is absorbed into DSP U0/sum_stage1_reg[9].
DSP Report: Generating DSP U0/products_reg[20], operation Mode is: (ACIN''*(B:0x3ffa2))'.
DSP Report: register U0/delay_line_reg[19] is absorbed into DSP U0/products_reg[20].
DSP Report: register U0/delay_line_reg[20] is absorbed into DSP U0/products_reg[20].
DSP Report: register U0/products_reg[20] is absorbed into DSP U0/products_reg[20].
DSP Report: operator U0/products_reg[20]0 is absorbed into DSP U0/products_reg[20].
DSP Report: Generating DSP U0/sum_stage1_reg[10], operation Mode is: (PCIN+(A''*(B:0x45))')'.
DSP Report: register U0/delay_line_reg[20] is absorbed into DSP U0/sum_stage1_reg[10].
DSP Report: register U0/delay_line_reg[21] is absorbed into DSP U0/sum_stage1_reg[10].
DSP Report: register U0/sum_stage1_reg[10] is absorbed into DSP U0/sum_stage1_reg[10].
DSP Report: register U0/products_reg[21] is absorbed into DSP U0/sum_stage1_reg[10].
DSP Report: operator U0/ARG is absorbed into DSP U0/sum_stage1_reg[10].
DSP Report: operator U0/products_reg[21]0 is absorbed into DSP U0/sum_stage1_reg[10].
DSP Report: Generating DSP U0/sum_stage2_reg[5], operation Mode is: (PCIN+A:B)'.
DSP Report: register U0/sum_stage2_reg[5] is absorbed into DSP U0/sum_stage2_reg[5].
DSP Report: operator U0/ARG is absorbed into DSP U0/sum_stage2_reg[5].
DSP Report: Generating DSP U0/products_reg[0], operation Mode is: (A2*(B:0x2))'.
DSP Report: register U0/delay_line_reg[0] is absorbed into DSP U0/products_reg[0].
DSP Report: register U0/products_reg[0] is absorbed into DSP U0/products_reg[0].
DSP Report: operator U0/products_reg[0]0 is absorbed into DSP U0/products_reg[0].
DSP Report: Generating DSP U0/sum_stage1_reg[1], operation Mode is: (ACIN''*(B:0x3fff8))'.
DSP Report: register U0/delay_line_reg[1] is absorbed into DSP U0/sum_stage1_reg[1].
DSP Report: register U0/delay_line_reg[2] is absorbed into DSP U0/sum_stage1_reg[1].
DSP Report: register U0/sum_stage1_reg[1] is absorbed into DSP U0/sum_stage1_reg[1].
DSP Report: register U0/products_reg[2] is absorbed into DSP U0/sum_stage1_reg[1].
DSP Report: register U0/products_reg[3] is absorbed into DSP U0/sum_stage1_reg[1].
DSP Report: operator U0/ARG is absorbed into DSP U0/sum_stage1_reg[1].
DSP Report: operator U0/products_reg[2]0 is absorbed into DSP U0/sum_stage1_reg[1].
DSP Report: Generating DSP U0/products_reg[4], operation Mode is: (ACIN''*(B:0x10))'.
DSP Report: register U0/delay_line_reg[3] is absorbed into DSP U0/products_reg[4].
DSP Report: register U0/delay_line_reg[4] is absorbed into DSP U0/products_reg[4].
DSP Report: register U0/products_reg[4] is absorbed into DSP U0/products_reg[4].
DSP Report: operator U0/products_reg[4]0 is absorbed into DSP U0/products_reg[4].
DSP Report: Generating DSP U0/products_reg[6], operation Mode is: (ACIN''*(B:0x3ffeb))'.
DSP Report: register U0/delay_line_reg[5] is absorbed into DSP U0/products_reg[6].
DSP Report: register U0/delay_line_reg[6] is absorbed into DSP U0/products_reg[6].
DSP Report: register U0/products_reg[6] is absorbed into DSP U0/products_reg[6].
DSP Report: operator U0/products_reg[6]0 is absorbed into DSP U0/products_reg[6].
DSP Report: Generating DSP U0/sum_stage1_reg[3], operation Mode is: (PCIN+(ACIN2*(B:0x3ffd2))')'.
DSP Report: register U0/delay_line_reg[7] is absorbed into DSP U0/sum_stage1_reg[3].
DSP Report: register U0/sum_stage1_reg[3] is absorbed into DSP U0/sum_stage1_reg[3].
DSP Report: register U0/products_reg[7] is absorbed into DSP U0/sum_stage1_reg[3].
DSP Report: operator U0/ARG is absorbed into DSP U0/sum_stage1_reg[3].
DSP Report: operator U0/products_reg[7]0 is absorbed into DSP U0/sum_stage1_reg[3].
DSP Report: Generating DSP U0/sum_stage1_reg[4], operation Mode is: (ACIN''*(B:0x53))'.
DSP Report: register U0/delay_line_reg[8] is absorbed into DSP U0/sum_stage1_reg[4].
DSP Report: register U0/delay_line_reg[9] is absorbed into DSP U0/sum_stage1_reg[4].
DSP Report: register U0/sum_stage1_reg[4] is absorbed into DSP U0/sum_stage1_reg[4].
DSP Report: register U0/products_reg[3] is absorbed into DSP U0/sum_stage1_reg[4].
DSP Report: register U0/products_reg[9] is absorbed into DSP U0/sum_stage1_reg[4].
DSP Report: operator U0/ARG is absorbed into DSP U0/sum_stage1_reg[4].
DSP Report: operator U0/products_reg[9]0 is absorbed into DSP U0/sum_stage1_reg[4].
DSP Report: Generating DSP U0/products_reg[10], operation Mode is: (ACIN2*(B:0x45))'.
DSP Report: register U0/delay_line_reg[10] is absorbed into DSP U0/products_reg[10].
DSP Report: register U0/products_reg[10] is absorbed into DSP U0/products_reg[10].
DSP Report: operator U0/products_reg[10]0 is absorbed into DSP U0/products_reg[10].
DSP Report: Generating DSP U0/sum_stage1_reg[5], operation Mode is: (PCIN+(A''*(B:0x3ffa2))')'.
DSP Report: register U0/delay_line_reg[10] is absorbed into DSP U0/sum_stage1_reg[5].
DSP Report: register U0/delay_line_reg[11] is absorbed into DSP U0/sum_stage1_reg[5].
DSP Report: register U0/sum_stage1_reg[5] is absorbed into DSP U0/sum_stage1_reg[5].
DSP Report: register U0/products_reg[11] is absorbed into DSP U0/sum_stage1_reg[5].
DSP Report: operator U0/ARG is absorbed into DSP U0/sum_stage1_reg[5].
DSP Report: operator U0/products_reg[11]0 is absorbed into DSP U0/sum_stage1_reg[5].
DSP Report: Generating DSP U0/sum_stage2_reg[2], operation Mode is: (PCIN+A:B)'.
DSP Report: register U0/sum_stage2_reg[2] is absorbed into DSP U0/sum_stage2_reg[2].
DSP Report: operator U0/ARG is absorbed into DSP U0/sum_stage2_reg[2].
---------------------------------------------------------------------------------
Finished Cross Boundary and Area Optimization : Time (s): cpu = 00:00:11 ; elapsed = 00:00:12 . Memory (MB): peak = 3237.105 ; gain = 636.258 ; free physical = 21825 ; free virtual = 27675
Synthesis current peak Physical Memory [PSS] (MB): peak = 1645.182; parent = 1373.156; children = 272.602
Synthesis current peak Virtual Memory [VSS] (MB): peak = 6599.445; parent = 3213.812; children = 3385.633
---------------------------------------------------------------------------------
---------------------------------------------------------------------------------
Start ROM, RAM, DSP, Shift Register and Retiming Reporting
---------------------------------------------------------------------------------

DSP: Preliminary Mapping Report (see note below. The ' indicates corresponding REG is set)
+--------------------------+------------------------------+--------+--------+--------+--------+--------+------+------+------+------+-------+------+------+
|Module Name               | DSP Mapping                  | A Size | B Size | C Size | D Size | P Size | AREG | BREG | CREG | DREG | ADREG | MREG | PREG | 
+--------------------------+------------------------------+--------+--------+--------+--------+--------+------+------+------+------+-------+------+------+
|FIR                       | (A''*(B:0xe))'               | 16     | 5      | -      | -      | 21     | 2    | 0    | -    | -    | -     | 1    | 0    | 
|FIR                       | (PCIN+(ACIN2*(B:0x10))')'    | 16     | 6      | -      | -      | 27     | 1    | 0    | -    | -    | -     | 1    | 1    | 
|FIR                       | (ACIN''*(B:0x3fff8))'        | 16     | 4      | -      | -      | 27     | 2    | 0    | -    | -    | -     | 1    | 1    | 
|FIR                       | (ACIN2*(B:0x3fffc))'         | 16     | 3      | -      | -      | 19     | 1    | 0    | -    | -    | -     | 1    | 0    | 
|FIR                       | (PCIN+(ACIN2*(B:0x2))')'     | 16     | 3      | -      | -      | 27     | 1    | 0    | -    | -    | -     | 1    | 1    | 
|lab7_block_design_FIR_0_0 | (PCIN+A:B)'                  | 9      | 18     | -      | -      | -1     | 0    | 0    | -    | -    | -     | 0    | 1    | 
|lab7_block_design_FIR_0_0 | (A''*(B:0x53))'              | 16     | 8      | -      | -      | 27     | 2    | 0    | -    | -    | -     | 1    | 1    | 
|lab7_block_design_FIR_0_0 | (ACIN''*(B:0x3ffd2))'        | 16     | 7      | -      | -      | 23     | 2    | 0    | -    | -    | -     | 1    | 0    | 
|FIR                       | (PCIN+(A''*(B:0x3ffeb))')'   | 16     | 6      | -      | -      | 27     | 2    | 0    | -    | -    | -     | 1    | 1    | 
|lab7_block_design_FIR_0_0 | (PCIN+A:B)'                  | 9      | 18     | -      | -      | -1     | 0    | 0    | -    | -    | -     | 0    | 1    | 
|lab7_block_design_FIR_0_0 | (A''*(B:0x3ff2d))'           | 16     | 9      | -      | -      | 27     | 2    | 0    | -    | -    | -     | 1    | 1    | 
|lab7_block_design_FIR_0_0 | (ACIN''*(B:0x21d))'          | 16     | 11     | -      | -      | 27     | 2    | 0    | -    | -    | -     | 1    | 0    | 
|lab7_block_design_FIR_0_0 | (PCIN+(A''*(B:0x3ff))')'     | 16     | 11     | -      | -      | 27     | 2    | 0    | -    | -    | -     | 1    | 1    | 
|lab7_block_design_FIR_0_0 | (ACIN''*(B:0x3ff))'          | 16     | 11     | -      | -      | 27     | 2    | 0    | -    | -    | -     | 1    | 0    | 
|lab7_block_design_FIR_0_0 | (PCIN+(ACIN2*(B:0x21d))')'   | 16     | 11     | -      | -      | 27     | 1    | 0    | -    | -    | -     | 1    | 1    | 
|lab7_block_design_FIR_0_0 | (ACIN''*(B:0x3ff2d))'        | 16     | 9      | -      | -      | 27     | 2    | 0    | -    | -    | -     | 1    | 1    | 
|FIR                       | (ACIN''*(B:0x3ffa2))'        | 16     | 8      | -      | -      | 24     | 2    | 0    | -    | -    | -     | 1    | 0    | 
|lab7_block_design_FIR_0_0 | (PCIN+(A''*(B:0x45))')'      | 16     | 8      | -      | -      | 27     | 2    | 0    | -    | -    | -     | 1    | 1    | 
|lab7_block_design_FIR_0_0 | (PCIN+A:B)'                  | 9      | 18     | -      | -      | -1     | 0    | 0    | -    | -    | -     | 0    | 1    | 
|lab7_block_design_FIR_0_0 | (A2*(B:0x2))'                | 16     | 3      | -      | -      | 19     | 1    | 0    | -    | -    | -     | 1    | 0    | 
|lab7_block_design_FIR_0_0 | (ACIN''*(B:0x3fff8))'        | 16     | 4      | -      | -      | 27     | 2    | 0    | -    | -    | -     | 1    | 1    | 
|lab7_block_design_FIR_0_0 | (ACIN''*(B:0x10))'           | 16     | 6      | -      | -      | 22     | 2    | 0    | -    | -    | -     | 1    | 0    | 
|lab7_block_design_FIR_0_0 | (ACIN''*(B:0x3ffeb))'        | 16     | 6      | -      | -      | 22     | 2    | 0    | -    | -    | -     | 1    | 0    | 
|lab7_block_design_FIR_0_0 | (PCIN+(ACIN2*(B:0x3ffd2))')' | 16     | 7      | -      | -      | 27     | 1    | 0    | -    | -    | -     | 1    | 1    | 
|lab7_block_design_FIR_0_0 | (ACIN''*(B:0x53))'           | 16     | 8      | -      | -      | 27     | 2    | 0    | -    | -    | -     | 1    | 1    | 
|lab7_block_design_FIR_0_0 | (ACIN2*(B:0x45))'            | 16     | 8      | -      | -      | 24     | 1    | 0    | -    | -    | -     | 1    | 0    | 
|lab7_block_design_FIR_0_0 | (PCIN+(A''*(B:0x3ffa2))')'   | 16     | 8      | -      | -      | 27     | 2    | 0    | -    | -    | -     | 1    | 1    | 
|lab7_block_design_FIR_0_0 | (PCIN+A:B)'                  | 9      | 18     | -      | -      | -1     | 0    | 0    | -    | -    | -     | 0    | 1    | 
+--------------------------+------------------------------+--------+--------+--------+--------+--------+------+------+------+------+-------+------+------+

Note: The table above is a preliminary report that shows the DSPs inferred at the current stage of the synthesis flow. Some DSP may be reimplemented as non DSP primitives later in the synthesis flow. Multiple instantiated DSPs are reported only once.
---------------------------------------------------------------------------------
Finished ROM, RAM, DSP, Shift Register and Retiming Reporting
---------------------------------------------------------------------------------
---------------------------------------------------------------------------------
Start Applying XDC Timing Constraints
---------------------------------------------------------------------------------
---------------------------------------------------------------------------------
Finished Applying XDC Timing Constraints : Time (s): cpu = 00:00:16 ; elapsed = 00:00:17 . Memory (MB): peak = 3258.047 ; gain = 657.199 ; free physical = 21715 ; free virtual = 27581
Synthesis current peak Physical Memory [PSS] (MB): peak = 1886.355; parent = 1614.939; children = 272.602
Synthesis current peak Virtual Memory [VSS] (MB): peak = 6643.680; parent = 3258.047; children = 3385.633
---------------------------------------------------------------------------------
---------------------------------------------------------------------------------
Start Timing Optimization
---------------------------------------------------------------------------------
---------------------------------------------------------------------------------
Finished Timing Optimization : Time (s): cpu = 00:00:16 ; elapsed = 00:00:17 . Memory (MB): peak = 3258.074 ; gain = 657.227 ; free physical = 21714 ; free virtual = 27581
Synthesis current peak Physical Memory [PSS] (MB): peak = 1886.541; parent = 1615.128; children = 272.602
Synthesis current peak Virtual Memory [VSS] (MB): peak = 6643.707; parent = 3258.074; children = 3385.633
---------------------------------------------------------------------------------
---------------------------------------------------------------------------------
Start Technology Mapping
---------------------------------------------------------------------------------
---------------------------------------------------------------------------------
Finished Technology Mapping : Time (s): cpu = 00:00:16 ; elapsed = 00:00:17 . Memory (MB): peak = 3258.293 ; gain = 657.445 ; free physical = 21714 ; free virtual = 27580
Synthesis current peak Physical Memory [PSS] (MB): peak = 1905.688; parent = 1634.281; children = 272.602
Synthesis current peak Virtual Memory [VSS] (MB): peak = 6643.926; parent = 3258.293; children = 3385.633
---------------------------------------------------------------------------------
---------------------------------------------------------------------------------
Start IO Insertion
---------------------------------------------------------------------------------
---------------------------------------------------------------------------------
Start Flattening Before IO Insertion
---------------------------------------------------------------------------------
---------------------------------------------------------------------------------
Finished Flattening Before IO Insertion
---------------------------------------------------------------------------------
---------------------------------------------------------------------------------
Start Final Netlist Cleanup
---------------------------------------------------------------------------------
---------------------------------------------------------------------------------
Finished Final Netlist Cleanup
---------------------------------------------------------------------------------
---------------------------------------------------------------------------------
Finished IO Insertion : Time (s): cpu = 00:00:19 ; elapsed = 00:00:20 . Memory (MB): peak = 3258.418 ; gain = 657.570 ; free physical = 21708 ; free virtual = 27573
Synthesis current peak Physical Memory [PSS] (MB): peak = 1905.688; parent = 1634.281; children = 272.602
Synthesis current peak Virtual Memory [VSS] (MB): peak = 6644.051; parent = 3258.418; children = 3385.633
---------------------------------------------------------------------------------
---------------------------------------------------------------------------------
Start Renaming Generated Instances
---------------------------------------------------------------------------------
---------------------------------------------------------------------------------
Finished Renaming Generated Instances : Time (s): cpu = 00:00:19 ; elapsed = 00:00:20 . Memory (MB): peak = 3258.434 ; gain = 657.586 ; free physical = 21708 ; free virtual = 27573
Synthesis current peak Physical Memory [PSS] (MB): peak = 1905.688; parent = 1634.281; children = 272.602
Synthesis current peak Virtual Memory [VSS] (MB): peak = 6644.066; parent = 3258.434; children = 3385.633
---------------------------------------------------------------------------------
---------------------------------------------------------------------------------
Start Rebuilding User Hierarchy
---------------------------------------------------------------------------------
---------------------------------------------------------------------------------
Finished Rebuilding User Hierarchy : Time (s): cpu = 00:00:19 ; elapsed = 00:00:20 . Memory (MB): peak = 3258.477 ; gain = 657.629 ; free physical = 21707 ; free virtual = 27570
Synthesis current peak Physical Memory [PSS] (MB): peak = 1905.688; parent = 1634.281; children = 272.602
Synthesis current peak Virtual Memory [VSS] (MB): peak = 6644.109; parent = 3258.477; children = 3385.633
---------------------------------------------------------------------------------
---------------------------------------------------------------------------------
Start Renaming Generated Ports
---------------------------------------------------------------------------------
---------------------------------------------------------------------------------
Finished Renaming Generated Ports : Time (s): cpu = 00:00:19 ; elapsed = 00:00:20 . Memory (MB): peak = 3258.484 ; gain = 657.637 ; free physical = 21705 ; free virtual = 27569
Synthesis current peak Physical Memory [PSS] (MB): peak = 1905.688; parent = 1634.281; children = 272.602
Synthesis current peak Virtual Memory [VSS] (MB): peak = 6644.117; parent = 3258.484; children = 3385.633
---------------------------------------------------------------------------------
---------------------------------------------------------------------------------
Start Handling Custom Attributes
---------------------------------------------------------------------------------
---------------------------------------------------------------------------------
Finished Handling Custom Attributes : Time (s): cpu = 00:00:19 ; elapsed = 00:00:20 . Memory (MB): peak = 3258.492 ; gain = 657.645 ; free physical = 21700 ; free virtual = 27564
Synthesis current peak Physical Memory [PSS] (MB): peak = 1905.688; parent = 1634.281; children = 272.602
Synthesis current peak Virtual Memory [VSS] (MB): peak = 6644.125; parent = 3258.492; children = 3385.633
---------------------------------------------------------------------------------
---------------------------------------------------------------------------------
Start Renaming Generated Nets
---------------------------------------------------------------------------------
---------------------------------------------------------------------------------
Finished Renaming Generated Nets : Time (s): cpu = 00:00:19 ; elapsed = 00:00:20 . Memory (MB): peak = 3258.496 ; gain = 657.648 ; free physical = 21699 ; free virtual = 27563
Synthesis current peak Physical Memory [PSS] (MB): peak = 1905.688; parent = 1634.281; children = 272.602
Synthesis current peak Virtual Memory [VSS] (MB): peak = 6644.129; parent = 3258.496; children = 3385.633
---------------------------------------------------------------------------------
---------------------------------------------------------------------------------
Start ROM, RAM, DSP, Shift Register and Retiming Reporting
---------------------------------------------------------------------------------

Static Shift Register Report:
+--------------------------+---------------------------+--------+-------+--------------+--------------------+-------------------+--------+---------+
|Module Name               | RTL Name                  | Length | Width | Reset Signal | Pull out first Reg | Pull out last Reg | SRL16E | SRLC32E | 
+--------------------------+---------------------------+--------+-------+--------------+--------------------+-------------------+--------+---------+
|lab7_block_design_FIR_0_0 | U0/delay_line_reg[5][15]  | 4      | 32    | NO           | NO                 | YES               | 32     | 0       | 
|lab7_block_design_FIR_0_0 | U0/delay_line_reg[13][15] | 3      | 32    | NO           | NO                 | YES               | 32     | 0       | 
|lab7_block_design_FIR_0_0 | U0/delay_line_reg[19][15] | 6      | 16    | NO           | NO                 | YES               | 16     | 0       | 
+--------------------------+---------------------------+--------+-------+--------------+--------------------+-------------------+--------+---------+

---------------------------------------------------------------------------------
Finished ROM, RAM, DSP, Shift Register and Retiming Reporting
---------------------------------------------------------------------------------
---------------------------------------------------------------------------------
Start Writing Synthesis Report
---------------------------------------------------------------------------------

DSP Final Report (the ' indicates corresponding REG is set)
+--------------------------+------------------+--------+--------+--------+--------+--------+------+------+------+------+-------+------+------+
|Module Name               | DSP Mapping      | A Size | B Size | C Size | D Size | P Size | AREG | BREG | CREG | DREG | ADREG | MREG | PREG | 
+--------------------------+------------------+--------+--------+--------+--------+--------+------+------+------+------+-------+------+------+
|FIR                       | (A''*B)'         | 30     | 4      | -      | -      | 0      | 2    | 0    | -    | -    | -     | 0    | 1    | 
|FIR                       | (PCIN+(A'*B)')'  | 0      | 5      | -      | -      | 27     | 1    | 0    | -    | -    | -     | 1    | 1    | 
|FIR                       | ((A''*B)')'      | 0      | 18     | -      | -      | 27     | 2    | 0    | -    | -    | -     | 1    | 1    | 
|FIR                       | (A'*B)'          | 0      | 18     | -      | -      | 0      | 1    | 0    | -    | -    | -     | 0    | 1    | 
|FIR                       | (PCIN+(A'*B)')'  | 0      | 2      | -      | -      | 0      | 1    | 0    | -    | -    | -     | 1    | 1    | 
|lab7_block_design_FIR_0_0 | (PCIN+A:B)'      | 30     | 18     | -      | -      | 28     | 0    | 0    | -    | -    | -     | 0    | 1    | 
|lab7_block_design_FIR_0_0 | ((A''*B)')'      | 30     | 7      | -      | -      | 27     | 2    | 0    | -    | -    | -     | 1    | 1    | 
|lab7_block_design_FIR_0_0 | (A''*B)'         | 0      | 18     | -      | -      | 0      | 2    | 0    | -    | -    | -     | 0    | 1    | 
|FIR                       | (PCIN+(A''*B)')' | 30     | 18     | -      | -      | 0      | 2    | 0    | -    | -    | -     | 1    | 1    | 
|lab7_block_design_FIR_0_0 | (PCIN+A:B)'      | 30     | 18     | -      | -      | 28     | 0    | 0    | -    | -    | -     | 0    | 1    | 
|lab7_block_design_FIR_0_0 | ((A''*B)')'      | 30     | 18     | -      | -      | 27     | 2    | 0    | -    | -    | -     | 1    | 1    | 
|lab7_block_design_FIR_0_0 | (A''*B)'         | 0      | 10     | -      | -      | 0      | 2    | 0    | -    | -    | -     | 0    | 1    | 
|lab7_block_design_FIR_0_0 | (PCIN+(A''*B)')' | 30     | 10     | -      | -      | 27     | 2    | 0    | -    | -    | -     | 1    | 1    | 
|lab7_block_design_FIR_0_0 | (A''*B)'         | 0      | 10     | -      | -      | 0      | 2    | 0    | -    | -    | -     | 0    | 1    | 
|lab7_block_design_FIR_0_0 | (PCIN+(A'*B)')'  | 0      | 10     | -      | -      | 27     | 1    | 0    | -    | -    | -     | 1    | 1    | 
|lab7_block_design_FIR_0_0 | ((A''*B)')'      | 0      | 18     | -      | -      | 27     | 2    | 0    | -    | -    | -     | 1    | 1    | 
|FIR                       | (A''*B)'         | 0      | 18     | -      | -      | 0      | 2    | 0    | -    | -    | -     | 0    | 1    | 
|lab7_block_design_FIR_0_0 | (PCIN+(A''*B)')' | 30     | 7      | -      | -      | 0      | 2    | 0    | -    | -    | -     | 1    | 1    | 
|lab7_block_design_FIR_0_0 | (PCIN+A:B)'      | 30     | 18     | -      | -      | 28     | 0    | 0    | -    | -    | -     | 0    | 1    | 
|lab7_block_design_FIR_0_0 | (A'*B)'          | 30     | 2      | -      | -      | 19     | 1    | 0    | -    | -    | -     | 0    | 1    | 
|lab7_block_design_FIR_0_0 | ((A''*B)')'      | 0      | 18     | -      | -      | 27     | 2    | 0    | -    | -    | -     | 1    | 1    | 
|lab7_block_design_FIR_0_0 | (A''*B)'         | 0      | 5      | -      | -      | 22     | 2    | 0    | -    | -    | -     | 0    | 1    | 
|lab7_block_design_FIR_0_0 | (A''*B)'         | 0      | 18     | -      | -      | 0      | 2    | 0    | -    | -    | -     | 0    | 1    | 
|lab7_block_design_FIR_0_0 | (PCIN+(A'*B)')'  | 0      | 18     | -      | -      | 27     | 1    | 0    | -    | -    | -     | 1    | 1    | 
|lab7_block_design_FIR_0_0 | ((A''*B)')'      | 0      | 7      | -      | -      | 27     | 2    | 0    | -    | -    | -     | 1    | 1    | 
|lab7_block_design_FIR_0_0 | (A'*B)'          | 0      | 7      | -      | -      | 0      | 1    | 0    | -    | -    | -     | 0    | 1    | 
|lab7_block_design_FIR_0_0 | (PCIN+(A''*B)')' | 30     | 18     | -      | -      | 0      | 2    | 0    | -    | -    | -     | 1    | 1    | 
|lab7_block_design_FIR_0_0 | (PCIN+A:B)'      | 30     | 18     | -      | -      | 28     | 0    | 0    | -    | -    | -     | 0    | 1    | 
+--------------------------+------------------+--------+--------+--------+--------+--------+------+------+------+------+-------+------+------+


Report BlackBoxes: 
+-+--------------+----------+
| |BlackBox name |Instances |
+-+--------------+----------+
+-+--------------+----------+

Report Cell Usage: 
+------+--------+------+
|      |Cell    |Count |
+------+--------+------+
|1     |CARRY4  |   110|
|2     |DSP48E1 |    28|
|13    |LUT1    |    31|
|14    |LUT2    |   378|
|15    |LUT3    |     4|
|16    |LUT4    |     2|
|17    |SRL16E  |    80|
|18    |FDRE    |   559|
+------+--------+------+
---------------------------------------------------------------------------------
Finished Writing Synthesis Report : Time (s): cpu = 00:00:19 ; elapsed = 00:00:20 . Memory (MB): peak = 3258.551 ; gain = 657.703 ; free physical = 21693 ; free virtual = 27557
Synthesis current peak Physical Memory [PSS] (MB): peak = 1905.688; parent = 1634.281; children = 272.602
Synthesis current peak Virtual Memory [VSS] (MB): peak = 6644.184; parent = 3258.551; children = 3385.633
---------------------------------------------------------------------------------
Synthesis finished with 0 errors, 0 critical warnings and 1 warnings.
Synthesis Optimization Runtime : Time (s): cpu = 00:00:18 ; elapsed = 00:00:19 . Memory (MB): peak = 3258.586 ; gain = 501.883 ; free physical = 21666 ; free virtual = 27530
Synthesis Optimization Complete : Time (s): cpu = 00:00:19 ; elapsed = 00:00:20 . Memory (MB): peak = 3258.617 ; gain = 657.738 ; free physical = 21665 ; free virtual = 27530
INFO: [Project 1-571] Translating synthesized netlist
Netlist sorting complete. Time (s): cpu = 00:00:00.02 ; elapsed = 00:00:00.01 . Memory (MB): peak = 3259.086 ; gain = 0.004 ; free physical = 21869 ; free virtual = 27737
INFO: [Netlist 29-17] Analyzing 138 Unisim elements for replacement
INFO: [Netlist 29-28] Unisim Transformation completed in 0 CPU seconds
WARNING: [Netlist 29-101] Netlist 'lab7_block_design_FIR_0_0' is not ideal for floorplanning, since the cellview 'FIR' contains a large number of primitives.  Please consider enabling hierarchy in synthesis if you want to do floorplanning.
INFO: [Project 1-570] Preparing netlist for logic optimization
INFO: [Opt 31-138] Pushed 0 inverter(s) to 0 load pin(s).
Netlist sorting complete. Time (s): cpu = 00:00:00 ; elapsed = 00:00:00 . Memory (MB): peak = 3260.605 ; gain = 0.000 ; free physical = 21751 ; free virtual = 27612
INFO: [Project 1-111] Unisim Transformation Summary:
No Unisim elements were transformed.

Synth Design complete, checksum: 2f99e980
INFO: [Common 17-83] Releasing license: Synthesis
26 Infos, 7 Warnings, 0 Critical Warnings and 0 Errors encountered.
synth_design completed successfully
synth_design: Time (s): cpu = 00:00:27 ; elapsed = 00:00:25 . Memory (MB): peak = 3260.664 ; gain = 1006.203 ; free physical = 21815 ; free virtual = 27684
INFO: [Common 17-1381] The checkpoint '/home/user/elettronica_base/labs/lab7/lab7.runs/lab7_block_design_FIR_0_0_synth_1/lab7_block_design_FIR_0_0.dcp' has been generated.
INFO: [Coretcl 2-1648] Added synthesis output to IP cache for IP lab7_block_design_FIR_0_0, cache-ID = afc715a6bd314efd
INFO: [Common 17-1381] The checkpoint '/home/user/elettronica_base/labs/lab7/lab7.runs/lab7_block_design_FIR_0_0_synth_1/lab7_block_design_FIR_0_0.dcp' has been generated.
INFO: [runtcl-4] Executing : report_utilization -file lab7_block_design_FIR_0_0_utilization_synth.rpt -pb lab7_block_design_FIR_0_0_utilization_synth.pb
INFO: [Common 17-206] Exiting Vivado at Thu Jan  8 15:26:27 2026...
