Vivado Simulator v2022.2
Copyright 1986-1999, 2001-2022 Xilinx, Inc. All Rights Reserved.
Running: /home/user/Xilinx/Vivado/2022.2/bin/unwrapped/lnx64.o/xelab --incr --debug typical --relax --mt 8 -L xil_defaultlib -L xbip_utils_v3_0_10 -L axi_utils_v2_0_6 -L xbip_pipe_v3_0_6 -L xbip_bram18k_v3_0_6 -L mult_gen_v12_0_18 -L xbip_dsp48_wrapper_v3_0_4 -L xbip_dsp48_addsub_v3_0_6 -L xbip_dsp48_multadd_v3_0_6 -L dds_compiler_v6_0_22 -L c_reg_fd_v12_0_6 -L xbip_addsub_v3_0_6 -L c_addsub_v12_0_14 -L unisims_ver -L unimacro_ver -L secureip -L xpm --snapshot tb_lab7_behav xil_defaultlib.tb_lab7 xil_defaultlib.glbl -log elaborate.log 
Using 8 slave threads.
Starting static elaboration
Pass Through NonSizing Optimizer
Completed static elaboration
Starting simulation data flow analysis
Completed simulation data flow analysis
Time Resolution for simulation is 1ps
Compiling package std.standard
Compiling package std.textio
Compiling package ieee.std_logic_1164
Compiling package ieee.numeric_std
Compiling package unisim.vcomponents
Compiling package c_addsub_v12_0_14.c_addsub_v12_0_14_viv_comp
Compiling package xbip_utils_v3_0_10.xbip_utils_v3_0_10_pkg
Compiling package xbip_pipe_v3_0_6.xbip_pipe_v3_0_6_viv_comp
Compiling package xbip_addsub_v3_0_6.xbip_addsub_v3_0_6_viv_comp
Compiling package c_addsub_v12_0_14.c_addsub_v12_0_14_pkg
Compiling package c_addsub_v12_0_14.c_addsub_v12_0_14_pkg_legacy
Compiling package c_reg_fd_v12_0_6.c_reg_fd_v12_0_6_viv_comp
Compiling package xbip_utils_v3_0_10.xcc_utils_v3_0
Compiling package dds_compiler_v6_0_22.dds_compiler_v6_0_22_viv_comp
Compiling package ieee.std_logic_arith
Compiling package ieee.std_logic_signed
Compiling package dds_compiler_v6_0_22.pkg_dds_compiler_v6_0_22
Compiling package dds_compiler_v6_0_22.dds_compiler_v6_0_22_hdl_comps
Compiling package axi_utils_v2_0_6.axi_utils_v2_0_6_pkg
Compiling package ieee.math_real
Compiling package axi_utils_v2_0_6.global_util_pkg
Compiling package axi_utils_v2_0_6.axi_utils_comps
Compiling package ieee.std_logic_unsigned
Compiling package dds_compiler_v6_0_22.pkg_betas
Compiling package dds_compiler_v6_0_22.pkg_alphas
Compiling package vl.vl_types
Compiling module xil_defaultlib.glbl
Compiling architecture behavioral of entity xil_defaultlib.ClockGen [clockgen_default]
Compiling architecture behavioral of entity xil_defaultlib.FIR [fir_default]
Compiling architecture lab7_block_design_fir_0_0_arch of entity xil_defaultlib.lab7_block_design_FIR_0_0 [lab7_block_design_fir_0_0_defaul...]
Compiling architecture structural of entity c_reg_fd_v12_0_6.c_reg_fd_v12_0_6_viv [\c_reg_fd_v12_0_6_viv(c_width=16...]
Compiling architecture muxcy_v of entity unisim.MUXCY [muxcy_default]
Compiling architecture xorcy_v of entity unisim.XORCY [xorcy_default]
Compiling architecture rtl of entity c_addsub_v12_0_14.c_addsub_v12_0_14_lut6_legacy [\c_addsub_v12_0_14_lut6_legacy(c...]
Compiling architecture synth of entity c_addsub_v12_0_14.c_addsub_v12_0_14_fabric_legacy [\c_addsub_v12_0_14_fabric_legacy...]
Compiling architecture synth of entity c_addsub_v12_0_14.c_addsub_v12_0_14_legacy [\c_addsub_v12_0_14_legacy(c_fami...]
Compiling architecture synth of entity c_addsub_v12_0_14.c_addsub_v12_0_14_viv [\c_addsub_v12_0_14_viv(c_xdevice...]
Compiling architecture xilinx of entity c_addsub_v12_0_14.c_addsub_v12_0_14 [\c_addsub_v12_0_14(c_xdevicefami...]
Compiling architecture lab7_block_design_c_addsub_0_0_arch of entity xil_defaultlib.lab7_block_design_c_addsub_0_0 [lab7_block_design_c_addsub_0_0_d...]
Compiling module unisims_ver.IBUF
Compiling module unisims_ver.MMCME2_ADV(CLKFBOUT_MULT_F=10.0,...
Compiling module unisims_ver.BUFG
Compiling module xil_defaultlib.lab7_block_design_clk_wiz_0_0_cl...
Compiling module xil_defaultlib.lab7_block_design_clk_wiz_0_0
Compiling architecture synth of entity xbip_pipe_v3_0_6.xbip_pipe_v3_0_6_viv [\xbip_pipe_v3_0_6_viv(c_latency=...]
Compiling architecture synth of entity xbip_pipe_v3_0_6.xbip_pipe_v3_0_6_viv [\xbip_pipe_v3_0_6_viv(c_latency=...]
Compiling architecture synth of entity dds_compiler_v6_0_22.dds_compiler_v6_0_22_rdy [\dds_compiler_v6_0_22_rdy(c_has_...]
Compiling architecture synth of entity xbip_pipe_v3_0_6.xbip_pipe_v3_0_6_viv [\xbip_pipe_v3_0_6_viv(c_has_ce=1...]
Compiling architecture synth of entity xbip_pipe_v3_0_6.xbip_pipe_v3_0_6_viv [\xbip_pipe_v3_0_6_viv(c_has_ce=1...]
Compiling architecture synth of entity xbip_pipe_v3_0_6.xbip_pipe_v3_0_6_viv [\xbip_pipe_v3_0_6_viv(c_has_ce=1...]
Compiling architecture synth of entity xbip_pipe_v3_0_6.xbip_pipe_v3_0_6_viv [\xbip_pipe_v3_0_6_viv(c_latency=...]
Compiling architecture synth of entity dds_compiler_v6_0_22.pipe_add [\pipe_add(c_width=16,c_seg_width...]
Compiling architecture synth of entity dds_compiler_v6_0_22.accum [\accum(c_xdevicefamily="artix7",...]
Compiling architecture synth of entity xbip_pipe_v3_0_6.xbip_pipe_v3_0_6_viv [\xbip_pipe_v3_0_6_viv(c_latency=...]
Compiling architecture synth of entity xbip_pipe_v3_0_6.xbip_pipe_v3_0_6_viv [\xbip_pipe_v3_0_6_viv(c_latency=...]
Compiling architecture synth of entity xbip_pipe_v3_0_6.xbip_pipe_v3_0_6_viv [\xbip_pipe_v3_0_6_viv(c_latency=...]
Compiling architecture synth of entity xbip_pipe_v3_0_6.xbip_pipe_v3_0_6_viv [\xbip_pipe_v3_0_6_viv(c_latency=...]
Compiling architecture synth of entity dds_compiler_v6_0_22.sin_cos [\sin_cos(c_xdevicefamily="artix7...]
Compiling architecture synth of entity xbip_pipe_v3_0_6.xbip_pipe_v3_0_6_viv [\xbip_pipe_v3_0_6_viv(c_has_ce=1...]
Compiling architecture synth of entity xbip_pipe_v3_0_6.xbip_pipe_v3_0_6_viv [\xbip_pipe_v3_0_6_viv(c_has_ce=1...]
Compiling architecture synth of entity dds_compiler_v6_0_22.dds_compiler_v6_0_22_core [\dds_compiler_v6_0_22_core(c_xde...]
Compiling architecture synth of entity dds_compiler_v6_0_22.dds_compiler_v6_0_22_viv [\dds_compiler_v6_0_22_viv(c_xdev...]
Compiling architecture xilinx of entity dds_compiler_v6_0_22.dds_compiler_v6_0_22 [\dds_compiler_v6_0_22(c_xdevicef...]
Compiling architecture lab7_block_design_dds_compiler_0_0_arch of entity xil_defaultlib.lab7_block_design_dds_compiler_0_0 [lab7_block_design_dds_compiler_0...]
Compiling architecture synth of entity dds_compiler_v6_0_22.accum [\accum(c_xdevicefamily="artix7",...]
Compiling architecture synth of entity dds_compiler_v6_0_22.dds_compiler_v6_0_22_core [\dds_compiler_v6_0_22_core(c_xde...]
Compiling architecture synth of entity dds_compiler_v6_0_22.dds_compiler_v6_0_22_viv [\dds_compiler_v6_0_22_viv(c_xdev...]
Compiling architecture xilinx of entity dds_compiler_v6_0_22.dds_compiler_v6_0_22 [\dds_compiler_v6_0_22(c_xdevicef...]
Compiling architecture lab7_block_design_dds_compiler_0_1_arch of entity xil_defaultlib.lab7_block_design_dds_compiler_0_1 [lab7_block_design_dds_compiler_0...]
Compiling architecture lab7_block_design_ila_0_0_arch of entity xil_defaultlib.lab7_block_design_ila_0_0 [lab7_block_design_ila_0_0_defaul...]
Compiling architecture structure of entity xil_defaultlib.lab7_block_design [lab7_block_design_default]
Compiling architecture structure of entity xil_defaultlib.lab7_block_design_wrapper [lab7_block_design_wrapper_defaul...]
Compiling architecture behavioral of entity xil_defaultlib.tb_lab7
Built simulation snapshot tb_lab7_behav
