Copyright 1986-2022 Xilinx, Inc. All Rights Reserved.
-----------------------------------------------------------------------------------------------
| Tool Version : Vivado v.2022.2 (win64) Build 3671981 Fri Oct 14 05:00:03 MDT 2022
| Date         : Tue Dec 30 21:17:35 2025
| Host         : LAPTOP-JR95NK3B running 64-bit major release  (build 9200)
| Command      : report_control_sets -verbose -file CounterBCD_wrapper_control_sets_placed.rpt
| Design       : CounterBCD_wrapper
| Device       : xc7a35ti
-----------------------------------------------------------------------------------------------

Control Set Information

Table of Contents
-----------------
1. Summary
2. Histogram
3. Flip-Flop Distribution
4. Detailed Control Set Information

1. Summary
----------

+----------------------------------------------------------+-------+
|                          Status                          | Count |
+----------------------------------------------------------+-------+
| Total control sets                                       |     3 |
|    Minimum number of control sets                        |     3 |
|    Addition due to synthesis replication                 |     0 |
|    Addition due to physical synthesis replication        |     0 |
| Unused register locations in slices containing registers |    12 |
+----------------------------------------------------------+-------+
* Control sets can be merged at opt_design using control_set_merge or merge_equivalent_drivers
** Run report_qor_suggestions for automated merging and remapping suggestions


2. Histogram
------------

+--------------------+-------+
|       Fanout       | Count |
+--------------------+-------+
| Total control sets |     3 |
| >= 0 to < 4        |     1 |
| >= 4 to < 6        |     1 |
| >= 6 to < 8        |     1 |
| >= 8 to < 10       |     0 |
| >= 10 to < 12      |     0 |
| >= 12 to < 14      |     0 |
| >= 14 to < 16      |     0 |
| >= 16              |     0 |
+--------------------+-------+
* Control sets can be remapped at either synth_design or opt_design


3. Flip-Flop Distribution
-------------------------

+--------------+-----------------------+------------------------+-----------------+--------------+
| Clock Enable | Synchronous Set/Reset | Asynchronous Set/Reset | Total Registers | Total Slices |
+--------------+-----------------------+------------------------+-----------------+--------------+
| No           | No                    | No                     |               1 |            1 |
| No           | No                    | Yes                    |               0 |            0 |
| No           | Yes                   | No                     |               7 |            2 |
| Yes          | No                    | No                     |               0 |            0 |
| Yes          | No                    | Yes                    |               0 |            0 |
| Yes          | Yes                   | No                     |               4 |            1 |
+--------------+-----------------------+------------------------+-----------------+--------------+


4. Detailed Control Set Information
-----------------------------------

+--------------------------------------------+---------------------------------------+---------------------------------------------------+------------------+----------------+--------------+
|                Clock Signal                |             Enable Signal             |                  Set/Reset Signal                 | Slice Load Count | Bel Load Count | Bels / Slice |
+--------------------------------------------+---------------------------------------+---------------------------------------------------+------------------+----------------+--------------+
|  CounterBCD_inst/PLL_inst/inst/clk_out_200 |                                       |                                                   |                1 |              1 |         1.00 |
|  CounterBCD_inst/PLL_inst/inst/clk_out_200 | CounterBCD_inst/TickCounter_inst/E[0] | CounterBCD_inst/count[3]_i_1__0_n_0               |                1 |              4 |         4.00 |
|  CounterBCD_inst/PLL_inst/inst/clk_out_200 |                                       | CounterBCD_inst/TickCounter_inst/count[6]_i_1_n_0 |                2 |              7 |         3.50 |
+--------------------------------------------+---------------------------------------+---------------------------------------------------+------------------+----------------+--------------+


