
*** Running vivado
    with args -log lab7_block_design_dds_compiler_0_1.vds -m64 -product Vivado -mode batch -messageDb vivado.pb -notrace -source lab7_block_design_dds_compiler_0_1.tcl


****** Vivado v2022.2 (64-bit)
  **** SW Build 3671981 on Fri Oct 14 04:59:54 MDT 2022
  **** IP Build 3669848 on Fri Oct 14 08:30:02 MDT 2022
    ** Copyright 1986-2022 Xilinx, Inc. All Rights Reserved.

source lab7_block_design_dds_compiler_0_1.tcl -notrace
create_project: Time (s): cpu = 00:00:05 ; elapsed = 00:00:05 . Memory (MB): peak = 2217.168 ; gain = 63.160 ; free physical = 26905 ; free virtual = 32736
INFO: [IP_Flow 19-6924] IPCACHE: Running cache check for IP inst: lab7_block_design_dds_compiler_0_1
Command: synth_design -top lab7_block_design_dds_compiler_0_1 -part xc7a35ticsg324-1L -incremental_mode off -mode out_of_context
Starting synth_design
Attempting to get a license for feature 'Synthesis' and/or device 'xc7a35ti'
INFO: [Common 17-349] Got license for feature 'Synthesis' and/or device 'xc7a35ti'
INFO: [Device 21-403] Loading part xc7a35ticsg324-1L
INFO: [Synth 8-7079] Multithreading enabled for synth_design using a maximum of 4 processes.
INFO: [Synth 8-7078] Launching helper process for spawning children vivado processes
INFO: [Synth 8-7075] Helper process launched with PID 36648
INFO: [Synth 8-11241] undeclared symbol 'REGCCE', assumed default net type 'wire' [/home/user/Xilinx/Vivado/2022.2/data/verilog/src/unimacro/BRAM_SINGLE_MACRO.v:2170]
---------------------------------------------------------------------------------
Starting RTL Elaboration : Time (s): cpu = 00:00:05 ; elapsed = 00:00:06 . Memory (MB): peak = 3033.797 ; gain = 431.781 ; free physical = 21697 ; free virtual = 27542
Synthesis current peak Physical Memory [PSS] (MB): peak = 1650.741; parent = 1378.252; children = 272.489
Synthesis current peak Virtual Memory [VSS] (MB): peak = 6276.230; parent = 2951.137; children = 3325.094
---------------------------------------------------------------------------------
INFO: [Synth 8-638] synthesizing module 'lab7_block_design_dds_compiler_0_1' [/home/user/elettronica_base/labs/lab7/lab7.gen/sources_1/bd/lab7_block_design/ip/lab7_block_design_dds_compiler_0_1/synth/lab7_block_design_dds_compiler_0_1.vhd:67]
WARNING: [Synth 8-5640] Port 'debug_axi_pinc_in' is missing in component declaration [/home/user/elettronica_base/labs/lab7/lab7.gen/sources_1/bd/lab7_block_design/ip/lab7_block_design_dds_compiler_0_1/synth/lab7_block_design_dds_compiler_0_1.vhd:70]
WARNING: [Synth 8-5640] Port 'debug_axi_poff_in' is missing in component declaration [/home/user/elettronica_base/labs/lab7/lab7.gen/sources_1/bd/lab7_block_design/ip/lab7_block_design_dds_compiler_0_1/synth/lab7_block_design_dds_compiler_0_1.vhd:70]
WARNING: [Synth 8-5640] Port 'debug_axi_resync_in' is missing in component declaration [/home/user/elettronica_base/labs/lab7/lab7.gen/sources_1/bd/lab7_block_design/ip/lab7_block_design_dds_compiler_0_1/synth/lab7_block_design_dds_compiler_0_1.vhd:70]
WARNING: [Synth 8-5640] Port 'debug_axi_chan_in' is missing in component declaration [/home/user/elettronica_base/labs/lab7/lab7.gen/sources_1/bd/lab7_block_design/ip/lab7_block_design_dds_compiler_0_1/synth/lab7_block_design_dds_compiler_0_1.vhd:70]
WARNING: [Synth 8-5640] Port 'debug_core_nd' is missing in component declaration [/home/user/elettronica_base/labs/lab7/lab7.gen/sources_1/bd/lab7_block_design/ip/lab7_block_design_dds_compiler_0_1/synth/lab7_block_design_dds_compiler_0_1.vhd:70]
WARNING: [Synth 8-5640] Port 'debug_phase' is missing in component declaration [/home/user/elettronica_base/labs/lab7/lab7.gen/sources_1/bd/lab7_block_design/ip/lab7_block_design_dds_compiler_0_1/synth/lab7_block_design_dds_compiler_0_1.vhd:70]
WARNING: [Synth 8-5640] Port 'debug_phase_nd' is missing in component declaration [/home/user/elettronica_base/labs/lab7/lab7.gen/sources_1/bd/lab7_block_design/ip/lab7_block_design_dds_compiler_0_1/synth/lab7_block_design_dds_compiler_0_1.vhd:70]
	Parameter C_XDEVICEFAMILY bound to: artix7 - type: string 
	Parameter C_MODE_OF_OPERATION bound to: 0 - type: integer 
	Parameter C_MODULUS bound to: 9 - type: integer 
	Parameter C_ACCUMULATOR_WIDTH bound to: 16 - type: integer 
	Parameter C_CHANNELS bound to: 1 - type: integer 
	Parameter C_HAS_PHASE_OUT bound to: 0 - type: integer 
	Parameter C_HAS_PHASEGEN bound to: 1 - type: integer 
	Parameter C_HAS_SINCOS bound to: 1 - type: integer 
	Parameter C_LATENCY bound to: 7 - type: integer 
	Parameter C_MEM_TYPE bound to: 1 - type: integer 
	Parameter C_NEGATIVE_COSINE bound to: 0 - type: integer 
	Parameter C_NEGATIVE_SINE bound to: 0 - type: integer 
	Parameter C_NOISE_SHAPING bound to: 0 - type: integer 
	Parameter C_OUTPUTS_REQUIRED bound to: 0 - type: integer 
	Parameter C_OUTPUT_FORM bound to: 0 - type: integer 
	Parameter C_OUTPUT_WIDTH bound to: 15 - type: integer 
	Parameter C_PHASE_ANGLE_WIDTH bound to: 15 - type: integer 
	Parameter C_PHASE_INCREMENT bound to: 2 - type: integer 
	Parameter C_PHASE_INCREMENT_VALUE bound to: 100111111111111,0,0,0,0,0,0,0,0,0,0,0,0,0,0,0 - type: string 
	Parameter C_RESYNC bound to: 0 - type: integer 
	Parameter C_PHASE_OFFSET bound to: 0 - type: integer 
	Parameter C_PHASE_OFFSET_VALUE bound to: 0,0,0,0,0,0,0,0,0,0,0,0,0,0,0,0 - type: string 
	Parameter C_OPTIMISE_GOAL bound to: 0 - type: integer 
	Parameter C_USE_DSP48 bound to: 0 - type: integer 
	Parameter C_POR_MODE bound to: 0 - type: integer 
	Parameter C_AMPLITUDE bound to: 0 - type: integer 
	Parameter C_HAS_ACLKEN bound to: 0 - type: integer 
	Parameter C_HAS_ARESETN bound to: 0 - type: integer 
	Parameter C_HAS_TLAST bound to: 0 - type: integer 
	Parameter C_HAS_TREADY bound to: 0 - type: integer 
	Parameter C_HAS_S_PHASE bound to: 0 - type: integer 
	Parameter C_S_PHASE_TDATA_WIDTH bound to: 1 - type: integer 
	Parameter C_S_PHASE_HAS_TUSER bound to: 0 - type: integer 
	Parameter C_S_PHASE_TUSER_WIDTH bound to: 1 - type: integer 
	Parameter C_HAS_S_CONFIG bound to: 0 - type: integer 
	Parameter C_S_CONFIG_SYNC_MODE bound to: 0 - type: integer 
	Parameter C_S_CONFIG_TDATA_WIDTH bound to: 1 - type: integer 
	Parameter C_HAS_M_DATA bound to: 1 - type: integer 
	Parameter C_M_DATA_TDATA_WIDTH bound to: 16 - type: integer 
	Parameter C_M_DATA_HAS_TUSER bound to: 0 - type: integer 
	Parameter C_M_DATA_TUSER_WIDTH bound to: 1 - type: integer 
	Parameter C_HAS_M_PHASE bound to: 0 - type: integer 
	Parameter C_M_PHASE_TDATA_WIDTH bound to: 1 - type: integer 
	Parameter C_M_PHASE_HAS_TUSER bound to: 0 - type: integer 
	Parameter C_M_PHASE_TUSER_WIDTH bound to: 1 - type: integer 
	Parameter C_DEBUG_INTERFACE bound to: 0 - type: integer 
	Parameter C_CHAN_WIDTH bound to: 1 - type: integer 
INFO: [Synth 8-3491] module 'dds_compiler_v6_0_22' declared at '/home/user/elettronica_base/labs/lab7/lab7.gen/sources_1/bd/lab7_block_design/ipshared/a99f/hdl/dds_compiler_v6_0_vh_rfs.vhd:47308' bound to instance 'U0' of component 'dds_compiler_v6_0_22' [/home/user/elettronica_base/labs/lab7/lab7.gen/sources_1/bd/lab7_block_design/ip/lab7_block_design_dds_compiler_0_1/synth/lab7_block_design_dds_compiler_0_1.vhd:177]
INFO: [Synth 8-256] done synthesizing module 'lab7_block_design_dds_compiler_0_1' (0#1) [/home/user/elettronica_base/labs/lab7/lab7.gen/sources_1/bd/lab7_block_design/ip/lab7_block_design_dds_compiler_0_1/synth/lab7_block_design_dds_compiler_0_1.vhd:67]
WARNING: [Synth 8-7129] Port CLK in module xbip_pipe_v3_0_6_viv__parameterized21 is either unconnected or has no load
WARNING: [Synth 8-7129] Port CE in module xbip_pipe_v3_0_6_viv__parameterized21 is either unconnected or has no load
WARNING: [Synth 8-7129] Port SCLR in module xbip_pipe_v3_0_6_viv__parameterized21 is either unconnected or has no load
WARNING: [Synth 8-7129] Port SSET in module xbip_pipe_v3_0_6_viv__parameterized21 is either unconnected or has no load
WARNING: [Synth 8-7129] Port SINIT in module xbip_pipe_v3_0_6_viv__parameterized21 is either unconnected or has no load
WARNING: [Synth 8-7129] Port CLK in module xbip_pipe_v3_0_6_viv__parameterized19 is either unconnected or has no load
WARNING: [Synth 8-7129] Port CE in module xbip_pipe_v3_0_6_viv__parameterized19 is either unconnected or has no load
WARNING: [Synth 8-7129] Port SCLR in module xbip_pipe_v3_0_6_viv__parameterized19 is either unconnected or has no load
WARNING: [Synth 8-7129] Port SSET in module xbip_pipe_v3_0_6_viv__parameterized19 is either unconnected or has no load
WARNING: [Synth 8-7129] Port SINIT in module xbip_pipe_v3_0_6_viv__parameterized19 is either unconnected or has no load
WARNING: [Synth 8-7129] Port SCLR in module xbip_pipe_v3_0_6_viv__parameterized17 is either unconnected or has no load
WARNING: [Synth 8-7129] Port SSET in module xbip_pipe_v3_0_6_viv__parameterized17 is either unconnected or has no load
WARNING: [Synth 8-7129] Port SINIT in module xbip_pipe_v3_0_6_viv__parameterized17 is either unconnected or has no load
WARNING: [Synth 8-7129] Port SCLR in module xbip_pipe_v3_0_6_viv__parameterized15 is either unconnected or has no load
WARNING: [Synth 8-7129] Port SSET in module xbip_pipe_v3_0_6_viv__parameterized15 is either unconnected or has no load
WARNING: [Synth 8-7129] Port SINIT in module xbip_pipe_v3_0_6_viv__parameterized15 is either unconnected or has no load
WARNING: [Synth 8-7129] Port SCLR in module xbip_pipe_v3_0_6_viv__parameterized13 is either unconnected or has no load
WARNING: [Synth 8-7129] Port SSET in module xbip_pipe_v3_0_6_viv__parameterized13 is either unconnected or has no load
WARNING: [Synth 8-7129] Port SINIT in module xbip_pipe_v3_0_6_viv__parameterized13 is either unconnected or has no load
WARNING: [Synth 8-7129] Port SCLR in module xbip_pipe_v3_0_6_viv__parameterized11 is either unconnected or has no load
WARNING: [Synth 8-7129] Port SSET in module xbip_pipe_v3_0_6_viv__parameterized11 is either unconnected or has no load
WARNING: [Synth 8-7129] Port SINIT in module xbip_pipe_v3_0_6_viv__parameterized11 is either unconnected or has no load
WARNING: [Synth 8-7129] Port SCLR in module sin_cos is either unconnected or has no load
WARNING: [Synth 8-7129] Port CLK in module xbip_pipe_v3_0_6_viv__parameterized9 is either unconnected or has no load
WARNING: [Synth 8-7129] Port CE in module xbip_pipe_v3_0_6_viv__parameterized9 is either unconnected or has no load
WARNING: [Synth 8-7129] Port SCLR in module xbip_pipe_v3_0_6_viv__parameterized9 is either unconnected or has no load
WARNING: [Synth 8-7129] Port SSET in module xbip_pipe_v3_0_6_viv__parameterized9 is either unconnected or has no load
WARNING: [Synth 8-7129] Port SINIT in module xbip_pipe_v3_0_6_viv__parameterized9 is either unconnected or has no load
WARNING: [Synth 8-7129] Port SCLR in module xbip_pipe_v3_0_6_viv__parameterized7 is either unconnected or has no load
WARNING: [Synth 8-7129] Port SSET in module xbip_pipe_v3_0_6_viv__parameterized7 is either unconnected or has no load
WARNING: [Synth 8-7129] Port SINIT in module xbip_pipe_v3_0_6_viv__parameterized7 is either unconnected or has no load
WARNING: [Synth 8-7129] Port CLK in module xbip_pipe_v3_0_6_viv__parameterized5 is either unconnected or has no load
WARNING: [Synth 8-7129] Port CE in module xbip_pipe_v3_0_6_viv__parameterized5 is either unconnected or has no load
WARNING: [Synth 8-7129] Port SCLR in module xbip_pipe_v3_0_6_viv__parameterized5 is either unconnected or has no load
WARNING: [Synth 8-7129] Port SSET in module xbip_pipe_v3_0_6_viv__parameterized5 is either unconnected or has no load
WARNING: [Synth 8-7129] Port SINIT in module xbip_pipe_v3_0_6_viv__parameterized5 is either unconnected or has no load
WARNING: [Synth 8-7129] Port CLK in module xbip_pipe_v3_0_6_viv__parameterized3 is either unconnected or has no load
WARNING: [Synth 8-7129] Port CE in module xbip_pipe_v3_0_6_viv__parameterized3 is either unconnected or has no load
WARNING: [Synth 8-7129] Port SCLR in module xbip_pipe_v3_0_6_viv__parameterized3 is either unconnected or has no load
WARNING: [Synth 8-7129] Port SSET in module xbip_pipe_v3_0_6_viv__parameterized3 is either unconnected or has no load
WARNING: [Synth 8-7129] Port SINIT in module xbip_pipe_v3_0_6_viv__parameterized3 is either unconnected or has no load
WARNING: [Synth 8-7129] Port chan_addr[0] in module accum is either unconnected or has no load
WARNING: [Synth 8-7129] Port chan_addr_del2[0] in module accum is either unconnected or has no load
WARNING: [Synth 8-7129] Port chan_addr_del3[0] in module accum is either unconnected or has no load
WARNING: [Synth 8-7129] Port addr_i[3] in module accum is either unconnected or has no load
WARNING: [Synth 8-7129] Port addr_i[2] in module accum is either unconnected or has no load
WARNING: [Synth 8-7129] Port addr_i[1] in module accum is either unconnected or has no load
WARNING: [Synth 8-7129] Port addr_i[0] in module accum is either unconnected or has no load
WARNING: [Synth 8-7129] Port phase_inc_we in module accum is either unconnected or has no load
WARNING: [Synth 8-7129] Port phase_adj_we in module accum is either unconnected or has no load
WARNING: [Synth 8-7129] Port poff_in[15] in module accum is either unconnected or has no load
WARNING: [Synth 8-7129] Port poff_in[14] in module accum is either unconnected or has no load
WARNING: [Synth 8-7129] Port poff_in[13] in module accum is either unconnected or has no load
WARNING: [Synth 8-7129] Port poff_in[12] in module accum is either unconnected or has no load
WARNING: [Synth 8-7129] Port poff_in[11] in module accum is either unconnected or has no load
WARNING: [Synth 8-7129] Port poff_in[10] in module accum is either unconnected or has no load
WARNING: [Synth 8-7129] Port poff_in[9] in module accum is either unconnected or has no load
WARNING: [Synth 8-7129] Port poff_in[8] in module accum is either unconnected or has no load
WARNING: [Synth 8-7129] Port poff_in[7] in module accum is either unconnected or has no load
WARNING: [Synth 8-7129] Port poff_in[6] in module accum is either unconnected or has no load
WARNING: [Synth 8-7129] Port poff_in[5] in module accum is either unconnected or has no load
WARNING: [Synth 8-7129] Port poff_in[4] in module accum is either unconnected or has no load
WARNING: [Synth 8-7129] Port poff_in[3] in module accum is either unconnected or has no load
WARNING: [Synth 8-7129] Port poff_in[2] in module accum is either unconnected or has no load
WARNING: [Synth 8-7129] Port poff_in[1] in module accum is either unconnected or has no load
WARNING: [Synth 8-7129] Port poff_in[0] in module accum is either unconnected or has no load
WARNING: [Synth 8-7129] Port data_i[15] in module accum is either unconnected or has no load
WARNING: [Synth 8-7129] Port data_i[14] in module accum is either unconnected or has no load
WARNING: [Synth 8-7129] Port data_i[13] in module accum is either unconnected or has no load
WARNING: [Synth 8-7129] Port data_i[12] in module accum is either unconnected or has no load
WARNING: [Synth 8-7129] Port data_i[11] in module accum is either unconnected or has no load
WARNING: [Synth 8-7129] Port data_i[10] in module accum is either unconnected or has no load
WARNING: [Synth 8-7129] Port data_i[9] in module accum is either unconnected or has no load
WARNING: [Synth 8-7129] Port data_i[8] in module accum is either unconnected or has no load
WARNING: [Synth 8-7129] Port data_i[7] in module accum is either unconnected or has no load
WARNING: [Synth 8-7129] Port data_i[6] in module accum is either unconnected or has no load
WARNING: [Synth 8-7129] Port data_i[5] in module accum is either unconnected or has no load
WARNING: [Synth 8-7129] Port data_i[4] in module accum is either unconnected or has no load
WARNING: [Synth 8-7129] Port data_i[3] in module accum is either unconnected or has no load
WARNING: [Synth 8-7129] Port data_i[2] in module accum is either unconnected or has no load
WARNING: [Synth 8-7129] Port data_i[1] in module accum is either unconnected or has no load
WARNING: [Synth 8-7129] Port data_i[0] in module accum is either unconnected or has no load
WARNING: [Synth 8-7129] Port SCLR in module xbip_pipe_v3_0_6_viv__parameterized1 is either unconnected or has no load
WARNING: [Synth 8-7129] Port SSET in module xbip_pipe_v3_0_6_viv__parameterized1 is either unconnected or has no load
WARNING: [Synth 8-7129] Port SINIT in module xbip_pipe_v3_0_6_viv__parameterized1 is either unconnected or has no load
WARNING: [Synth 8-7129] Port RFD in module dds_compiler_v6_0_22_core is either unconnected or has no load
WARNING: [Synth 8-7129] Port CHANNEL[0] in module dds_compiler_v6_0_22_core is either unconnected or has no load
WARNING: [Synth 8-7129] Port COSINE[14] in module dds_compiler_v6_0_22_core is either unconnected or has no load
WARNING: [Synth 8-7129] Port COSINE[13] in module dds_compiler_v6_0_22_core is either unconnected or has no load
WARNING: [Synth 8-7129] Port COSINE[12] in module dds_compiler_v6_0_22_core is either unconnected or has no load
WARNING: [Synth 8-7129] Port COSINE[11] in module dds_compiler_v6_0_22_core is either unconnected or has no load
WARNING: [Synth 8-7129] Port COSINE[10] in module dds_compiler_v6_0_22_core is either unconnected or has no load
WARNING: [Synth 8-7129] Port COSINE[9] in module dds_compiler_v6_0_22_core is either unconnected or has no load
WARNING: [Synth 8-7129] Port COSINE[8] in module dds_compiler_v6_0_22_core is either unconnected or has no load
WARNING: [Synth 8-7129] Port COSINE[7] in module dds_compiler_v6_0_22_core is either unconnected or has no load
WARNING: [Synth 8-7129] Port COSINE[6] in module dds_compiler_v6_0_22_core is either unconnected or has no load
WARNING: [Synth 8-7129] Port COSINE[5] in module dds_compiler_v6_0_22_core is either unconnected or has no load
WARNING: [Synth 8-7129] Port COSINE[4] in module dds_compiler_v6_0_22_core is either unconnected or has no load
WARNING: [Synth 8-7129] Port COSINE[3] in module dds_compiler_v6_0_22_core is either unconnected or has no load
WARNING: [Synth 8-7129] Port COSINE[2] in module dds_compiler_v6_0_22_core is either unconnected or has no load
INFO: [Common 17-14] Message 'Synth 8-7129' appears 100 times and further instances of the messages will be disabled. Use the Tcl command set_msg_config to change the current settings.
---------------------------------------------------------------------------------
Finished RTL Elaboration : Time (s): cpu = 00:00:10 ; elapsed = 00:00:12 . Memory (MB): peak = 3099.367 ; gain = 497.352 ; free physical = 21824 ; free virtual = 27673
Synthesis current peak Physical Memory [PSS] (MB): peak = 1786.995; parent = 1514.684; children = 272.489
Synthesis current peak Virtual Memory [VSS] (MB): peak = 6399.359; parent = 3074.266; children = 3325.094
---------------------------------------------------------------------------------
---------------------------------------------------------------------------------
Start Handling Custom Attributes
---------------------------------------------------------------------------------
---------------------------------------------------------------------------------
Finished Handling Custom Attributes : Time (s): cpu = 00:00:10 ; elapsed = 00:00:12 . Memory (MB): peak = 3099.367 ; gain = 497.352 ; free physical = 21824 ; free virtual = 27670
Synthesis current peak Physical Memory [PSS] (MB): peak = 1786.995; parent = 1514.684; children = 272.489
Synthesis current peak Virtual Memory [VSS] (MB): peak = 6417.906; parent = 3092.812; children = 3325.094
---------------------------------------------------------------------------------
---------------------------------------------------------------------------------
Finished RTL Optimization Phase 1 : Time (s): cpu = 00:00:10 ; elapsed = 00:00:12 . Memory (MB): peak = 3099.367 ; gain = 497.352 ; free physical = 21824 ; free virtual = 27670
Synthesis current peak Physical Memory [PSS] (MB): peak = 1786.995; parent = 1514.684; children = 272.489
Synthesis current peak Virtual Memory [VSS] (MB): peak = 6417.906; parent = 3092.812; children = 3325.094
---------------------------------------------------------------------------------
Netlist sorting complete. Time (s): cpu = 00:00:00.01 ; elapsed = 00:00:00 . Memory (MB): peak = 3099.367 ; gain = 0.000 ; free physical = 21826 ; free virtual = 27672
INFO: [Project 1-570] Preparing netlist for logic optimization

Processing XDC Constraints
Initializing timing engine
Parsing XDC File [/home/user/elettronica_base/labs/lab7/lab7.gen/sources_1/bd/lab7_block_design/ip/lab7_block_design_dds_compiler_0_1/lab7_block_design_dds_compiler_0_1_ooc.xdc] for cell 'U0'
Finished Parsing XDC File [/home/user/elettronica_base/labs/lab7/lab7.gen/sources_1/bd/lab7_block_design/ip/lab7_block_design_dds_compiler_0_1/lab7_block_design_dds_compiler_0_1_ooc.xdc] for cell 'U0'
Parsing XDC File [/home/user/elettronica_base/labs/lab7/lab7.runs/lab7_block_design_dds_compiler_0_1_synth_1/dont_touch.xdc]
Finished Parsing XDC File [/home/user/elettronica_base/labs/lab7/lab7.runs/lab7_block_design_dds_compiler_0_1_synth_1/dont_touch.xdc]
Completed Processing XDC Constraints

Netlist sorting complete. Time (s): cpu = 00:00:00 ; elapsed = 00:00:00 . Memory (MB): peak = 3242.043 ; gain = 0.000 ; free physical = 21706 ; free virtual = 27568
INFO: [Project 1-111] Unisim Transformation Summary:
No Unisim elements were transformed.

Constraint Validation Runtime : Time (s): cpu = 00:00:00.05 ; elapsed = 00:00:00.06 . Memory (MB): peak = 3242.762 ; gain = 0.703 ; free physical = 21716 ; free virtual = 27578
INFO: [Designutils 20-5008] Incremental synthesis strategy off
INFO: [Synth 8-11241] undeclared symbol 'REGCCE', assumed default net type 'wire' [/home/user/Xilinx/Vivado/2022.2/data/verilog/src/unimacro/BRAM_SINGLE_MACRO.v:2170]
---------------------------------------------------------------------------------
Finished Constraint Validation : Time (s): cpu = 00:00:15 ; elapsed = 00:00:17 . Memory (MB): peak = 3242.871 ; gain = 640.855 ; free physical = 21719 ; free virtual = 27586
Synthesis current peak Physical Memory [PSS] (MB): peak = 1786.995; parent = 1514.684; children = 272.489
Synthesis current peak Virtual Memory [VSS] (MB): peak = 6542.727; parent = 3217.633; children = 3325.094
---------------------------------------------------------------------------------
---------------------------------------------------------------------------------
Start Loading Part and Timing Information
---------------------------------------------------------------------------------
Loading part: xc7a35ticsg324-1L
---------------------------------------------------------------------------------
Finished Loading Part and Timing Information : Time (s): cpu = 00:00:15 ; elapsed = 00:00:17 . Memory (MB): peak = 3242.871 ; gain = 640.855 ; free physical = 21715 ; free virtual = 27581
Synthesis current peak Physical Memory [PSS] (MB): peak = 1786.995; parent = 1514.684; children = 272.489
Synthesis current peak Virtual Memory [VSS] (MB): peak = 6542.852; parent = 3217.758; children = 3325.094
---------------------------------------------------------------------------------
---------------------------------------------------------------------------------
Start Applying 'set_property' XDC Constraints
---------------------------------------------------------------------------------
Applied set_property KEEP_HIERARCHY = SOFT for U0. (constraint file  /home/user/elettronica_base/labs/lab7/lab7.runs/lab7_block_design_dds_compiler_0_1_synth_1/dont_touch.xdc, line 9).
---------------------------------------------------------------------------------
Finished applying 'set_property' XDC Constraints : Time (s): cpu = 00:00:15 ; elapsed = 00:00:17 . Memory (MB): peak = 3242.871 ; gain = 640.855 ; free physical = 21714 ; free virtual = 27581
Synthesis current peak Physical Memory [PSS] (MB): peak = 1786.995; parent = 1514.684; children = 272.489
Synthesis current peak Virtual Memory [VSS] (MB): peak = 6542.902; parent = 3217.809; children = 3325.094
---------------------------------------------------------------------------------
WARNING: [Synth 8-6040] Register i_rtl.i_quarter_table.i_has_sin.i_addr_mod_stage1.mod_sin_addr_reg driving address of a ROM cannot be packed in BRAM/URAM because of presence of initial value.
---------------------------------------------------------------------------------
Finished RTL Optimization Phase 2 : Time (s): cpu = 00:00:16 ; elapsed = 00:00:18 . Memory (MB): peak = 3242.871 ; gain = 640.855 ; free physical = 21711 ; free virtual = 27578
Synthesis current peak Physical Memory [PSS] (MB): peak = 1786.995; parent = 1514.684; children = 272.489
Synthesis current peak Virtual Memory [VSS] (MB): peak = 6543.934; parent = 3218.840; children = 3325.094
---------------------------------------------------------------------------------
---------------------------------------------------------------------------------
Start RTL Component Statistics 
---------------------------------------------------------------------------------
---------------------------------------------------------------------------------
Finished RTL Component Statistics 
---------------------------------------------------------------------------------
---------------------------------------------------------------------------------
Start Part Resource Summary
---------------------------------------------------------------------------------
Part Resources:
DSPs: 90 (col length:60)
BRAMs: 100 (col length: RAMB18 60 RAMB36 30)
---------------------------------------------------------------------------------
Finished Part Resource Summary
---------------------------------------------------------------------------------
---------------------------------------------------------------------------------
Start Cross Boundary and Area Optimization
---------------------------------------------------------------------------------
WARNING: [Synth 8-7080] Parallel synthesis criteria is not met
---------------------------------------------------------------------------------
Finished Cross Boundary and Area Optimization : Time (s): cpu = 00:00:16 ; elapsed = 00:00:18 . Memory (MB): peak = 3242.871 ; gain = 640.855 ; free physical = 21751 ; free virtual = 27618
Synthesis current peak Physical Memory [PSS] (MB): peak = 1786.995; parent = 1514.684; children = 272.489
Synthesis current peak Virtual Memory [VSS] (MB): peak = 6545.445; parent = 3220.352; children = 3325.094
---------------------------------------------------------------------------------
---------------------------------------------------------------------------------
Start Applying XDC Timing Constraints
---------------------------------------------------------------------------------
---------------------------------------------------------------------------------
Finished Applying XDC Timing Constraints : Time (s): cpu = 00:00:21 ; elapsed = 00:00:23 . Memory (MB): peak = 3264.605 ; gain = 662.590 ; free physical = 22002 ; free virtual = 27875
Synthesis current peak Physical Memory [PSS] (MB): peak = 1819.311; parent = 1539.288; children = 280.022
Synthesis current peak Virtual Memory [VSS] (MB): peak = 6589.699; parent = 3264.605; children = 3325.094
---------------------------------------------------------------------------------
---------------------------------------------------------------------------------
Start Timing Optimization
---------------------------------------------------------------------------------
---------------------------------------------------------------------------------
Finished Timing Optimization : Time (s): cpu = 00:00:21 ; elapsed = 00:00:23 . Memory (MB): peak = 3264.926 ; gain = 662.910 ; free physical = 21993 ; free virtual = 27865
Synthesis current peak Physical Memory [PSS] (MB): peak = 1823.378; parent = 1543.361; children = 280.022
Synthesis current peak Virtual Memory [VSS] (MB): peak = 6590.020; parent = 3264.926; children = 3325.094
---------------------------------------------------------------------------------
---------------------------------------------------------------------------------
Start Technology Mapping
---------------------------------------------------------------------------------
---------------------------------------------------------------------------------
Finished Technology Mapping : Time (s): cpu = 00:00:21 ; elapsed = 00:00:23 . Memory (MB): peak = 3265.145 ; gain = 663.129 ; free physical = 21947 ; free virtual = 27819
Synthesis current peak Physical Memory [PSS] (MB): peak = 1825.462; parent = 1545.446; children = 280.022
Synthesis current peak Virtual Memory [VSS] (MB): peak = 6590.238; parent = 3265.145; children = 3325.094
---------------------------------------------------------------------------------
---------------------------------------------------------------------------------
Start IO Insertion
---------------------------------------------------------------------------------
---------------------------------------------------------------------------------
Start Flattening Before IO Insertion
---------------------------------------------------------------------------------
---------------------------------------------------------------------------------
Finished Flattening Before IO Insertion
---------------------------------------------------------------------------------
---------------------------------------------------------------------------------
Start Final Netlist Cleanup
---------------------------------------------------------------------------------
---------------------------------------------------------------------------------
Finished Final Netlist Cleanup
---------------------------------------------------------------------------------
---------------------------------------------------------------------------------
Finished IO Insertion : Time (s): cpu = 00:00:24 ; elapsed = 00:00:26 . Memory (MB): peak = 3265.266 ; gain = 663.250 ; free physical = 21940 ; free virtual = 27787
Synthesis current peak Physical Memory [PSS] (MB): peak = 1825.462; parent = 1545.446; children = 280.022
Synthesis current peak Virtual Memory [VSS] (MB): peak = 6590.359; parent = 3265.266; children = 3325.094
---------------------------------------------------------------------------------
---------------------------------------------------------------------------------
Start Renaming Generated Instances
---------------------------------------------------------------------------------
---------------------------------------------------------------------------------
Finished Renaming Generated Instances : Time (s): cpu = 00:00:24 ; elapsed = 00:00:26 . Memory (MB): peak = 3265.281 ; gain = 663.266 ; free physical = 21940 ; free virtual = 27787
Synthesis current peak Physical Memory [PSS] (MB): peak = 1825.462; parent = 1545.446; children = 280.022
Synthesis current peak Virtual Memory [VSS] (MB): peak = 6590.375; parent = 3265.281; children = 3325.094
---------------------------------------------------------------------------------
---------------------------------------------------------------------------------
Start Rebuilding User Hierarchy
---------------------------------------------------------------------------------
---------------------------------------------------------------------------------
Finished Rebuilding User Hierarchy : Time (s): cpu = 00:00:24 ; elapsed = 00:00:26 . Memory (MB): peak = 3265.340 ; gain = 663.324 ; free physical = 21940 ; free virtual = 27787
Synthesis current peak Physical Memory [PSS] (MB): peak = 1825.462; parent = 1545.446; children = 280.022
Synthesis current peak Virtual Memory [VSS] (MB): peak = 6590.434; parent = 3265.340; children = 3325.094
---------------------------------------------------------------------------------
---------------------------------------------------------------------------------
Start Renaming Generated Ports
---------------------------------------------------------------------------------
---------------------------------------------------------------------------------
Finished Renaming Generated Ports : Time (s): cpu = 00:00:24 ; elapsed = 00:00:26 . Memory (MB): peak = 3265.348 ; gain = 663.332 ; free physical = 21940 ; free virtual = 27787
Synthesis current peak Physical Memory [PSS] (MB): peak = 1825.462; parent = 1545.446; children = 280.022
Synthesis current peak Virtual Memory [VSS] (MB): peak = 6590.441; parent = 3265.348; children = 3325.094
---------------------------------------------------------------------------------
---------------------------------------------------------------------------------
Start Handling Custom Attributes
---------------------------------------------------------------------------------
---------------------------------------------------------------------------------
Finished Handling Custom Attributes : Time (s): cpu = 00:00:24 ; elapsed = 00:00:26 . Memory (MB): peak = 3265.383 ; gain = 663.367 ; free physical = 21940 ; free virtual = 27787
Synthesis current peak Physical Memory [PSS] (MB): peak = 1825.462; parent = 1545.446; children = 280.022
Synthesis current peak Virtual Memory [VSS] (MB): peak = 6590.477; parent = 3265.383; children = 3325.094
---------------------------------------------------------------------------------
---------------------------------------------------------------------------------
Start Renaming Generated Nets
---------------------------------------------------------------------------------
---------------------------------------------------------------------------------
Finished Renaming Generated Nets : Time (s): cpu = 00:00:24 ; elapsed = 00:00:26 . Memory (MB): peak = 3265.387 ; gain = 663.371 ; free physical = 21940 ; free virtual = 27787
Synthesis current peak Physical Memory [PSS] (MB): peak = 1825.462; parent = 1545.446; children = 280.022
Synthesis current peak Virtual Memory [VSS] (MB): peak = 6590.480; parent = 3265.387; children = 3325.094
---------------------------------------------------------------------------------
---------------------------------------------------------------------------------
Start Writing Synthesis Report
---------------------------------------------------------------------------------

Report BlackBoxes: 
+-+--------------+----------+
| |BlackBox name |Instances |
+-+--------------+----------+
+-+--------------+----------+

Report Cell Usage: 
+------+---------+------+
|      |Cell     |Count |
+------+---------+------+
|1     |CARRY4   |     4|
|2     |LUT1     |    13|
|3     |LUT2     |    25|
|4     |LUT3     |    18|
|5     |LUT4     |     8|
|6     |LUT5     |     5|
|7     |LUT6     |    11|
|8     |RAMB18E1 |     1|
|9     |RAMB36E1 |     3|
|12    |SRL16E   |     3|
|13    |FDRE     |   133|
+------+---------+------+
---------------------------------------------------------------------------------
Finished Writing Synthesis Report : Time (s): cpu = 00:00:24 ; elapsed = 00:00:26 . Memory (MB): peak = 3265.414 ; gain = 663.398 ; free physical = 21933 ; free virtual = 27780
Synthesis current peak Physical Memory [PSS] (MB): peak = 1825.462; parent = 1545.446; children = 280.022
Synthesis current peak Virtual Memory [VSS] (MB): peak = 6590.508; parent = 3265.414; children = 3325.094
---------------------------------------------------------------------------------
Synthesis finished with 0 errors, 0 critical warnings and 18 warnings.
Synthesis Optimization Runtime : Time (s): cpu = 00:00:22 ; elapsed = 00:00:24 . Memory (MB): peak = 3265.449 ; gain = 519.930 ; free physical = 21933 ; free virtual = 27780
Synthesis Optimization Complete : Time (s): cpu = 00:00:24 ; elapsed = 00:00:26 . Memory (MB): peak = 3265.480 ; gain = 663.434 ; free physical = 21933 ; free virtual = 27780
INFO: [Project 1-571] Translating synthesized netlist
Netlist sorting complete. Time (s): cpu = 00:00:00 ; elapsed = 00:00:00 . Memory (MB): peak = 3265.918 ; gain = 0.000 ; free physical = 22162 ; free virtual = 28016
INFO: [Netlist 29-17] Analyzing 8 Unisim elements for replacement
INFO: [Netlist 29-28] Unisim Transformation completed in 0 CPU seconds
INFO: [Project 1-570] Preparing netlist for logic optimization
INFO: [Opt 31-138] Pushed 0 inverter(s) to 0 load pin(s).
Netlist sorting complete. Time (s): cpu = 00:00:00 ; elapsed = 00:00:00 . Memory (MB): peak = 3292.680 ; gain = 0.000 ; free physical = 22326 ; free virtual = 28193
INFO: [Project 1-111] Unisim Transformation Summary:
No Unisim elements were transformed.

Synth Design complete, checksum: 50c24b84
INFO: [Common 17-83] Releasing license: Synthesis
22 Infos, 109 Warnings, 0 Critical Warnings and 0 Errors encountered.
synth_design completed successfully
synth_design: Time (s): cpu = 00:00:32 ; elapsed = 00:00:31 . Memory (MB): peak = 3292.750 ; gain = 1039.113 ; free physical = 22567 ; free virtual = 28418
INFO: [Common 17-1381] The checkpoint '/home/user/elettronica_base/labs/lab7/lab7.runs/lab7_block_design_dds_compiler_0_1_synth_1/lab7_block_design_dds_compiler_0_1.dcp' has been generated.
INFO: [Coretcl 2-1648] Added synthesis output to IP cache for IP lab7_block_design_dds_compiler_0_1, cache-ID = 6628ef8437b308ec
INFO: [Coretcl 2-1174] Renamed 22 cell refs.
INFO: [Common 17-1381] The checkpoint '/home/user/elettronica_base/labs/lab7/lab7.runs/lab7_block_design_dds_compiler_0_1_synth_1/lab7_block_design_dds_compiler_0_1.dcp' has been generated.
INFO: [runtcl-4] Executing : report_utilization -file lab7_block_design_dds_compiler_0_1_utilization_synth.rpt -pb lab7_block_design_dds_compiler_0_1_utilization_synth.pb
INFO: [Common 17-206] Exiting Vivado at Thu Jan  8 15:26:33 2026...
