
*** Running vivado
    with args -log lab7_block_design_wrapper.vdi -applog -m64 -product Vivado -messageDb vivado.pb -mode batch -source lab7_block_design_wrapper.tcl -notrace


****** Vivado v2022.2 (64-bit)
  **** SW Build 3671981 on Fri Oct 14 04:59:54 MDT 2022
  **** IP Build 3669848 on Fri Oct 14 08:30:02 MDT 2022
    ** Copyright 1986-2022 Xilinx, Inc. All Rights Reserved.

source lab7_block_design_wrapper.tcl -notrace
INFO: [IP_Flow 19-234] Refreshing IP repositories
INFO: [IP_Flow 19-1704] No user IP repositories specified
INFO: [IP_Flow 19-2313] Loaded Vivado IP repository '/home/user/Xilinx/Vivado/2022.2/data/ip'.
Command: link_design -top lab7_block_design_wrapper -part xc7a35ticsg324-1L
Design is defaulting to srcset: sources_1
Design is defaulting to constrset: constrs_1
INFO: [Device 21-403] Loading part xc7a35ticsg324-1L
INFO: [Project 1-454] Reading design checkpoint '/home/user/elettronica_base/labs/lab7/lab7.gen/sources_1/bd/lab7_block_design/ip/lab7_block_design_FIR_0_0/lab7_block_design_FIR_0_0.dcp' for cell 'lab7_block_design_i/FIR_0'
INFO: [Project 1-454] Reading design checkpoint '/home/user/elettronica_base/labs/lab7/lab7.gen/sources_1/bd/lab7_block_design/ip/lab7_block_design_c_addsub_0_0/lab7_block_design_c_addsub_0_0.dcp' for cell 'lab7_block_design_i/c_addsub_0'
INFO: [Project 1-454] Reading design checkpoint '/home/user/elettronica_base/labs/lab7/lab7.gen/sources_1/bd/lab7_block_design/ip/lab7_block_design_clk_wiz_0_0/lab7_block_design_clk_wiz_0_0.dcp' for cell 'lab7_block_design_i/clk_wiz_0'
INFO: [Project 1-454] Reading design checkpoint '/home/user/elettronica_base/labs/lab7/lab7.gen/sources_1/bd/lab7_block_design/ip/lab7_block_design_dds_compiler_0_0/lab7_block_design_dds_compiler_0_0.dcp' for cell 'lab7_block_design_i/dds_compiler_0'
INFO: [Project 1-454] Reading design checkpoint '/home/user/elettronica_base/labs/lab7/lab7.gen/sources_1/bd/lab7_block_design/ip/lab7_block_design_dds_compiler_0_1/lab7_block_design_dds_compiler_0_1.dcp' for cell 'lab7_block_design_i/dds_compiler_1'
INFO: [Project 1-454] Reading design checkpoint '/home/user/elettronica_base/labs/lab7/lab7.gen/sources_1/bd/lab7_block_design/ip/lab7_block_design_ila_0_0/lab7_block_design_ila_0_0.dcp' for cell 'lab7_block_design_i/ila_0'
Netlist sorting complete. Time (s): cpu = 00:00:00.03 ; elapsed = 00:00:00.03 . Memory (MB): peak = 2694.434 ; gain = 0.059 ; free physical = 27903 ; free virtual = 33739
INFO: [Netlist 29-17] Analyzing 273 Unisim elements for replacement
INFO: [Netlist 29-28] Unisim Transformation completed in 0 CPU seconds
INFO: [Project 1-479] Netlist was created with Vivado 2022.2
INFO: [Project 1-570] Preparing netlist for logic optimization
INFO: [Chipscope 16-324] Core: lab7_block_design_i/ila_0 UUID: a50aef12-c82f-5121-ad3c-7c5dc93b34dd 
Parsing XDC File [/home/user/elettronica_base/labs/lab7/lab7.gen/sources_1/bd/lab7_block_design/ip/lab7_block_design_clk_wiz_0_0/lab7_block_design_clk_wiz_0_0_board.xdc] for cell 'lab7_block_design_i/clk_wiz_0/inst'
Finished Parsing XDC File [/home/user/elettronica_base/labs/lab7/lab7.gen/sources_1/bd/lab7_block_design/ip/lab7_block_design_clk_wiz_0_0/lab7_block_design_clk_wiz_0_0_board.xdc] for cell 'lab7_block_design_i/clk_wiz_0/inst'
Parsing XDC File [/home/user/elettronica_base/labs/lab7/lab7.gen/sources_1/bd/lab7_block_design/ip/lab7_block_design_clk_wiz_0_0/lab7_block_design_clk_wiz_0_0.xdc] for cell 'lab7_block_design_i/clk_wiz_0/inst'
INFO: [Timing 38-35] Done setting XDC timing constraints. [/home/user/elettronica_base/labs/lab7/lab7.gen/sources_1/bd/lab7_block_design/ip/lab7_block_design_clk_wiz_0_0/lab7_block_design_clk_wiz_0_0.xdc:57]
INFO: [Timing 38-2] Deriving generated clocks [/home/user/elettronica_base/labs/lab7/lab7.gen/sources_1/bd/lab7_block_design/ip/lab7_block_design_clk_wiz_0_0/lab7_block_design_clk_wiz_0_0.xdc:57]
get_clocks: Time (s): cpu = 00:00:06 ; elapsed = 00:00:05 . Memory (MB): peak = 3434.988 ; gain = 602.570 ; free physical = 27242 ; free virtual = 33081
Finished Parsing XDC File [/home/user/elettronica_base/labs/lab7/lab7.gen/sources_1/bd/lab7_block_design/ip/lab7_block_design_clk_wiz_0_0/lab7_block_design_clk_wiz_0_0.xdc] for cell 'lab7_block_design_i/clk_wiz_0/inst'
Parsing XDC File [/home/user/elettronica_base/labs/lab7/lab7.gen/sources_1/bd/lab7_block_design/ip/lab7_block_design_ila_0_0/ila_v6_2/constraints/ila_impl.xdc] for cell 'lab7_block_design_i/ila_0/U0'
Finished Parsing XDC File [/home/user/elettronica_base/labs/lab7/lab7.gen/sources_1/bd/lab7_block_design/ip/lab7_block_design_ila_0_0/ila_v6_2/constraints/ila_impl.xdc] for cell 'lab7_block_design_i/ila_0/U0'
Parsing XDC File [/home/user/elettronica_base/labs/lab7/lab7.gen/sources_1/bd/lab7_block_design/ip/lab7_block_design_ila_0_0/ila_v6_2/constraints/ila.xdc] for cell 'lab7_block_design_i/ila_0/U0'
Finished Parsing XDC File [/home/user/elettronica_base/labs/lab7/lab7.gen/sources_1/bd/lab7_block_design/ip/lab7_block_design_ila_0_0/ila_v6_2/constraints/ila.xdc] for cell 'lab7_block_design_i/ila_0/U0'
Parsing XDC File [/home/user/elettronica_base/labs/lab7/lab7.srcs/constrs_1/imports/xilinx/Arty-A7-35-Master.xdc]
Finished Parsing XDC File [/home/user/elettronica_base/labs/lab7/lab7.srcs/constrs_1/imports/xilinx/Arty-A7-35-Master.xdc]
INFO: [Opt 31-138] Pushed 0 inverter(s) to 0 load pin(s).
Netlist sorting complete. Time (s): cpu = 00:00:00 ; elapsed = 00:00:00 . Memory (MB): peak = 3436.043 ; gain = 0.000 ; free physical = 27242 ; free virtual = 33082
INFO: [Project 1-111] Unisim Transformation Summary:
  A total of 68 instances were transformed.
  CFGLUT5 => CFGLUT5 (SRL16E, SRLC32E): 68 instances

19 Infos, 0 Warnings, 0 Critical Warnings and 0 Errors encountered.
link_design completed successfully
link_design: Time (s): cpu = 00:00:11 ; elapsed = 00:00:12 . Memory (MB): peak = 3436.105 ; gain = 1050.820 ; free physical = 27251 ; free virtual = 33090
Command: opt_design
Attempting to get a license for feature 'Implementation' and/or device 'xc7a35ti'
INFO: [Common 17-349] Got license for feature 'Implementation' and/or device 'xc7a35ti'
Running DRC as a precondition to command opt_design

Starting DRC Task
INFO: [DRC 23-27] Running DRC with 8 threads
INFO: [Project 1-461] DRC finished with 0 Errors
INFO: [Project 1-462] Please refer to the DRC report (report_drc) for more information.

Time (s): cpu = 00:00:01 ; elapsed = 00:00:00.7 . Memory (MB): peak = 3504.695 ; gain = 68.516 ; free physical = 27228 ; free virtual = 33067

Starting Cache Timing Information Task
INFO: [Timing 38-35] Done setting XDC timing constraints.
Ending Cache Timing Information Task | Checksum: f43bb879

Time (s): cpu = 00:00:00.31 ; elapsed = 00:00:00.12 . Memory (MB): peak = 3504.695 ; gain = 0.000 ; free physical = 27227 ; free virtual = 33066

Starting Logic Optimization Task

Phase 1 Generate And Synthesize Debug Cores
INFO: [Chipscope 16-329] Generating Script for core instance : dbg_hub 
INFO: [IP_Flow 19-3806] Processing IP xilinx.com:ip:xsdbm:3.0 for cell dbg_hub_CV.
INFO: [Chipscope 16-469] Using cached IP synthesis design for IP xilinx.com:ip:xsdbm:3.0, cache-ID = f51371630d3af15c.
Netlist sorting complete. Time (s): cpu = 00:00:00.01 ; elapsed = 00:00:00.01 . Memory (MB): peak = 3686.195 ; gain = 0.000 ; free physical = 27008 ; free virtual = 32852
Phase 1 Generate And Synthesize Debug Cores | Checksum: 114b513d7

Time (s): cpu = 00:00:16 ; elapsed = 00:00:28 . Memory (MB): peak = 3686.199 ; gain = 21.148 ; free physical = 27008 ; free virtual = 32852

Phase 2 Retarget
INFO: [Opt 31-138] Pushed 1 inverter(s) to 1 load pin(s).
INFO: [Opt 31-49] Retargeted 0 cell(s).
Phase 2 Retarget | Checksum: 9d763cd0

Time (s): cpu = 00:00:16 ; elapsed = 00:00:28 . Memory (MB): peak = 3687.145 ; gain = 22.094 ; free physical = 27008 ; free virtual = 32852
INFO: [Opt 31-389] Phase Retarget created 6 cells and removed 15 cells
INFO: [Opt 31-1021] In phase Retarget, 66 netlist objects are constrained preventing optimization. Please run opt_design with -debug_log to get more detail. 

Phase 3 Constant propagation
INFO: [Opt 31-138] Pushed 0 inverter(s) to 0 load pin(s).
Phase 3 Constant propagation | Checksum: 5d005c21

Time (s): cpu = 00:00:16 ; elapsed = 00:00:28 . Memory (MB): peak = 3687.195 ; gain = 22.145 ; free physical = 27008 ; free virtual = 32852
INFO: [Opt 31-389] Phase Constant propagation created 28 cells and removed 78 cells
INFO: [Opt 31-1021] In phase Constant propagation, 49 netlist objects are constrained preventing optimization. Please run opt_design with -debug_log to get more detail. 

Phase 4 Sweep
Phase 4 Sweep | Checksum: 893eaf4d

Time (s): cpu = 00:00:16 ; elapsed = 00:00:28 . Memory (MB): peak = 3687.348 ; gain = 22.297 ; free physical = 27008 ; free virtual = 32852
INFO: [Opt 31-389] Phase Sweep created 0 cells and removed 202 cells
INFO: [Opt 31-1021] In phase Sweep, 943 netlist objects are constrained preventing optimization. Please run opt_design with -debug_log to get more detail. 

Phase 5 BUFG optimization
Phase 5 BUFG optimization | Checksum: 893eaf4d

Time (s): cpu = 00:00:16 ; elapsed = 00:00:28 . Memory (MB): peak = 3687.527 ; gain = 22.477 ; free physical = 27008 ; free virtual = 32851
INFO: [Opt 31-662] Phase BUFG optimization created 0 cells of which 0 are BUFGs and removed 0 cells.

Phase 6 Shift Register Optimization
INFO: [Opt 31-1064] SRL Remap converted 0 SRLs to 0 registers and converted 0 registers of register chains to 0 SRLs
Phase 6 Shift Register Optimization | Checksum: 893eaf4d

Time (s): cpu = 00:00:17 ; elapsed = 00:00:28 . Memory (MB): peak = 3687.527 ; gain = 22.477 ; free physical = 27008 ; free virtual = 32851
INFO: [Opt 31-389] Phase Shift Register Optimization created 0 cells and removed 0 cells

Phase 7 Post Processing Netlist
Phase 7 Post Processing Netlist | Checksum: 893eaf4d

Time (s): cpu = 00:00:17 ; elapsed = 00:00:28 . Memory (MB): peak = 3687.527 ; gain = 22.477 ; free physical = 27008 ; free virtual = 32851
INFO: [Opt 31-389] Phase Post Processing Netlist created 0 cells and removed 0 cells
INFO: [Opt 31-1021] In phase Post Processing Netlist, 57 netlist objects are constrained preventing optimization. Please run opt_design with -debug_log to get more detail. 
Opt_design Change Summary
=========================


-------------------------------------------------------------------------------------------------------------------------
|  Phase                        |  #Cells created  |  #Cells Removed  |  #Constrained objects preventing optimizations  |
-------------------------------------------------------------------------------------------------------------------------
|  Retarget                     |               6  |              15  |                                             66  |
|  Constant propagation         |              28  |              78  |                                             49  |
|  Sweep                        |               0  |             202  |                                            943  |
|  BUFG optimization            |               0  |               0  |                                              0  |
|  Shift Register Optimization  |               0  |               0  |                                              0  |
|  Post Processing Netlist      |               0  |               0  |                                             57  |
-------------------------------------------------------------------------------------------------------------------------



Starting Connectivity Check Task

Time (s): cpu = 00:00:00.01 ; elapsed = 00:00:00 . Memory (MB): peak = 3687.527 ; gain = 0.000 ; free physical = 27008 ; free virtual = 32851
Ending Logic Optimization Task | Checksum: 1951160b4

Time (s): cpu = 00:00:17 ; elapsed = 00:00:28 . Memory (MB): peak = 3687.527 ; gain = 22.477 ; free physical = 27008 ; free virtual = 32851

Starting Power Optimization Task
INFO: [Pwropt 34-132] Skipping clock gating for clocks with a period < 2.00 ns.
INFO: [Timing 38-35] Done setting XDC timing constraints.
Running Vector-less Activity Propagation...

Finished Running Vector-less Activity Propagation
INFO: [Pwropt 34-9] Applying IDT optimizations ...
INFO: [Pwropt 34-10] Applying ODC optimizations ...


Starting PowerOpt Patch Enables Task
INFO: [Pwropt 34-162] WRITE_MODE attribute of 0 BRAM(s) out of a total of 17 has been updated to save power. Run report_power_opt to get a complete listing of the BRAMs updated.
INFO: [Pwropt 34-201] Structural ODC has moved 0 WE to EN ports
Number of BRAM Ports augmented: 9 newly gated: 0 Total Ports: 34
Ending PowerOpt Patch Enables Task | Checksum: 1429706e8

Time (s): cpu = 00:00:00.05 ; elapsed = 00:00:00.05 . Memory (MB): peak = 3944.195 ; gain = 0.000 ; free physical = 27001 ; free virtual = 32852
Ending Power Optimization Task | Checksum: 1429706e8

Time (s): cpu = 00:00:02 ; elapsed = 00:00:01 . Memory (MB): peak = 3944.195 ; gain = 256.668 ; free physical = 27006 ; free virtual = 32858

Starting Final Cleanup Task
Ending Final Cleanup Task | Checksum: 1429706e8

Time (s): cpu = 00:00:00 ; elapsed = 00:00:00 . Memory (MB): peak = 3944.195 ; gain = 0.000 ; free physical = 27006 ; free virtual = 32858

Starting Netlist Obfuscation Task
Netlist sorting complete. Time (s): cpu = 00:00:00 ; elapsed = 00:00:00 . Memory (MB): peak = 3944.195 ; gain = 0.000 ; free physical = 27006 ; free virtual = 32858
Ending Netlist Obfuscation Task | Checksum: 18a131248

Time (s): cpu = 00:00:00 ; elapsed = 00:00:00 . Memory (MB): peak = 3944.195 ; gain = 0.000 ; free physical = 27006 ; free virtual = 32858
INFO: [Common 17-83] Releasing license: Implementation
51 Infos, 0 Warnings, 0 Critical Warnings and 0 Errors encountered.
opt_design completed successfully
opt_design: Time (s): cpu = 00:00:22 ; elapsed = 00:00:32 . Memory (MB): peak = 3944.195 ; gain = 508.074 ; free physical = 27006 ; free virtual = 32858
INFO: [Timing 38-35] Done setting XDC timing constraints.
INFO: [Timing 38-480] Writing timing data to binary archive.
Writing XDEF routing.
Writing XDEF routing logical nets.
Writing XDEF routing special nets.
Write XDEF Complete: Time (s): cpu = 00:00:00.17 ; elapsed = 00:00:00.09 . Memory (MB): peak = 3944.195 ; gain = 0.000 ; free physical = 27002 ; free virtual = 32855
INFO: [Common 17-1381] The checkpoint '/home/user/elettronica_base/labs/lab7/lab7.runs/impl_1/lab7_block_design_wrapper_opt.dcp' has been generated.
INFO: [runtcl-4] Executing : report_drc -file lab7_block_design_wrapper_drc_opted.rpt -pb lab7_block_design_wrapper_drc_opted.pb -rpx lab7_block_design_wrapper_drc_opted.rpx
Command: report_drc -file lab7_block_design_wrapper_drc_opted.rpt -pb lab7_block_design_wrapper_drc_opted.pb -rpx lab7_block_design_wrapper_drc_opted.rpx
INFO: [IP_Flow 19-1839] IP Catalog is up to date.
INFO: [DRC 23-27] Running DRC with 8 threads
INFO: [Vivado_Tcl 2-168] The results of DRC are in file /home/user/elettronica_base/labs/lab7/lab7.runs/impl_1/lab7_block_design_wrapper_drc_opted.rpt.
report_drc completed successfully
INFO: [Chipscope 16-240] Debug cores have already been implemented
Command: place_design
Attempting to get a license for feature 'Implementation' and/or device 'xc7a35ti'
INFO: [Common 17-349] Got license for feature 'Implementation' and/or device 'xc7a35ti'
INFO: [DRC 23-27] Running DRC with 8 threads
INFO: [Vivado_Tcl 4-198] DRC finished with 0 Errors
INFO: [Vivado_Tcl 4-199] Please refer to the DRC report (report_drc) for more information.
Running DRC as a precondition to command place_design
INFO: [DRC 23-27] Running DRC with 8 threads
INFO: [Vivado_Tcl 4-198] DRC finished with 0 Errors
INFO: [Vivado_Tcl 4-199] Please refer to the DRC report (report_drc) for more information.

Starting Placer Task
INFO: [Place 30-611] Multithreading enabled for place_design using a maximum of 8 CPUs

Phase 1 Placer Initialization

Phase 1.1 Placer Initialization Netlist Sorting
Netlist sorting complete. Time (s): cpu = 00:00:00 ; elapsed = 00:00:00 . Memory (MB): peak = 3944.195 ; gain = 0.000 ; free physical = 26975 ; free virtual = 32828
Phase 1.1 Placer Initialization Netlist Sorting | Checksum: 96b00ad5

Time (s): cpu = 00:00:00.01 ; elapsed = 00:00:00.01 . Memory (MB): peak = 3944.195 ; gain = 0.000 ; free physical = 26975 ; free virtual = 32828
Netlist sorting complete. Time (s): cpu = 00:00:00 ; elapsed = 00:00:00 . Memory (MB): peak = 3944.195 ; gain = 0.000 ; free physical = 26975 ; free virtual = 32828

Phase 1.2 IO Placement/ Clock Placement/ Build Placer Device
Phase 1.2 IO Placement/ Clock Placement/ Build Placer Device | Checksum: f867a6df

Time (s): cpu = 00:00:00.38 ; elapsed = 00:00:00.27 . Memory (MB): peak = 3944.195 ; gain = 0.000 ; free physical = 26945 ; free virtual = 32801

Phase 1.3 Build Placer Netlist Model
Phase 1.3 Build Placer Netlist Model | Checksum: 12ae12403

Time (s): cpu = 00:00:02 ; elapsed = 00:00:01 . Memory (MB): peak = 3944.195 ; gain = 0.000 ; free physical = 26962 ; free virtual = 32819

Phase 1.4 Constrain Clocks/Macros
Phase 1.4 Constrain Clocks/Macros | Checksum: 12ae12403

Time (s): cpu = 00:00:02 ; elapsed = 00:00:01 . Memory (MB): peak = 3944.195 ; gain = 0.000 ; free physical = 26962 ; free virtual = 32819
Phase 1 Placer Initialization | Checksum: 12ae12403

Time (s): cpu = 00:00:02 ; elapsed = 00:00:01 . Memory (MB): peak = 3944.195 ; gain = 0.000 ; free physical = 26962 ; free virtual = 32819

Phase 2 Global Placement

Phase 2.1 Floorplanning
Phase 2.1 Floorplanning | Checksum: 1ee9b0444

Time (s): cpu = 00:00:02 ; elapsed = 00:00:01 . Memory (MB): peak = 3944.195 ; gain = 0.000 ; free physical = 27717 ; free virtual = 33575

Phase 2.2 Update Timing before SLR Path Opt
Phase 2.2 Update Timing before SLR Path Opt | Checksum: 16957483c

Time (s): cpu = 00:00:02 ; elapsed = 00:00:01 . Memory (MB): peak = 3944.195 ; gain = 0.000 ; free physical = 27712 ; free virtual = 33570

Phase 2.3 Post-Processing in Floorplanning
Phase 2.3 Post-Processing in Floorplanning | Checksum: 16957483c

Time (s): cpu = 00:00:02 ; elapsed = 00:00:01 . Memory (MB): peak = 3944.195 ; gain = 0.000 ; free physical = 27712 ; free virtual = 33570

Phase 2.4 Global Placement Core

Phase 2.4.1 UpdateTiming Before Physical Synthesis
Phase 2.4.1 UpdateTiming Before Physical Synthesis | Checksum: 16bfa85f6

Time (s): cpu = 00:00:06 ; elapsed = 00:00:04 . Memory (MB): peak = 3944.195 ; gain = 0.000 ; free physical = 27688 ; free virtual = 33547

Phase 2.4.2 Physical Synthesis In Placer
INFO: [Physopt 32-1035] Found 0 LUTNM shape to break, 134 LUT instances to create LUTNM shape
INFO: [Physopt 32-1044] Break lutnm for timing: one critical 0, two critical 0, total 0, new lutff created 0
INFO: [Physopt 32-1138] End 1 Pass. Optimized 56 nets or LUTs. Breaked 0 LUT, combined 56 existing LUTs and moved 0 existing LUT
INFO: [Physopt 32-65] No nets found for high-fanout optimization.
INFO: [Physopt 32-232] Optimized 0 net. Created 0 new instance.
INFO: [Physopt 32-775] End 1 Pass. Optimized 0 net or cell. Created 0 new cell, deleted 0 existing cell and moved 0 existing cell
INFO: [Physopt 32-670] No setup violation found.  DSP Register Optimization was not performed.
INFO: [Physopt 32-670] No setup violation found.  Shift Register to Pipeline Optimization was not performed.
INFO: [Physopt 32-670] No setup violation found.  Shift Register Optimization was not performed.
INFO: [Physopt 32-670] No setup violation found.  BRAM Register Optimization was not performed.
INFO: [Physopt 32-670] No setup violation found.  URAM Register Optimization was not performed.
INFO: [Physopt 32-949] No candidate nets found for dynamic/static region interface net replication
INFO: [Physopt 32-775] End 1 Pass. Optimized 0 net or cell. Created 0 new cell, deleted 0 existing cell and moved 0 existing cell
Netlist sorting complete. Time (s): cpu = 00:00:00 ; elapsed = 00:00:00 . Memory (MB): peak = 3944.195 ; gain = 0.000 ; free physical = 27688 ; free virtual = 33549

Summary of Physical Synthesis Optimizations
============================================


-----------------------------------------------------------------------------------------------------------------------------------------------------------
|  Optimization                                     |  Added Cells  |  Removed Cells  |  Optimized Cells/Nets  |  Dont Touch  |  Iterations  |  Elapsed   |
-----------------------------------------------------------------------------------------------------------------------------------------------------------
|  LUT Combining                                    |            0  |             56  |                    56  |           0  |           1  |  00:00:00  |
|  Retime                                           |            0  |              0  |                     0  |           0  |           1  |  00:00:00  |
|  Very High Fanout                                 |            0  |              0  |                     0  |           0  |           1  |  00:00:00  |
|  DSP Register                                     |            0  |              0  |                     0  |           0  |           0  |  00:00:00  |
|  Shift Register to Pipeline                       |            0  |              0  |                     0  |           0  |           0  |  00:00:00  |
|  Shift Register                                   |            0  |              0  |                     0  |           0  |           0  |  00:00:00  |
|  BRAM Register                                    |            0  |              0  |                     0  |           0  |           0  |  00:00:00  |
|  URAM Register                                    |            0  |              0  |                     0  |           0  |           0  |  00:00:00  |
|  Dynamic/Static Region Interface Net Replication  |            0  |              0  |                     0  |           0  |           1  |  00:00:00  |
|  Total                                            |            0  |             56  |                    56  |           0  |           4  |  00:00:00  |
-----------------------------------------------------------------------------------------------------------------------------------------------------------


Phase 2.4.2 Physical Synthesis In Placer | Checksum: 1bf540d3d

Time (s): cpu = 00:00:06 ; elapsed = 00:00:04 . Memory (MB): peak = 3944.195 ; gain = 0.000 ; free physical = 27687 ; free virtual = 33548
Phase 2.4 Global Placement Core | Checksum: 1752cff82

Time (s): cpu = 00:00:07 ; elapsed = 00:00:04 . Memory (MB): peak = 3944.195 ; gain = 0.000 ; free physical = 27685 ; free virtual = 33546
Phase 2 Global Placement | Checksum: 1752cff82

Time (s): cpu = 00:00:07 ; elapsed = 00:00:04 . Memory (MB): peak = 3944.195 ; gain = 0.000 ; free physical = 27685 ; free virtual = 33546

Phase 3 Detail Placement

Phase 3.1 Commit Multi Column Macros
Phase 3.1 Commit Multi Column Macros | Checksum: 189db7239

Time (s): cpu = 00:00:07 ; elapsed = 00:00:05 . Memory (MB): peak = 3944.195 ; gain = 0.000 ; free physical = 27683 ; free virtual = 33544

Phase 3.2 Commit Most Macros & LUTRAMs
Phase 3.2 Commit Most Macros & LUTRAMs | Checksum: d8e989a4

Time (s): cpu = 00:00:08 ; elapsed = 00:00:05 . Memory (MB): peak = 3944.195 ; gain = 0.000 ; free physical = 27682 ; free virtual = 33543

Phase 3.3 Area Swap Optimization
Phase 3.3 Area Swap Optimization | Checksum: 154b52f5c

Time (s): cpu = 00:00:08 ; elapsed = 00:00:05 . Memory (MB): peak = 3944.195 ; gain = 0.000 ; free physical = 27683 ; free virtual = 33544

Phase 3.4 Pipeline Register Optimization
Phase 3.4 Pipeline Register Optimization | Checksum: c36dc766

Time (s): cpu = 00:00:08 ; elapsed = 00:00:05 . Memory (MB): peak = 3944.195 ; gain = 0.000 ; free physical = 27683 ; free virtual = 33544

Phase 3.5 Small Shape Detail Placement
Phase 3.5 Small Shape Detail Placement | Checksum: 22ffacbe6

Time (s): cpu = 00:00:08 ; elapsed = 00:00:06 . Memory (MB): peak = 3944.195 ; gain = 0.000 ; free physical = 27679 ; free virtual = 33540

Phase 3.6 Re-assign LUT pins
Phase 3.6 Re-assign LUT pins | Checksum: 22b87359a

Time (s): cpu = 00:00:08 ; elapsed = 00:00:06 . Memory (MB): peak = 3944.195 ; gain = 0.000 ; free physical = 27679 ; free virtual = 33540

Phase 3.7 Pipeline Register Optimization
Phase 3.7 Pipeline Register Optimization | Checksum: 1bfab0838

Time (s): cpu = 00:00:08 ; elapsed = 00:00:06 . Memory (MB): peak = 3944.195 ; gain = 0.000 ; free physical = 27679 ; free virtual = 33540
Phase 3 Detail Placement | Checksum: 1bfab0838

Time (s): cpu = 00:00:08 ; elapsed = 00:00:06 . Memory (MB): peak = 3944.195 ; gain = 0.000 ; free physical = 27679 ; free virtual = 33540

Phase 4 Post Placement Optimization and Clean-Up

Phase 4.1 Post Commit Optimization
INFO: [Timing 38-35] Done setting XDC timing constraints.

Phase 4.1.1 Post Placement Optimization
Post Placement Optimization Initialization | Checksum: 1b6ab9e1f

Phase 4.1.1.1 BUFG Insertion

Starting Physical Synthesis Task

Phase 1 Physical Synthesis Initialization
INFO: [Physopt 32-721] Multithreading enabled for phys_opt_design using a maximum of 8 CPUs
INFO: [Physopt 32-619] Estimated Timing Summary | WNS=3.763 | TNS=0.000 |
Phase 1 Physical Synthesis Initialization | Checksum: 1dd40e272

Time (s): cpu = 00:00:00.28 ; elapsed = 00:00:00.08 . Memory (MB): peak = 3944.195 ; gain = 0.000 ; free physical = 27659 ; free virtual = 33521
INFO: [Place 46-56] BUFG insertion identified 0 candidate nets. Inserted BUFG: 0, Replicated BUFG Driver: 0, Skipped due to Placement/Routing Conflicts: 0, Skipped due to Timing Degradation: 0, Skipped due to Illegal Netlist: 0.
Ending Physical Synthesis Task | Checksum: 25aa8f888

Time (s): cpu = 00:00:00.3 ; elapsed = 00:00:00.11 . Memory (MB): peak = 3944.195 ; gain = 0.000 ; free physical = 27659 ; free virtual = 33521
Phase 4.1.1.1 BUFG Insertion | Checksum: 1b6ab9e1f

Time (s): cpu = 00:00:10 ; elapsed = 00:00:06 . Memory (MB): peak = 3944.195 ; gain = 0.000 ; free physical = 27659 ; free virtual = 33521

Phase 4.1.1.2 Post Placement Timing Optimization
INFO: [Place 30-746] Post Placement Timing Summary WNS=3.763. For the most accurate timing information please run report_timing.
Phase 4.1.1.2 Post Placement Timing Optimization | Checksum: 1db71409c

Time (s): cpu = 00:00:10 ; elapsed = 00:00:06 . Memory (MB): peak = 3944.195 ; gain = 0.000 ; free physical = 27659 ; free virtual = 33521

Time (s): cpu = 00:00:10 ; elapsed = 00:00:06 . Memory (MB): peak = 3944.195 ; gain = 0.000 ; free physical = 27659 ; free virtual = 33521
Phase 4.1 Post Commit Optimization | Checksum: 1db71409c

Time (s): cpu = 00:00:10 ; elapsed = 00:00:06 . Memory (MB): peak = 3944.195 ; gain = 0.000 ; free physical = 27659 ; free virtual = 33521

Phase 4.2 Post Placement Cleanup
Phase 4.2 Post Placement Cleanup | Checksum: 1db71409c

Time (s): cpu = 00:00:10 ; elapsed = 00:00:06 . Memory (MB): peak = 3944.195 ; gain = 0.000 ; free physical = 27659 ; free virtual = 33521

Phase 4.3 Placer Reporting

Phase 4.3.1 Print Estimated Congestion
INFO: [Place 30-612] Post-Placement Estimated Congestion 
 ____________________________________________________
|           | Global Congestion | Short Congestion  |
| Direction | Region Size       | Region Size       |
|___________|___________________|___________________|
|      North|                1x1|                1x1|
|___________|___________________|___________________|
|      South|                1x1|                1x1|
|___________|___________________|___________________|
|       East|                1x1|                1x1|
|___________|___________________|___________________|
|       West|                1x1|                1x1|
|___________|___________________|___________________|

Phase 4.3.1 Print Estimated Congestion | Checksum: 1db71409c

Time (s): cpu = 00:00:10 ; elapsed = 00:00:06 . Memory (MB): peak = 3944.195 ; gain = 0.000 ; free physical = 27659 ; free virtual = 33521
Phase 4.3 Placer Reporting | Checksum: 1db71409c

Time (s): cpu = 00:00:10 ; elapsed = 00:00:06 . Memory (MB): peak = 3944.195 ; gain = 0.000 ; free physical = 27659 ; free virtual = 33521

Phase 4.4 Final Placement Cleanup
Netlist sorting complete. Time (s): cpu = 00:00:00 ; elapsed = 00:00:00 . Memory (MB): peak = 3944.195 ; gain = 0.000 ; free physical = 27659 ; free virtual = 33521

Time (s): cpu = 00:00:10 ; elapsed = 00:00:06 . Memory (MB): peak = 3944.195 ; gain = 0.000 ; free physical = 27659 ; free virtual = 33521
Phase 4 Post Placement Optimization and Clean-Up | Checksum: 229f02fb0

Time (s): cpu = 00:00:10 ; elapsed = 00:00:06 . Memory (MB): peak = 3944.195 ; gain = 0.000 ; free physical = 27659 ; free virtual = 33521
Ending Placer Task | Checksum: 1b5c4e029

Time (s): cpu = 00:00:10 ; elapsed = 00:00:07 . Memory (MB): peak = 3944.195 ; gain = 0.000 ; free physical = 27659 ; free virtual = 33521
INFO: [Common 17-83] Releasing license: Implementation
87 Infos, 0 Warnings, 0 Critical Warnings and 0 Errors encountered.
place_design completed successfully
place_design: Time (s): cpu = 00:00:11 ; elapsed = 00:00:07 . Memory (MB): peak = 3944.195 ; gain = 0.000 ; free physical = 27672 ; free virtual = 33534
INFO: [Timing 38-480] Writing timing data to binary archive.
Writing XDEF routing.
Writing XDEF routing logical nets.
Writing XDEF routing special nets.
Write XDEF Complete: Time (s): cpu = 00:00:00.74 ; elapsed = 00:00:00.38 . Memory (MB): peak = 3944.195 ; gain = 0.000 ; free physical = 27653 ; free virtual = 33515
INFO: [Common 17-1381] The checkpoint '/home/user/elettronica_base/labs/lab7/lab7.runs/impl_1/lab7_block_design_wrapper_placed.dcp' has been generated.
INFO: [runtcl-4] Executing : report_io -file lab7_block_design_wrapper_io_placed.rpt
report_io: Time (s): cpu = 00:00:00.15 ; elapsed = 00:00:00.25 . Memory (MB): peak = 3944.195 ; gain = 0.000 ; free physical = 27608 ; free virtual = 33469
INFO: [runtcl-4] Executing : report_utilization -file lab7_block_design_wrapper_utilization_placed.rpt -pb lab7_block_design_wrapper_utilization_placed.pb
INFO: [runtcl-4] Executing : report_control_sets -verbose -file lab7_block_design_wrapper_control_sets_placed.rpt
report_control_sets: Time (s): cpu = 00:00:00.14 ; elapsed = 00:00:00.22 . Memory (MB): peak = 3944.195 ; gain = 0.000 ; free physical = 27600 ; free virtual = 33461
Command: phys_opt_design
Attempting to get a license for feature 'Implementation' and/or device 'xc7a35ti'
INFO: [Common 17-349] Got license for feature 'Implementation' and/or device 'xc7a35ti'

Starting Initial Update Timing Task

Time (s): cpu = 00:00:00.89 ; elapsed = 00:00:00.32 . Memory (MB): peak = 3944.195 ; gain = 0.000 ; free physical = 27581 ; free virtual = 33442
INFO: [Vivado_Tcl 4-383] Design worst setup slack (WNS) is greater than or equal to 0.000 ns. Skipping all physical synthesis optimizations.
INFO: [Vivado_Tcl 4-232] No setup violation found. The netlist was not modified.
INFO: [Common 17-83] Releasing license: Implementation
96 Infos, 0 Warnings, 0 Critical Warnings and 0 Errors encountered.
phys_opt_design completed successfully
INFO: [Timing 38-480] Writing timing data to binary archive.
Writing XDEF routing.
Writing XDEF routing logical nets.
Writing XDEF routing special nets.
Write XDEF Complete: Time (s): cpu = 00:00:00.71 ; elapsed = 00:00:00.37 . Memory (MB): peak = 3944.195 ; gain = 0.000 ; free physical = 27566 ; free virtual = 33427
INFO: [Common 17-1381] The checkpoint '/home/user/elettronica_base/labs/lab7/lab7.runs/impl_1/lab7_block_design_wrapper_physopt.dcp' has been generated.
Command: route_design
Attempting to get a license for feature 'Implementation' and/or device 'xc7a35ti'
INFO: [Common 17-349] Got license for feature 'Implementation' and/or device 'xc7a35ti'
Running DRC as a precondition to command route_design
INFO: [DRC 23-27] Running DRC with 8 threads
INFO: [Vivado_Tcl 4-198] DRC finished with 0 Errors
INFO: [Vivado_Tcl 4-199] Please refer to the DRC report (report_drc) for more information.


Starting Routing Task
INFO: [Route 35-254] Multithreading enabled for route_design using a maximum of 8 CPUs

Phase 1 Build RT Design
Checksum: PlaceDB: cccdc320 ConstDB: 0 ShapeSum: e8f71d09 RouteDB: 0
Post Restoration Checksum: NetGraph: 7e3cdb7 NumContArr: 7142b5ba Constraints: 0 Timing: 0
Phase 1 Build RT Design | Checksum: 79268371

Time (s): cpu = 00:00:13 ; elapsed = 00:00:11 . Memory (MB): peak = 3944.195 ; gain = 0.000 ; free physical = 27478 ; free virtual = 33340

Phase 2 Router Initialization

Phase 2.1 Fix Topology Constraints
Phase 2.1 Fix Topology Constraints | Checksum: 79268371

Time (s): cpu = 00:00:13 ; elapsed = 00:00:11 . Memory (MB): peak = 3944.195 ; gain = 0.000 ; free physical = 27451 ; free virtual = 33313

Phase 2.2 Pre Route Cleanup
Phase 2.2 Pre Route Cleanup | Checksum: 79268371

Time (s): cpu = 00:00:13 ; elapsed = 00:00:11 . Memory (MB): peak = 3944.195 ; gain = 0.000 ; free physical = 27451 ; free virtual = 33313
 Number of Nodes with overlaps = 0

Phase 2.3 Update Timing
Phase 2.3 Update Timing | Checksum: 19703afa0

Time (s): cpu = 00:00:15 ; elapsed = 00:00:12 . Memory (MB): peak = 3944.195 ; gain = 0.000 ; free physical = 27430 ; free virtual = 33293
INFO: [Route 35-416] Intermediate Timing Summary | WNS=3.891  | TNS=0.000  | WHS=-0.190 | THS=-89.922|


Phase 2.4 Update Timing for Bus Skew

Phase 2.4.1 Update Timing
Phase 2.4.1 Update Timing | Checksum: 1bb5098d7

Time (s): cpu = 00:00:16 ; elapsed = 00:00:12 . Memory (MB): peak = 3944.195 ; gain = 0.000 ; free physical = 27431 ; free virtual = 33293
INFO: [Route 35-416] Intermediate Timing Summary | WNS=3.891  | TNS=0.000  | WHS=N/A    | THS=N/A    |

Phase 2.4 Update Timing for Bus Skew | Checksum: 1a458c887

Time (s): cpu = 00:00:16 ; elapsed = 00:00:12 . Memory (MB): peak = 3944.195 ; gain = 0.000 ; free physical = 27431 ; free virtual = 33297

Router Utilization Summary
  Global Vertical Routing Utilization    = 0 %
  Global Horizontal Routing Utilization  = 0 %
  Routable Net Status*
  *Does not include unroutable nets such as driverless and loadless.
  Run report_route_status for detailed report.
  Number of Failed Nets               = 5443
    (Failed Nets is the sum of unrouted and partially routed nets)
  Number of Unrouted Nets             = 5443
  Number of Partially Routed Nets     = 0
  Number of Node Overlaps             = 0

Phase 2 Router Initialization | Checksum: feddb72f

Time (s): cpu = 00:00:16 ; elapsed = 00:00:12 . Memory (MB): peak = 3944.195 ; gain = 0.000 ; free physical = 27431 ; free virtual = 33297

Phase 3 Initial Routing

Phase 3.1 Global Routing
Phase 3.1 Global Routing | Checksum: feddb72f

Time (s): cpu = 00:00:16 ; elapsed = 00:00:12 . Memory (MB): peak = 3944.195 ; gain = 0.000 ; free physical = 27431 ; free virtual = 33297
Phase 3 Initial Routing | Checksum: 26576f8f7

Time (s): cpu = 00:00:17 ; elapsed = 00:00:13 . Memory (MB): peak = 4055.473 ; gain = 111.277 ; free physical = 27429 ; free virtual = 33295

Phase 4 Rip-up And Reroute

Phase 4.1 Global Iteration 0
 Number of Nodes with overlaps = 153
 Number of Nodes with overlaps = 0
INFO: [Route 35-416] Intermediate Timing Summary | WNS=3.610  | TNS=0.000  | WHS=N/A    | THS=N/A    |

Phase 4.1 Global Iteration 0 | Checksum: 129f19742

Time (s): cpu = 00:00:18 ; elapsed = 00:00:13 . Memory (MB): peak = 4055.969 ; gain = 111.773 ; free physical = 27427 ; free virtual = 33294

Phase 4.2 Global Iteration 1
 Number of Nodes with overlaps = 4
 Number of Nodes with overlaps = 0
INFO: [Route 35-416] Intermediate Timing Summary | WNS=3.610  | TNS=0.000  | WHS=N/A    | THS=N/A    |

Phase 4.2 Global Iteration 1 | Checksum: 190de8940

Time (s): cpu = 00:00:18 ; elapsed = 00:00:13 . Memory (MB): peak = 4055.980 ; gain = 111.785 ; free physical = 27427 ; free virtual = 33293

Phase 4.3 Global Iteration 2
 Number of Nodes with overlaps = 0
INFO: [Route 35-416] Intermediate Timing Summary | WNS=3.610  | TNS=0.000  | WHS=N/A    | THS=N/A    |

Phase 4.3 Global Iteration 2 | Checksum: 1e2b0ee8f

Time (s): cpu = 00:00:18 ; elapsed = 00:00:13 . Memory (MB): peak = 4055.980 ; gain = 111.785 ; free physical = 27427 ; free virtual = 33293
Phase 4 Rip-up And Reroute | Checksum: 1e2b0ee8f

Time (s): cpu = 00:00:18 ; elapsed = 00:00:13 . Memory (MB): peak = 4055.984 ; gain = 111.789 ; free physical = 27427 ; free virtual = 33293

Phase 5 Delay and Skew Optimization

Phase 5.1 Delay CleanUp
Phase 5.1 Delay CleanUp | Checksum: 1e2b0ee8f

Time (s): cpu = 00:00:18 ; elapsed = 00:00:13 . Memory (MB): peak = 4055.996 ; gain = 111.801 ; free physical = 27427 ; free virtual = 33293

Phase 5.2 Clock Skew Optimization
Phase 5.2 Clock Skew Optimization | Checksum: 1e2b0ee8f

Time (s): cpu = 00:00:18 ; elapsed = 00:00:13 . Memory (MB): peak = 4056.004 ; gain = 111.809 ; free physical = 27427 ; free virtual = 33293
Phase 5 Delay and Skew Optimization | Checksum: 1e2b0ee8f

Time (s): cpu = 00:00:18 ; elapsed = 00:00:13 . Memory (MB): peak = 4056.008 ; gain = 111.812 ; free physical = 27427 ; free virtual = 33293

Phase 6 Post Hold Fix

Phase 6.1 Hold Fix Iter

Phase 6.1.1 Update Timing
Phase 6.1.1 Update Timing | Checksum: 17f880c4e

Time (s): cpu = 00:00:18 ; elapsed = 00:00:14 . Memory (MB): peak = 4056.023 ; gain = 111.828 ; free physical = 27427 ; free virtual = 33293
INFO: [Route 35-416] Intermediate Timing Summary | WNS=3.689  | TNS=0.000  | WHS=0.051  | THS=0.000  |

Phase 6.1 Hold Fix Iter | Checksum: 14116b8e3

Time (s): cpu = 00:00:18 ; elapsed = 00:00:14 . Memory (MB): peak = 4056.031 ; gain = 111.836 ; free physical = 27427 ; free virtual = 33293
Phase 6 Post Hold Fix | Checksum: 14116b8e3

Time (s): cpu = 00:00:18 ; elapsed = 00:00:14 . Memory (MB): peak = 4056.031 ; gain = 111.836 ; free physical = 27427 ; free virtual = 33293

Phase 7 Route finalize

Router Utilization Summary
  Global Vertical Routing Utilization    = 1.1046 %
  Global Horizontal Routing Utilization  = 1.41541 %
  Routable Net Status*
  *Does not include unroutable nets such as driverless and loadless.
  Run report_route_status for detailed report.
  Number of Failed Nets               = 0
    (Failed Nets is the sum of unrouted and partially routed nets)
  Number of Unrouted Nets             = 0
  Number of Partially Routed Nets     = 0
  Number of Node Overlaps             = 0

Phase 7 Route finalize | Checksum: 14116b8e3

Time (s): cpu = 00:00:19 ; elapsed = 00:00:14 . Memory (MB): peak = 4056.090 ; gain = 111.895 ; free physical = 27427 ; free virtual = 33293

Phase 8 Verifying routed nets

 Verification completed successfully
Phase 8 Verifying routed nets | Checksum: 14116b8e3

Time (s): cpu = 00:00:19 ; elapsed = 00:00:14 . Memory (MB): peak = 4056.109 ; gain = 111.914 ; free physical = 27427 ; free virtual = 33293

Phase 9 Depositing Routes
Phase 9 Depositing Routes | Checksum: bfa7424f

Time (s): cpu = 00:00:19 ; elapsed = 00:00:14 . Memory (MB): peak = 4072.605 ; gain = 128.410 ; free physical = 27427 ; free virtual = 33293

Phase 10 Post Router Timing
INFO: [Route 35-57] Estimated Timing Summary | WNS=3.689  | TNS=0.000  | WHS=0.051  | THS=0.000  |

INFO: [Route 35-327] The final timing numbers are based on the router estimated timing analysis. For a complete and accurate timing signoff, please run report_timing_summary.
Phase 10 Post Router Timing | Checksum: bfa7424f

Time (s): cpu = 00:00:19 ; elapsed = 00:00:14 . Memory (MB): peak = 4072.605 ; gain = 128.410 ; free physical = 27427 ; free virtual = 33293
INFO: [Route 35-16] Router Completed Successfully

Time (s): cpu = 00:00:19 ; elapsed = 00:00:14 . Memory (MB): peak = 4072.605 ; gain = 128.410 ; free physical = 27459 ; free virtual = 33326

Routing Is Done.
INFO: [Common 17-83] Releasing license: Implementation
113 Infos, 0 Warnings, 0 Critical Warnings and 0 Errors encountered.
route_design completed successfully
route_design: Time (s): cpu = 00:00:20 ; elapsed = 00:00:14 . Memory (MB): peak = 4072.605 ; gain = 128.410 ; free physical = 27459 ; free virtual = 33326
INFO: [Timing 38-480] Writing timing data to binary archive.
Writing XDEF routing.
Writing XDEF routing logical nets.
Writing XDEF routing special nets.
Write XDEF Complete: Time (s): cpu = 00:00:00.8 ; elapsed = 00:00:00.44 . Memory (MB): peak = 4078.430 ; gain = 5.824 ; free physical = 27454 ; free virtual = 33321
INFO: [Common 17-1381] The checkpoint '/home/user/elettronica_base/labs/lab7/lab7.runs/impl_1/lab7_block_design_wrapper_routed.dcp' has been generated.
INFO: [runtcl-4] Executing : report_drc -file lab7_block_design_wrapper_drc_routed.rpt -pb lab7_block_design_wrapper_drc_routed.pb -rpx lab7_block_design_wrapper_drc_routed.rpx
Command: report_drc -file lab7_block_design_wrapper_drc_routed.rpt -pb lab7_block_design_wrapper_drc_routed.pb -rpx lab7_block_design_wrapper_drc_routed.rpx
INFO: [IP_Flow 19-1839] IP Catalog is up to date.
INFO: [DRC 23-27] Running DRC with 8 threads
INFO: [Vivado_Tcl 2-168] The results of DRC are in file /home/user/elettronica_base/labs/lab7/lab7.runs/impl_1/lab7_block_design_wrapper_drc_routed.rpt.
report_drc completed successfully
INFO: [runtcl-4] Executing : report_methodology -file lab7_block_design_wrapper_methodology_drc_routed.rpt -pb lab7_block_design_wrapper_methodology_drc_routed.pb -rpx lab7_block_design_wrapper_methodology_drc_routed.rpx
Command: report_methodology -file lab7_block_design_wrapper_methodology_drc_routed.rpt -pb lab7_block_design_wrapper_methodology_drc_routed.pb -rpx lab7_block_design_wrapper_methodology_drc_routed.rpx
INFO: [Timing 38-35] Done setting XDC timing constraints.
INFO: [DRC 23-133] Running Methodology with 8 threads
INFO: [Vivado_Tcl 2-1520] The results of Report Methodology are in file /home/user/elettronica_base/labs/lab7/lab7.runs/impl_1/lab7_block_design_wrapper_methodology_drc_routed.rpt.
report_methodology completed successfully
INFO: [runtcl-4] Executing : report_power -file lab7_block_design_wrapper_power_routed.rpt -pb lab7_block_design_wrapper_power_summary_routed.pb -rpx lab7_block_design_wrapper_power_routed.rpx
Command: report_power -file lab7_block_design_wrapper_power_routed.rpt -pb lab7_block_design_wrapper_power_summary_routed.pb -rpx lab7_block_design_wrapper_power_routed.rpx
INFO: [Timing 38-35] Done setting XDC timing constraints.
Running Vector-less Activity Propagation...

Finished Running Vector-less Activity Propagation
125 Infos, 0 Warnings, 0 Critical Warnings and 0 Errors encountered.
report_power completed successfully
INFO: [runtcl-4] Executing : report_route_status -file lab7_block_design_wrapper_route_status.rpt -pb lab7_block_design_wrapper_route_status.pb
INFO: [runtcl-4] Executing : report_timing_summary -max_paths 10 -report_unconstrained -file lab7_block_design_wrapper_timing_summary_routed.rpt -pb lab7_block_design_wrapper_timing_summary_routed.pb -rpx lab7_block_design_wrapper_timing_summary_routed.rpx -warn_on_violation 
INFO: [Timing 38-91] UpdateTimingParams: Speed grade: -1L, Delay Type: min_max.
INFO: [Timing 38-191] Multithreading enabled for timing update using a maximum of 8 CPUs
WARNING: [Timing 38-436] There are set_bus_skew constraint(s) in this design. Please run report_bus_skew to ensure that bus skew requirements are met.
INFO: [runtcl-4] Executing : report_incremental_reuse -file lab7_block_design_wrapper_incremental_reuse_routed.rpt
INFO: [Vivado_Tcl 4-1062] Incremental flow is disabled. No incremental reuse Info to report.
INFO: [runtcl-4] Executing : report_clock_utilization -file lab7_block_design_wrapper_clock_utilization_routed.rpt
INFO: [runtcl-4] Executing : report_bus_skew -warn_on_violation -file lab7_block_design_wrapper_bus_skew_routed.rpt -pb lab7_block_design_wrapper_bus_skew_routed.pb -rpx lab7_block_design_wrapper_bus_skew_routed.rpx
INFO: [Timing 38-91] UpdateTimingParams: Speed grade: -1L, Delay Type: min_max.
INFO: [Timing 38-191] Multithreading enabled for timing update using a maximum of 8 CPUs
Command: write_bitstream -force lab7_block_design_wrapper.bit
Attempting to get a license for feature 'Implementation' and/or device 'xc7a35ti'
INFO: [Common 17-349] Got license for feature 'Implementation' and/or device 'xc7a35ti'
Running DRC as a precondition to command write_bitstream
INFO: [IP_Flow 19-1839] IP Catalog is up to date.
INFO: [DRC 23-27] Running DRC with 8 threads
WARNING: [DRC CFGBVS-1] Missing CFGBVS and CONFIG_VOLTAGE Design Properties: Neither the CFGBVS nor CONFIG_VOLTAGE voltage property is set in the current_design.  Configuration bank voltage select (CFGBVS) must be set to VCCO or GND, and CONFIG_VOLTAGE must be set to the correct configuration voltage, in order to determine the I/O voltage support for the pins in bank 0.  It is suggested to specify these either using the 'Edit Device Properties' function in the GUI or directly in the XDC file using the following syntax:

 set_property CFGBVS value1 [current_design]
 #where value1 is either VCCO or GND

 set_property CONFIG_VOLTAGE value2 [current_design]
 #where value2 is the voltage provided to configuration bank 0

Refer to the device configuration user guide for more information.
WARNING: [DRC DPIP-1] Input pipelining: DSP lab7_block_design_i/FIR_0/U0/sum_stage2_reg[2] input lab7_block_design_i/FIR_0/U0/sum_stage2_reg[2]/A[29:0] is not pipelined. Pipelining DSP48 input will improve performance.
WARNING: [DRC DPIP-1] Input pipelining: DSP lab7_block_design_i/FIR_0/U0/sum_stage2_reg[2] input lab7_block_design_i/FIR_0/U0/sum_stage2_reg[2]/B[17:0] is not pipelined. Pipelining DSP48 input will improve performance.
WARNING: [DRC DPIP-1] Input pipelining: DSP lab7_block_design_i/FIR_0/U0/sum_stage2_reg[5] input lab7_block_design_i/FIR_0/U0/sum_stage2_reg[5]/A[29:0] is not pipelined. Pipelining DSP48 input will improve performance.
WARNING: [DRC DPIP-1] Input pipelining: DSP lab7_block_design_i/FIR_0/U0/sum_stage2_reg[5] input lab7_block_design_i/FIR_0/U0/sum_stage2_reg[5]/B[17:0] is not pipelined. Pipelining DSP48 input will improve performance.
WARNING: [DRC DPIP-1] Input pipelining: DSP lab7_block_design_i/FIR_0/U0/sum_stage2_reg[6] input lab7_block_design_i/FIR_0/U0/sum_stage2_reg[6]/A[29:0] is not pipelined. Pipelining DSP48 input will improve performance.
WARNING: [DRC DPIP-1] Input pipelining: DSP lab7_block_design_i/FIR_0/U0/sum_stage2_reg[6] input lab7_block_design_i/FIR_0/U0/sum_stage2_reg[6]/B[17:0] is not pipelined. Pipelining DSP48 input will improve performance.
WARNING: [DRC DPIP-1] Input pipelining: DSP lab7_block_design_i/FIR_0/U0/sum_stage2_reg[7] input lab7_block_design_i/FIR_0/U0/sum_stage2_reg[7]/A[29:0] is not pipelined. Pipelining DSP48 input will improve performance.
WARNING: [DRC DPIP-1] Input pipelining: DSP lab7_block_design_i/FIR_0/U0/sum_stage2_reg[7] input lab7_block_design_i/FIR_0/U0/sum_stage2_reg[7]/B[17:0] is not pipelined. Pipelining DSP48 input will improve performance.
WARNING: [DRC DPOP-2] MREG Output pipelining: DSP lab7_block_design_i/FIR_0/U0/products_reg[0] multiplier stage lab7_block_design_i/FIR_0/U0/products_reg[0]/P[47:0] is not pipelined (MREG=0). Pipelining the multiplier function will improve performance and will save significant power so it is suggested whenever possible to fully pipeline this function.  If this multiplier was inferred, it is suggested to describe an additional register stage after this function.  If there is no registered adder/accumulator following the multiply function, two pipeline stages are suggested to allow both the MREG and PREG registers to be used.  If the DSP48 was instantiated in the design, it is suggested to set both the MREG and PREG attributes to 1 when performing multiply functions.
WARNING: [DRC DPOP-2] MREG Output pipelining: DSP lab7_block_design_i/FIR_0/U0/products_reg[4] multiplier stage lab7_block_design_i/FIR_0/U0/products_reg[4]/P[47:0] is not pipelined (MREG=0). Pipelining the multiplier function will improve performance and will save significant power so it is suggested whenever possible to fully pipeline this function.  If this multiplier was inferred, it is suggested to describe an additional register stage after this function.  If there is no registered adder/accumulator following the multiply function, two pipeline stages are suggested to allow both the MREG and PREG registers to be used.  If the DSP48 was instantiated in the design, it is suggested to set both the MREG and PREG attributes to 1 when performing multiply functions.
WARNING: [DRC PDCN-1569] LUT equation term check: Used physical LUT pin 'A2' of cell dbg_hub/inst/BSCANID.u_xsdbm_id/SWITCH_N_EXT_BSCAN.id_state[0]_i_1 (pin dbg_hub/inst/BSCANID.u_xsdbm_id/SWITCH_N_EXT_BSCAN.id_state[0]_i_1/I0) is not included in the LUT equation: 'O6=(A6+~A6)*((A5))'. If this cell is a user instantiated LUT in the design, please remove connectivity to the pin or change the equation and/or INIT string of the LUT to prevent this issue. If the cell is inferred or IP created LUT, please regenerate the IP and/or resynthesize the design to attempt to correct the issue.
WARNING: [DRC PDCN-1569] LUT equation term check: Used physical LUT pin 'A3' of cell dbg_hub/inst/BSCANID.u_xsdbm_id/SWITCH_N_EXT_BSCAN.bscan_switch/temp_curid[31]_i_1 (pin dbg_hub/inst/BSCANID.u_xsdbm_id/SWITCH_N_EXT_BSCAN.bscan_switch/temp_curid[31]_i_1/I1) is not included in the LUT equation: 'O5=(A1*A2)+(A1*(~A2)*(~A5))+((~A1))'. If this cell is a user instantiated LUT in the design, please remove connectivity to the pin or change the equation and/or INIT string of the LUT to prevent this issue. If the cell is inferred or IP created LUT, please regenerate the IP and/or resynthesize the design to attempt to correct the issue.
WARNING: [DRC PDCN-1569] LUT equation term check: Used physical LUT pin 'A4' of cell dbg_hub/inst/BSCANID.u_xsdbm_id/SWITCH_N_EXT_BSCAN.bscan_switch/temp_curid[31]_i_1 (pin dbg_hub/inst/BSCANID.u_xsdbm_id/SWITCH_N_EXT_BSCAN.bscan_switch/temp_curid[31]_i_1/I0) is not included in the LUT equation: 'O5=(A1*A2)+(A1*(~A2)*(~A5))+((~A1))'. If this cell is a user instantiated LUT in the design, please remove connectivity to the pin or change the equation and/or INIT string of the LUT to prevent this issue. If the cell is inferred or IP created LUT, please regenerate the IP and/or resynthesize the design to attempt to correct the issue.
WARNING: [DRC RTSTAT-10] No routable loads: 25 net(s) have no routable loads. The problem bus(es) and/or net(s) are dbg_hub/inst/BSCANID.u_xsdbm_id/SWITCH_N_EXT_BSCAN.bscan_inst/TMS, dbg_hub/inst/BSCANID.u_xsdbm_id/CORE_XSDB.UUT_MASTER/U_ICON_INTERFACE/U_CMD6_RD/U_RD_FIFO/SUBCORE_FIFO.xsdbm_v3_0_0_rdfifo_inst/inst_fifo_gen/gconvfifo.rf/grf.rf/gntv_or_sync_fifo.gl0.rd/gr1.gr1_int.rfwft/aempty_fwft_i, dbg_hub/inst/BSCANID.u_xsdbm_id/CORE_XSDB.UUT_MASTER/U_ICON_INTERFACE/U_CMD7_CTL/ctl_reg[2:0], dbg_hub/inst/BSCANID.u_xsdbm_id/CORE_XSDB.UUT_MASTER/U_ICON_INTERFACE/U_CMD7_CTL/ctl_reg_en_2[1], dbg_hub/inst/BSCANID.u_xsdbm_id/CORE_XSDB.UUT_MASTER/U_ICON_INTERFACE/U_CMD1/ctl_reg_en_2[1], dbg_hub/inst/BSCANID.u_xsdbm_id/SWITCH_N_EXT_BSCAN.bscan_switch/m_bscan_capture[0], dbg_hub/inst/BSCANID.u_xsdbm_id/SWITCH_N_EXT_BSCAN.bscan_switch/m_bscan_drck[0], dbg_hub/inst/BSCANID.u_xsdbm_id/SWITCH_N_EXT_BSCAN.bscan_switch/m_bscan_runtest[0], dbg_hub/inst/BSCANID.u_xsdbm_id/CORE_XSDB.UUT_MASTER/U_ICON_INTERFACE/U_CMD6_WR/U_WR_FIFO/SUBCORE_FIFO.xsdbm_v3_0_0_wrfifo_inst/inst_fifo_gen/gconvfifo.rf/grf.rf/rstblk/ngwrdrst.grst.rd_rst_reg[0], dbg_hub/inst/BSCANID.u_xsdbm_id/CORE_XSDB.UUT_MASTER/U_ICON_INTERFACE/U_CMD6_WR/U_WR_FIFO/SUBCORE_FIFO.xsdbm_v3_0_0_wrfifo_inst/inst_fifo_gen/gconvfifo.rf/grf.rf/rstblk/ngwrdrst.grst.wr_rst_reg[2], dbg_hub/inst/BSCANID.u_xsdbm_id/CORE_XSDB.UUT_MASTER/U_ICON_INTERFACE/U_CMD6_RD/U_RD_FIFO/SUBCORE_FIFO.xsdbm_v3_0_0_rdfifo_inst/inst_fifo_gen/gconvfifo.rf/grf.rf/rstblk/ngwrdrst.grst.wr_rst_reg[2], dbg_hub/inst/BSCANID.u_xsdbm_id/CORE_XSDB.UUT_MASTER/U_ICON_INTERFACE/U_CMD6_WR/U_WR_FIFO/SUBCORE_FIFO.xsdbm_v3_0_0_wrfifo_inst/inst_fifo_gen/gconvfifo.rf/grf.rf/gntv_or_sync_fifo.gl0.wr/gwhf.whf/overflow, dbg_hub/inst/BSCANID.u_xsdbm_id/CORE_XSDB.UUT_MASTER/U_ICON_INTERFACE/U_CMD6_RD/U_RD_FIFO/SUBCORE_FIFO.xsdbm_v3_0_0_rdfifo_inst/inst_fifo_gen/gconvfifo.rf/grf.rf/gntv_or_sync_fifo.gl0.wr/gwhf.whf/overflow, dbg_hub/inst/BSCANID.u_xsdbm_id/CORE_XSDB.UUT_MASTER/U_ICON_INTERFACE/U_CMD6_RD/U_RD_FIFO/SUBCORE_FIFO.xsdbm_v3_0_0_rdfifo_inst/inst_fifo_gen/gconvfifo.rf/grf.rf/gntv_or_sync_fifo.gl0.rd/gras.rsts/ram_empty_i, dbg_hub/inst/BSCANID.u_xsdbm_id/CORE_XSDB.UUT_MASTER/U_ICON_INTERFACE/U_CMD6_WR/U_WR_FIFO/SUBCORE_FIFO.xsdbm_v3_0_0_wrfifo_inst/inst_fifo_gen/gconvfifo.rf/grf.rf/gntv_or_sync_fifo.gl0.wr/gwas.wsts/ram_full_i... and (the first 15 of 23 listed).
INFO: [Vivado 12-3199] DRC finished with 0 Errors, 15 Warnings
INFO: [Vivado 12-3200] Please refer to the DRC report (report_drc) for more information.
INFO: [Designutils 20-2272] Running write_bitstream with 8 threads.
Loading data files...
Loading site data...
Loading route data...
Processing options...
Creating bitmap...
Creating bitstream...
Writing bitstream ./lab7_block_design_wrapper.bit...
INFO: [Vivado 12-1842] Bitgen Completed Successfully.
INFO: [Project 1-1876] WebTalk data collection is mandatory when using a ULT device. To see the specific WebTalk data collected for your design, open the usage_statistics_webtalk.html or usage_statistics_webtalk.xml file in the implementation directory.
INFO: [Common 17-83] Releasing license: Implementation
12 Infos, 15 Warnings, 0 Critical Warnings and 0 Errors encountered.
write_bitstream completed successfully
write_bitstream: Time (s): cpu = 00:00:09 ; elapsed = 00:00:16 . Memory (MB): peak = 4433.715 ; gain = 226.301 ; free physical = 26831 ; free virtual = 32683
INFO: [Common 17-206] Exiting Vivado at Thu Jan  8 15:30:04 2026...
