
*** Running vivado
    with args -log lab7_block_design_c_addsub_0_0.vds -m64 -product Vivado -mode batch -messageDb vivado.pb -notrace -source lab7_block_design_c_addsub_0_0.tcl


****** Vivado v2022.2 (64-bit)
  **** SW Build 3671981 on Fri Oct 14 04:59:54 MDT 2022
  **** IP Build 3669848 on Fri Oct 14 08:30:02 MDT 2022
    ** Copyright 1986-2022 Xilinx, Inc. All Rights Reserved.

source lab7_block_design_c_addsub_0_0.tcl -notrace
create_project: Time (s): cpu = 00:00:06 ; elapsed = 00:00:07 . Memory (MB): peak = 2225.176 ; gain = 63.160 ; free physical = 26029 ; free virtual = 31635
INFO: [IP_Flow 19-6924] IPCACHE: Running cache check for IP inst: lab7_block_design_c_addsub_0_0
Command: synth_design -top lab7_block_design_c_addsub_0_0 -part xc7a35ticsg324-1L -incremental_mode off -mode out_of_context
Starting synth_design
Attempting to get a license for feature 'Synthesis' and/or device 'xc7a35ti'
INFO: [Common 17-349] Got license for feature 'Synthesis' and/or device 'xc7a35ti'
INFO: [Device 21-403] Loading part xc7a35ticsg324-1L
INFO: [Synth 8-7079] Multithreading enabled for synth_design using a maximum of 4 processes.
INFO: [Synth 8-7078] Launching helper process for spawning children vivado processes
INFO: [Synth 8-7075] Helper process launched with PID 2892
INFO: [Synth 8-11241] undeclared symbol 'REGCCE', assumed default net type 'wire' [/home/user/Xilinx/Vivado/2022.2/data/verilog/src/unimacro/BRAM_SINGLE_MACRO.v:2170]
---------------------------------------------------------------------------------
Starting RTL Elaboration : Time (s): cpu = 00:00:05 ; elapsed = 00:00:06 . Memory (MB): peak = 3005.316 ; gain = 396.352 ; free physical = 17613 ; free virtual = 23013
Synthesis current peak Physical Memory [PSS] (MB): peak = 1486.298; parent = 1361.058; children = 125.240
Synthesis current peak Virtual Memory [VSS] (MB): peak = 6173.531; parent = 3008.469; children = 3165.062
---------------------------------------------------------------------------------
INFO: [Synth 8-638] synthesizing module 'lab7_block_design_c_addsub_0_0' [/home/user/elettronica_base/labs/lab7/lab7.gen/sources_1/bd/lab7_block_design/ip/lab7_block_design_c_addsub_0_0/synth/lab7_block_design_c_addsub_0_0.vhd:68]
	Parameter C_VERBOSITY bound to: 0 - type: integer 
	Parameter C_XDEVICEFAMILY bound to: artix7 - type: string 
	Parameter C_IMPLEMENTATION bound to: 0 - type: integer 
	Parameter C_A_WIDTH bound to: 16 - type: integer 
	Parameter C_B_WIDTH bound to: 16 - type: integer 
	Parameter C_OUT_WIDTH bound to: 16 - type: integer 
	Parameter C_CE_OVERRIDES_SCLR bound to: 0 - type: integer 
	Parameter C_A_TYPE bound to: 0 - type: integer 
	Parameter C_B_TYPE bound to: 0 - type: integer 
	Parameter C_LATENCY bound to: 1 - type: integer 
	Parameter C_ADD_MODE bound to: 0 - type: integer 
	Parameter C_B_CONSTANT bound to: 0 - type: integer 
	Parameter C_B_VALUE bound to: 0000000000000000 - type: string 
	Parameter C_AINIT_VAL bound to: 0 - type: string 
	Parameter C_SINIT_VAL bound to: 0 - type: string 
	Parameter C_CE_OVERRIDES_BYPASS bound to: 1 - type: integer 
	Parameter C_BYPASS_LOW bound to: 0 - type: integer 
	Parameter C_SCLR_OVERRIDES_SSET bound to: 1 - type: integer 
	Parameter C_HAS_C_IN bound to: 0 - type: integer 
	Parameter C_HAS_C_OUT bound to: 0 - type: integer 
	Parameter C_BORROW_LOW bound to: 1 - type: integer 
	Parameter C_HAS_CE bound to: 0 - type: integer 
	Parameter C_HAS_BYPASS bound to: 0 - type: integer 
	Parameter C_HAS_SCLR bound to: 0 - type: integer 
	Parameter C_HAS_SSET bound to: 0 - type: integer 
	Parameter C_HAS_SINIT bound to: 0 - type: integer 
INFO: [Synth 8-3491] module 'c_addsub_v12_0_14' declared at '/home/user/elettronica_base/labs/lab7/lab7.gen/sources_1/bd/lab7_block_design/ipshared/ebb8/hdl/c_addsub_v12_0_vh_rfs.vhd:7026' bound to instance 'U0' of component 'c_addsub_v12_0_14' [/home/user/elettronica_base/labs/lab7/lab7.gen/sources_1/bd/lab7_block_design/ip/lab7_block_design_c_addsub_0_0/synth/lab7_block_design_c_addsub_0_0.vhd:134]
INFO: [Synth 8-256] done synthesizing module 'lab7_block_design_c_addsub_0_0' (0#1) [/home/user/elettronica_base/labs/lab7/lab7.gen/sources_1/bd/lab7_block_design/ip/lab7_block_design_c_addsub_0_0/synth/lab7_block_design_c_addsub_0_0.vhd:68]
WARNING: [Synth 8-7129] Port CE in module c_reg_fd_v12_0_6_viv is either unconnected or has no load
WARNING: [Synth 8-7129] Port AINIT in module c_reg_fd_v12_0_6_viv is either unconnected or has no load
WARNING: [Synth 8-7129] Port ACLR in module c_reg_fd_v12_0_6_viv is either unconnected or has no load
WARNING: [Synth 8-7129] Port ASET in module c_reg_fd_v12_0_6_viv is either unconnected or has no load
WARNING: [Synth 8-7129] Port SINIT in module c_reg_fd_v12_0_6_viv is either unconnected or has no load
WARNING: [Synth 8-7129] Port SCLR in module c_reg_fd_v12_0_6_viv is either unconnected or has no load
WARNING: [Synth 8-7129] Port SSET in module c_reg_fd_v12_0_6_viv is either unconnected or has no load
WARNING: [Synth 8-7129] Port add in module c_addsub_v12_0_14_lut6_legacy is either unconnected or has no load
WARNING: [Synth 8-7129] Port c_in in module c_addsub_v12_0_14_lut6_legacy is either unconnected or has no load
WARNING: [Synth 8-7129] Port ce in module c_addsub_v12_0_14_lut6_legacy is either unconnected or has no load
WARNING: [Synth 8-7129] Port bypass in module c_addsub_v12_0_14_lut6_legacy is either unconnected or has no load
WARNING: [Synth 8-7129] Port sclr in module c_addsub_v12_0_14_lut6_legacy is either unconnected or has no load
WARNING: [Synth 8-7129] Port sset in module c_addsub_v12_0_14_lut6_legacy is either unconnected or has no load
WARNING: [Synth 8-7129] Port sinit in module c_addsub_v12_0_14_lut6_legacy is either unconnected or has no load
WARNING: [Synth 8-7129] Port c_in in module c_addsub_v12_0_14_legacy is either unconnected or has no load
WARNING: [Synth 8-7129] Port b_in in module c_addsub_v12_0_14_legacy is either unconnected or has no load
WARNING: [Synth 8-7129] Port a_signed in module c_addsub_v12_0_14_legacy is either unconnected or has no load
WARNING: [Synth 8-7129] Port b_signed in module c_addsub_v12_0_14_legacy is either unconnected or has no load
WARNING: [Synth 8-7129] Port C_IN in module c_addsub_v12_0_14_viv is either unconnected or has no load
---------------------------------------------------------------------------------
Finished RTL Elaboration : Time (s): cpu = 00:00:07 ; elapsed = 00:00:10 . Memory (MB): peak = 3111.598 ; gain = 502.633 ; free physical = 16166 ; free virtual = 21804
Synthesis current peak Physical Memory [PSS] (MB): peak = 1590.460; parent = 1361.058; children = 257.748
Synthesis current peak Virtual Memory [VSS] (MB): peak = 6489.375; parent = 3111.598; children = 3377.777
---------------------------------------------------------------------------------
---------------------------------------------------------------------------------
Start Handling Custom Attributes
---------------------------------------------------------------------------------
---------------------------------------------------------------------------------
Finished Handling Custom Attributes : Time (s): cpu = 00:00:07 ; elapsed = 00:00:10 . Memory (MB): peak = 3130.125 ; gain = 521.160 ; free physical = 16274 ; free virtual = 21913
Synthesis current peak Physical Memory [PSS] (MB): peak = 1601.737; parent = 1361.058; children = 257.748
Synthesis current peak Virtual Memory [VSS] (MB): peak = 6507.902; parent = 3130.125; children = 3377.777
---------------------------------------------------------------------------------
---------------------------------------------------------------------------------
Finished RTL Optimization Phase 1 : Time (s): cpu = 00:00:08 ; elapsed = 00:00:10 . Memory (MB): peak = 3130.125 ; gain = 521.160 ; free physical = 16273 ; free virtual = 21912
Synthesis current peak Physical Memory [PSS] (MB): peak = 1601.737; parent = 1361.058; children = 257.748
Synthesis current peak Virtual Memory [VSS] (MB): peak = 6507.902; parent = 3130.125; children = 3377.777
---------------------------------------------------------------------------------
Netlist sorting complete. Time (s): cpu = 00:00:00 ; elapsed = 00:00:00.01 . Memory (MB): peak = 3137.070 ; gain = 0.059 ; free physical = 16411 ; free virtual = 22049
INFO: [Netlist 29-17] Analyzing 31 Unisim elements for replacement
INFO: [Netlist 29-28] Unisim Transformation completed in 0 CPU seconds
INFO: [Project 1-570] Preparing netlist for logic optimization

Processing XDC Constraints
Initializing timing engine
Parsing XDC File [/home/user/elettronica_base/labs/lab7/lab7.gen/sources_1/bd/lab7_block_design/ip/lab7_block_design_c_addsub_0_0/lab7_block_design_c_addsub_0_0_ooc.xdc] for cell 'U0'
Finished Parsing XDC File [/home/user/elettronica_base/labs/lab7/lab7.gen/sources_1/bd/lab7_block_design/ip/lab7_block_design_c_addsub_0_0/lab7_block_design_c_addsub_0_0_ooc.xdc] for cell 'U0'
Parsing XDC File [/home/user/elettronica_base/labs/lab7/lab7.runs/lab7_block_design_c_addsub_0_0_synth_1/dont_touch.xdc]
Finished Parsing XDC File [/home/user/elettronica_base/labs/lab7/lab7.runs/lab7_block_design_c_addsub_0_0_synth_1/dont_touch.xdc]
Completed Processing XDC Constraints

Netlist sorting complete. Time (s): cpu = 00:00:00 ; elapsed = 00:00:00 . Memory (MB): peak = 3259.727 ; gain = 0.000 ; free physical = 16237 ; free virtual = 21872
INFO: [Project 1-111] Unisim Transformation Summary:
No Unisim elements were transformed.

Constraint Validation Runtime : Time (s): cpu = 00:00:00.06 ; elapsed = 00:00:00.07 . Memory (MB): peak = 3260.512 ; gain = 0.770 ; free physical = 16227 ; free virtual = 21862
INFO: [Designutils 20-5008] Incremental synthesis strategy off
INFO: [Synth 8-11241] undeclared symbol 'REGCCE', assumed default net type 'wire' [/home/user/Xilinx/Vivado/2022.2/data/verilog/src/unimacro/BRAM_SINGLE_MACRO.v:2170]
---------------------------------------------------------------------------------
Finished Constraint Validation : Time (s): cpu = 00:00:12 ; elapsed = 00:00:15 . Memory (MB): peak = 3260.621 ; gain = 651.656 ; free physical = 16647 ; free virtual = 22286
Synthesis current peak Physical Memory [PSS] (MB): peak = 1640.648; parent = 1383.531; children = 257.748
Synthesis current peak Virtual Memory [VSS] (MB): peak = 6613.188; parent = 3235.410; children = 3377.777
---------------------------------------------------------------------------------
---------------------------------------------------------------------------------
Start Loading Part and Timing Information
---------------------------------------------------------------------------------
Loading part: xc7a35ticsg324-1L
---------------------------------------------------------------------------------
Finished Loading Part and Timing Information : Time (s): cpu = 00:00:12 ; elapsed = 00:00:16 . Memory (MB): peak = 3260.621 ; gain = 651.656 ; free physical = 16661 ; free virtual = 22299
Synthesis current peak Physical Memory [PSS] (MB): peak = 1640.899; parent = 1383.783; children = 257.748
Synthesis current peak Virtual Memory [VSS] (MB): peak = 6613.312; parent = 3235.535; children = 3377.777
---------------------------------------------------------------------------------
---------------------------------------------------------------------------------
Start Applying 'set_property' XDC Constraints
---------------------------------------------------------------------------------
Applied set_property KEEP_HIERARCHY = SOFT for U0. (constraint file  /home/user/elettronica_base/labs/lab7/lab7.runs/lab7_block_design_c_addsub_0_0_synth_1/dont_touch.xdc, line 9).
---------------------------------------------------------------------------------
Finished applying 'set_property' XDC Constraints : Time (s): cpu = 00:00:12 ; elapsed = 00:00:16 . Memory (MB): peak = 3260.621 ; gain = 651.656 ; free physical = 16656 ; free virtual = 22295
Synthesis current peak Physical Memory [PSS] (MB): peak = 1641.281; parent = 1384.167; children = 257.748
Synthesis current peak Virtual Memory [VSS] (MB): peak = 6613.363; parent = 3235.586; children = 3377.777
---------------------------------------------------------------------------------
---------------------------------------------------------------------------------
Finished RTL Optimization Phase 2 : Time (s): cpu = 00:00:13 ; elapsed = 00:00:16 . Memory (MB): peak = 3260.621 ; gain = 651.656 ; free physical = 16643 ; free virtual = 22283
Synthesis current peak Physical Memory [PSS] (MB): peak = 1645.451; parent = 1388.339; children = 257.748
Synthesis current peak Virtual Memory [VSS] (MB): peak = 6613.727; parent = 3235.949; children = 3377.777
---------------------------------------------------------------------------------
---------------------------------------------------------------------------------
Start RTL Component Statistics 
---------------------------------------------------------------------------------
---------------------------------------------------------------------------------
Finished RTL Component Statistics 
---------------------------------------------------------------------------------
---------------------------------------------------------------------------------
Start Part Resource Summary
---------------------------------------------------------------------------------
Part Resources:
DSPs: 90 (col length:60)
BRAMs: 100 (col length: RAMB18 60 RAMB36 30)
---------------------------------------------------------------------------------
Finished Part Resource Summary
---------------------------------------------------------------------------------
---------------------------------------------------------------------------------
Start Cross Boundary and Area Optimization
---------------------------------------------------------------------------------
WARNING: [Synth 8-7080] Parallel synthesis criteria is not met
WARNING: [Synth 8-7129] Port ADD in module c_addsub_v12_0_14_viv is either unconnected or has no load
WARNING: [Synth 8-7129] Port C_IN in module c_addsub_v12_0_14_viv is either unconnected or has no load
WARNING: [Synth 8-7129] Port CE in module c_addsub_v12_0_14_viv is either unconnected or has no load
WARNING: [Synth 8-7129] Port BYPASS in module c_addsub_v12_0_14_viv is either unconnected or has no load
WARNING: [Synth 8-7129] Port SCLR in module c_addsub_v12_0_14_viv is either unconnected or has no load
WARNING: [Synth 8-7129] Port SSET in module c_addsub_v12_0_14_viv is either unconnected or has no load
WARNING: [Synth 8-7129] Port SINIT in module c_addsub_v12_0_14_viv is either unconnected or has no load
---------------------------------------------------------------------------------
Finished Cross Boundary and Area Optimization : Time (s): cpu = 00:00:13 ; elapsed = 00:00:17 . Memory (MB): peak = 3260.621 ; gain = 651.656 ; free physical = 16493 ; free virtual = 22135
Synthesis current peak Physical Memory [PSS] (MB): peak = 1657.520; parent = 1400.438; children = 257.748
Synthesis current peak Virtual Memory [VSS] (MB): peak = 6614.387; parent = 3236.609; children = 3377.777
---------------------------------------------------------------------------------
---------------------------------------------------------------------------------
Start Applying XDC Timing Constraints
---------------------------------------------------------------------------------
---------------------------------------------------------------------------------
Finished Applying XDC Timing Constraints : Time (s): cpu = 00:00:18 ; elapsed = 00:00:21 . Memory (MB): peak = 3260.621 ; gain = 651.656 ; free physical = 17969 ; free virtual = 23633
Synthesis current peak Physical Memory [PSS] (MB): peak = 1733.984; parent = 1476.867; children = 257.748
Synthesis current peak Virtual Memory [VSS] (MB): peak = 6614.387; parent = 3236.609; children = 3377.777
---------------------------------------------------------------------------------
---------------------------------------------------------------------------------
Start Timing Optimization
---------------------------------------------------------------------------------
---------------------------------------------------------------------------------
Finished Timing Optimization : Time (s): cpu = 00:00:18 ; elapsed = 00:00:21 . Memory (MB): peak = 3260.621 ; gain = 651.656 ; free physical = 17985 ; free virtual = 23649
Synthesis current peak Physical Memory [PSS] (MB): peak = 1734.206; parent = 1477.089; children = 257.748
Synthesis current peak Virtual Memory [VSS] (MB): peak = 6614.387; parent = 3236.609; children = 3377.777
---------------------------------------------------------------------------------
---------------------------------------------------------------------------------
Start Technology Mapping
---------------------------------------------------------------------------------
---------------------------------------------------------------------------------
Finished Technology Mapping : Time (s): cpu = 00:00:18 ; elapsed = 00:00:21 . Memory (MB): peak = 3260.621 ; gain = 651.656 ; free physical = 17983 ; free virtual = 23646
Synthesis current peak Physical Memory [PSS] (MB): peak = 1734.543; parent = 1477.426; children = 257.748
Synthesis current peak Virtual Memory [VSS] (MB): peak = 6614.387; parent = 3236.609; children = 3377.777
---------------------------------------------------------------------------------
---------------------------------------------------------------------------------
Start IO Insertion
---------------------------------------------------------------------------------
---------------------------------------------------------------------------------
Start Flattening Before IO Insertion
---------------------------------------------------------------------------------
---------------------------------------------------------------------------------
Finished Flattening Before IO Insertion
---------------------------------------------------------------------------------
---------------------------------------------------------------------------------
Start Final Netlist Cleanup
---------------------------------------------------------------------------------
---------------------------------------------------------------------------------
Finished Final Netlist Cleanup
---------------------------------------------------------------------------------
---------------------------------------------------------------------------------
Finished IO Insertion : Time (s): cpu = 00:00:21 ; elapsed = 00:00:24 . Memory (MB): peak = 3260.621 ; gain = 651.656 ; free physical = 18865 ; free virtual = 24517
Synthesis current peak Physical Memory [PSS] (MB): peak = 1743.560; parent = 1477.426; children = 267.124
Synthesis current peak Virtual Memory [VSS] (MB): peak = 6614.387; parent = 3236.609; children = 3377.777
---------------------------------------------------------------------------------
---------------------------------------------------------------------------------
Start Renaming Generated Instances
---------------------------------------------------------------------------------
---------------------------------------------------------------------------------
Finished Renaming Generated Instances : Time (s): cpu = 00:00:21 ; elapsed = 00:00:24 . Memory (MB): peak = 3260.621 ; gain = 651.656 ; free physical = 18861 ; free virtual = 24513
Synthesis current peak Physical Memory [PSS] (MB): peak = 1743.560; parent = 1477.426; children = 267.124
Synthesis current peak Virtual Memory [VSS] (MB): peak = 6614.387; parent = 3236.609; children = 3377.777
---------------------------------------------------------------------------------
---------------------------------------------------------------------------------
Start Rebuilding User Hierarchy
---------------------------------------------------------------------------------
---------------------------------------------------------------------------------
Finished Rebuilding User Hierarchy : Time (s): cpu = 00:00:21 ; elapsed = 00:00:24 . Memory (MB): peak = 3260.621 ; gain = 651.656 ; free physical = 18857 ; free virtual = 24509
Synthesis current peak Physical Memory [PSS] (MB): peak = 1743.586; parent = 1477.426; children = 267.124
Synthesis current peak Virtual Memory [VSS] (MB): peak = 6614.387; parent = 3236.609; children = 3377.777
---------------------------------------------------------------------------------
---------------------------------------------------------------------------------
Start Renaming Generated Ports
---------------------------------------------------------------------------------
---------------------------------------------------------------------------------
Finished Renaming Generated Ports : Time (s): cpu = 00:00:21 ; elapsed = 00:00:24 . Memory (MB): peak = 3260.621 ; gain = 651.656 ; free physical = 18851 ; free virtual = 24504
Synthesis current peak Physical Memory [PSS] (MB): peak = 1743.596; parent = 1477.426; children = 267.124
Synthesis current peak Virtual Memory [VSS] (MB): peak = 6614.387; parent = 3236.609; children = 3377.777
---------------------------------------------------------------------------------
---------------------------------------------------------------------------------
Start Handling Custom Attributes
---------------------------------------------------------------------------------
---------------------------------------------------------------------------------
Finished Handling Custom Attributes : Time (s): cpu = 00:00:21 ; elapsed = 00:00:24 . Memory (MB): peak = 3260.621 ; gain = 651.656 ; free physical = 18851 ; free virtual = 24503
Synthesis current peak Physical Memory [PSS] (MB): peak = 1743.604; parent = 1477.426; children = 267.124
Synthesis current peak Virtual Memory [VSS] (MB): peak = 6614.387; parent = 3236.609; children = 3377.777
---------------------------------------------------------------------------------
---------------------------------------------------------------------------------
Start Renaming Generated Nets
---------------------------------------------------------------------------------
---------------------------------------------------------------------------------
Finished Renaming Generated Nets : Time (s): cpu = 00:00:21 ; elapsed = 00:00:24 . Memory (MB): peak = 3260.621 ; gain = 651.656 ; free physical = 18849 ; free virtual = 24502
Synthesis current peak Physical Memory [PSS] (MB): peak = 1743.696; parent = 1477.426; children = 267.141
Synthesis current peak Virtual Memory [VSS] (MB): peak = 6614.387; parent = 3236.609; children = 3377.777
---------------------------------------------------------------------------------
---------------------------------------------------------------------------------
Start Writing Synthesis Report
---------------------------------------------------------------------------------

Report BlackBoxes: 
+-+--------------+----------+
| |BlackBox name |Instances |
+-+--------------+----------+
+-+--------------+----------+

Report Cell Usage: 
+------+------+------+
|      |Cell  |Count |
+------+------+------+
|1     |LUT2  |    16|
|2     |MUXCY |    15|
|3     |XORCY |    16|
|4     |FDRE  |    16|
+------+------+------+
---------------------------------------------------------------------------------
Finished Writing Synthesis Report : Time (s): cpu = 00:00:21 ; elapsed = 00:00:24 . Memory (MB): peak = 3260.621 ; gain = 651.656 ; free physical = 18842 ; free virtual = 24494
Synthesis current peak Physical Memory [PSS] (MB): peak = 1743.765; parent = 1477.426; children = 267.141
Synthesis current peak Virtual Memory [VSS] (MB): peak = 6614.387; parent = 3236.609; children = 3377.777
---------------------------------------------------------------------------------
Synthesis finished with 0 errors, 0 critical warnings and 8 warnings.
Synthesis Optimization Runtime : Time (s): cpu = 00:00:19 ; elapsed = 00:00:23 . Memory (MB): peak = 3260.621 ; gain = 521.164 ; free physical = 18838 ; free virtual = 24490
Synthesis Optimization Complete : Time (s): cpu = 00:00:21 ; elapsed = 00:00:24 . Memory (MB): peak = 3260.621 ; gain = 651.656 ; free physical = 18838 ; free virtual = 24490
INFO: [Project 1-571] Translating synthesized netlist
Netlist sorting complete. Time (s): cpu = 00:00:00 ; elapsed = 00:00:00 . Memory (MB): peak = 3260.621 ; gain = 0.000 ; free physical = 18836 ; free virtual = 24489
INFO: [Netlist 29-17] Analyzing 31 Unisim elements for replacement
INFO: [Netlist 29-28] Unisim Transformation completed in 0 CPU seconds
INFO: [Project 1-570] Preparing netlist for logic optimization
INFO: [Opt 31-138] Pushed 0 inverter(s) to 0 load pin(s).
Netlist sorting complete. Time (s): cpu = 00:00:00 ; elapsed = 00:00:00 . Memory (MB): peak = 3260.621 ; gain = 0.000 ; free physical = 19065 ; free virtual = 24718
INFO: [Project 1-111] Unisim Transformation Summary:
  A total of 4 instances were transformed.
  (MUXCY,XORCY) => CARRY4: 4 instances

Synth Design complete, checksum: 8a516e4b
INFO: [Common 17-83] Releasing license: Synthesis
23 Infos, 27 Warnings, 0 Critical Warnings and 0 Errors encountered.
synth_design completed successfully
synth_design: Time (s): cpu = 00:00:30 ; elapsed = 00:00:30 . Memory (MB): peak = 3260.621 ; gain = 998.984 ; free physical = 19224 ; free virtual = 24878
INFO: [Common 17-1381] The checkpoint '/home/user/elettronica_base/labs/lab7/lab7.runs/lab7_block_design_c_addsub_0_0_synth_1/lab7_block_design_c_addsub_0_0.dcp' has been generated.
INFO: [Coretcl 2-1648] Added synthesis output to IP cache for IP lab7_block_design_c_addsub_0_0, cache-ID = f8db1638d84ab10a
INFO: [Coretcl 2-1174] Renamed 6 cell refs.
INFO: [Common 17-1381] The checkpoint '/home/user/elettronica_base/labs/lab7/lab7.runs/lab7_block_design_c_addsub_0_0_synth_1/lab7_block_design_c_addsub_0_0.dcp' has been generated.
INFO: [runtcl-4] Executing : report_utilization -file lab7_block_design_c_addsub_0_0_utilization_synth.rpt -pb lab7_block_design_c_addsub_0_0_utilization_synth.pb
INFO: [Common 17-206] Exiting Vivado at Thu Jan  8 14:09:10 2026...
