
*** Running vivado
    with args -log lab8_block_design_c_counter_binary_0_0.vds -m64 -product Vivado -mode batch -messageDb vivado.pb -notrace -source lab8_block_design_c_counter_binary_0_0.tcl


****** Vivado v2022.2 (64-bit)
  **** SW Build 3671981 on Fri Oct 14 04:59:54 MDT 2022
  **** IP Build 3669848 on Fri Oct 14 08:30:02 MDT 2022
    ** Copyright 1986-2022 Xilinx, Inc. All Rights Reserved.

CRITICAL WARNING: [Common 17-741] No write access right to the local Tcl store at '/home/user/.Xilinx/Vivado/2022.2/XilinxTclStore'. XilinxTclStore is reverted to the installation area. If you want to use local Tcl Store, please change the access right and relaunch Vivado.
source lab8_block_design_c_counter_binary_0_0.tcl -notrace
create_project: Time (s): cpu = 00:00:05 ; elapsed = 00:00:05 . Memory (MB): peak = 2225.273 ; gain = 63.145 ; free physical = 23995 ; free virtual = 29804
INFO: [IP_Flow 19-6924] IPCACHE: Running cache check for IP inst: lab8_block_design_c_counter_binary_0_0
Command: synth_design -top lab8_block_design_c_counter_binary_0_0 -part xc7a35ticsg324-1L -incremental_mode off -mode out_of_context
Starting synth_design
Attempting to get a license for feature 'Synthesis' and/or device 'xc7a35ti'
INFO: [Common 17-349] Got license for feature 'Synthesis' and/or device 'xc7a35ti'
INFO: [Device 21-403] Loading part xc7a35ticsg324-1L
INFO: [Synth 8-7079] Multithreading enabled for synth_design using a maximum of 4 processes.
INFO: [Synth 8-7078] Launching helper process for spawning children vivado processes
INFO: [Synth 8-7075] Helper process launched with PID 58060
INFO: [Synth 8-11241] undeclared symbol 'REGCCE', assumed default net type 'wire' [/home/user/Xilinx/Vivado/2022.2/data/verilog/src/unimacro/BRAM_SINGLE_MACRO.v:2170]
---------------------------------------------------------------------------------
Starting RTL Elaboration : Time (s): cpu = 00:00:05 ; elapsed = 00:00:06 . Memory (MB): peak = 3012.199 ; gain = 403.262 ; free physical = 16378 ; free virtual = 22013
Synthesis current peak Physical Memory [PSS] (MB): peak = 1604.268; parent = 1382.128; children = 222.140
Synthesis current peak Virtual Memory [VSS] (MB): peak = 6237.484; parent = 3015.320; children = 3222.164
---------------------------------------------------------------------------------
INFO: [Synth 8-638] synthesizing module 'lab8_block_design_c_counter_binary_0_0' [/home/user/elettronica_base/labs/lab8/lab8.gen/sources_1/bd/lab8_block_design/ip/lab8_block_design_c_counter_binary_0_0/synth/lab8_block_design_c_counter_binary_0_0.vhd:67]
	Parameter C_IMPLEMENTATION bound to: 0 - type: integer 
	Parameter C_VERBOSITY bound to: 0 - type: integer 
	Parameter C_XDEVICEFAMILY bound to: artix7 - type: string 
	Parameter C_WIDTH bound to: 7 - type: integer 
	Parameter C_HAS_CE bound to: 1 - type: integer 
	Parameter C_HAS_SCLR bound to: 0 - type: integer 
	Parameter C_RESTRICT_COUNT bound to: 0 - type: integer 
	Parameter C_COUNT_TO bound to: 1 - type: string 
	Parameter C_COUNT_BY bound to: 1 - type: string 
	Parameter C_COUNT_MODE bound to: 0 - type: integer 
	Parameter C_THRESH0_VALUE bound to: 1 - type: string 
	Parameter C_CE_OVERRIDES_SYNC bound to: 0 - type: integer 
	Parameter C_HAS_THRESH0 bound to: 0 - type: integer 
	Parameter C_HAS_LOAD bound to: 0 - type: integer 
	Parameter C_LOAD_LOW bound to: 0 - type: integer 
	Parameter C_LATENCY bound to: 1 - type: integer 
	Parameter C_FB_LATENCY bound to: 0 - type: integer 
	Parameter C_AINIT_VAL bound to: 0 - type: string 
	Parameter C_SINIT_VAL bound to: 0 - type: string 
	Parameter C_SCLR_OVERRIDES_SSET bound to: 1 - type: integer 
	Parameter C_HAS_SSET bound to: 0 - type: integer 
	Parameter C_HAS_SINIT bound to: 0 - type: integer 
INFO: [Synth 8-3491] module 'c_counter_binary_v12_0_15' declared at '/home/user/elettronica_base/labs/lab8/lab8.gen/sources_1/bd/lab8_block_design/ipshared/e1e1/hdl/c_counter_binary_v12_0_vh_rfs.vhd:2146' bound to instance 'U0' of component 'c_counter_binary_v12_0_15' [/home/user/elettronica_base/labs/lab8/lab8.gen/sources_1/bd/lab8_block_design/ip/lab8_block_design_c_counter_binary_0_0/synth/lab8_block_design_c_counter_binary_0_0.vhd:125]
INFO: [Synth 8-256] done synthesizing module 'lab8_block_design_c_counter_binary_0_0' (0#1) [/home/user/elettronica_base/labs/lab8/lab8.gen/sources_1/bd/lab8_block_design/ip/lab8_block_design_c_counter_binary_0_0/synth/lab8_block_design_c_counter_binary_0_0.vhd:67]
WARNING: [Synth 8-7129] Port AINIT in module c_reg_fd_v12_0_6_viv is either unconnected or has no load
WARNING: [Synth 8-7129] Port ACLR in module c_reg_fd_v12_0_6_viv is either unconnected or has no load
WARNING: [Synth 8-7129] Port ASET in module c_reg_fd_v12_0_6_viv is either unconnected or has no load
WARNING: [Synth 8-7129] Port SINIT in module c_reg_fd_v12_0_6_viv is either unconnected or has no load
WARNING: [Synth 8-7129] Port SCLR in module c_reg_fd_v12_0_6_viv is either unconnected or has no load
WARNING: [Synth 8-7129] Port SSET in module c_reg_fd_v12_0_6_viv is either unconnected or has no load
WARNING: [Synth 8-7129] Port b[6] in module c_addsub_v12_0_14_lut6_legacy is either unconnected or has no load
WARNING: [Synth 8-7129] Port b[5] in module c_addsub_v12_0_14_lut6_legacy is either unconnected or has no load
WARNING: [Synth 8-7129] Port b[4] in module c_addsub_v12_0_14_lut6_legacy is either unconnected or has no load
WARNING: [Synth 8-7129] Port b[3] in module c_addsub_v12_0_14_lut6_legacy is either unconnected or has no load
WARNING: [Synth 8-7129] Port b[2] in module c_addsub_v12_0_14_lut6_legacy is either unconnected or has no load
WARNING: [Synth 8-7129] Port b[1] in module c_addsub_v12_0_14_lut6_legacy is either unconnected or has no load
WARNING: [Synth 8-7129] Port b[0] in module c_addsub_v12_0_14_lut6_legacy is either unconnected or has no load
WARNING: [Synth 8-7129] Port add in module c_addsub_v12_0_14_lut6_legacy is either unconnected or has no load
WARNING: [Synth 8-7129] Port c_in in module c_addsub_v12_0_14_lut6_legacy is either unconnected or has no load
WARNING: [Synth 8-7129] Port bypass in module c_addsub_v12_0_14_lut6_legacy is either unconnected or has no load
WARNING: [Synth 8-7129] Port sclr in module c_addsub_v12_0_14_lut6_legacy is either unconnected or has no load
WARNING: [Synth 8-7129] Port sset in module c_addsub_v12_0_14_lut6_legacy is either unconnected or has no load
WARNING: [Synth 8-7129] Port sinit in module c_addsub_v12_0_14_lut6_legacy is either unconnected or has no load
WARNING: [Synth 8-7129] Port c_in in module c_addsub_v12_0_14_legacy is either unconnected or has no load
WARNING: [Synth 8-7129] Port b_in in module c_addsub_v12_0_14_legacy is either unconnected or has no load
WARNING: [Synth 8-7129] Port a_signed in module c_addsub_v12_0_14_legacy is either unconnected or has no load
WARNING: [Synth 8-7129] Port b_signed in module c_addsub_v12_0_14_legacy is either unconnected or has no load
WARNING: [Synth 8-7129] Port up in module c_counter_binary_v12_0_15_legacy is either unconnected or has no load
WARNING: [Synth 8-7129] Port load in module c_counter_binary_v12_0_15_legacy is either unconnected or has no load
WARNING: [Synth 8-7129] Port l[6] in module c_counter_binary_v12_0_15_legacy is either unconnected or has no load
WARNING: [Synth 8-7129] Port l[5] in module c_counter_binary_v12_0_15_legacy is either unconnected or has no load
WARNING: [Synth 8-7129] Port l[4] in module c_counter_binary_v12_0_15_legacy is either unconnected or has no load
WARNING: [Synth 8-7129] Port l[3] in module c_counter_binary_v12_0_15_legacy is either unconnected or has no load
WARNING: [Synth 8-7129] Port l[2] in module c_counter_binary_v12_0_15_legacy is either unconnected or has no load
WARNING: [Synth 8-7129] Port l[1] in module c_counter_binary_v12_0_15_legacy is either unconnected or has no load
WARNING: [Synth 8-7129] Port l[0] in module c_counter_binary_v12_0_15_legacy is either unconnected or has no load
WARNING: [Synth 8-7129] Port iv[6] in module c_counter_binary_v12_0_15_legacy is either unconnected or has no load
WARNING: [Synth 8-7129] Port iv[5] in module c_counter_binary_v12_0_15_legacy is either unconnected or has no load
WARNING: [Synth 8-7129] Port iv[4] in module c_counter_binary_v12_0_15_legacy is either unconnected or has no load
WARNING: [Synth 8-7129] Port iv[3] in module c_counter_binary_v12_0_15_legacy is either unconnected or has no load
WARNING: [Synth 8-7129] Port iv[2] in module c_counter_binary_v12_0_15_legacy is either unconnected or has no load
WARNING: [Synth 8-7129] Port iv[1] in module c_counter_binary_v12_0_15_legacy is either unconnected or has no load
WARNING: [Synth 8-7129] Port iv[0] in module c_counter_binary_v12_0_15_legacy is either unconnected or has no load
WARNING: [Synth 8-7129] Port sclr in module c_counter_binary_v12_0_15_legacy is either unconnected or has no load
WARNING: [Synth 8-7129] Port sset in module c_counter_binary_v12_0_15_legacy is either unconnected or has no load
WARNING: [Synth 8-7129] Port sinit in module c_counter_binary_v12_0_15_legacy is either unconnected or has no load
---------------------------------------------------------------------------------
Finished RTL Elaboration : Time (s): cpu = 00:00:08 ; elapsed = 00:00:10 . Memory (MB): peak = 3133.586 ; gain = 524.648 ; free physical = 14423 ; free virtual = 20239
Synthesis current peak Physical Memory [PSS] (MB): peak = 1629.637; parent = 1382.128; children = 259.316
Synthesis current peak Virtual Memory [VSS] (MB): peak = 6512.398; parent = 3133.586; children = 3378.812
---------------------------------------------------------------------------------
---------------------------------------------------------------------------------
Start Handling Custom Attributes
---------------------------------------------------------------------------------
---------------------------------------------------------------------------------
Finished Handling Custom Attributes : Time (s): cpu = 00:00:08 ; elapsed = 00:00:10 . Memory (MB): peak = 3152.113 ; gain = 543.176 ; free physical = 14424 ; free virtual = 20238
Synthesis current peak Physical Memory [PSS] (MB): peak = 1633.535; parent = 1382.128; children = 259.316
Synthesis current peak Virtual Memory [VSS] (MB): peak = 6530.926; parent = 3152.113; children = 3378.812
---------------------------------------------------------------------------------
---------------------------------------------------------------------------------
Finished RTL Optimization Phase 1 : Time (s): cpu = 00:00:08 ; elapsed = 00:00:10 . Memory (MB): peak = 3152.113 ; gain = 543.176 ; free physical = 14424 ; free virtual = 20238
Synthesis current peak Physical Memory [PSS] (MB): peak = 1633.535; parent = 1382.128; children = 259.316
Synthesis current peak Virtual Memory [VSS] (MB): peak = 6530.926; parent = 3152.113; children = 3378.812
---------------------------------------------------------------------------------
Netlist sorting complete. Time (s): cpu = 00:00:00.01 ; elapsed = 00:00:00 . Memory (MB): peak = 3159.098 ; gain = 0.055 ; free physical = 14424 ; free virtual = 20238
INFO: [Netlist 29-17] Analyzing 13 Unisim elements for replacement
INFO: [Netlist 29-28] Unisim Transformation completed in 0 CPU seconds
INFO: [Project 1-570] Preparing netlist for logic optimization

Processing XDC Constraints
Initializing timing engine
Parsing XDC File [/home/user/elettronica_base/labs/lab8/lab8.gen/sources_1/bd/lab8_block_design/ip/lab8_block_design_c_counter_binary_0_0/lab8_block_design_c_counter_binary_0_0_ooc.xdc] for cell 'U0'
Finished Parsing XDC File [/home/user/elettronica_base/labs/lab8/lab8.gen/sources_1/bd/lab8_block_design/ip/lab8_block_design_c_counter_binary_0_0/lab8_block_design_c_counter_binary_0_0_ooc.xdc] for cell 'U0'
Parsing XDC File [/home/user/elettronica_base/labs/lab8/lab8.runs/lab8_block_design_c_counter_binary_0_0_synth_1/dont_touch.xdc]
Finished Parsing XDC File [/home/user/elettronica_base/labs/lab8/lab8.runs/lab8_block_design_c_counter_binary_0_0_synth_1/dont_touch.xdc]
Completed Processing XDC Constraints

Netlist sorting complete. Time (s): cpu = 00:00:00 ; elapsed = 00:00:00 . Memory (MB): peak = 3185.945 ; gain = 0.000 ; free physical = 14463 ; free virtual = 20277
INFO: [Project 1-111] Unisim Transformation Summary:
No Unisim elements were transformed.

Constraint Validation Runtime : Time (s): cpu = 00:00:00.05 ; elapsed = 00:00:00.06 . Memory (MB): peak = 3186.672 ; gain = 0.711 ; free physical = 14435 ; free virtual = 20250
INFO: [Designutils 20-5008] Incremental synthesis strategy off
INFO: [Synth 8-11241] undeclared symbol 'REGCCE', assumed default net type 'wire' [/home/user/Xilinx/Vivado/2022.2/data/verilog/src/unimacro/BRAM_SINGLE_MACRO.v:2170]
---------------------------------------------------------------------------------
Finished Constraint Validation : Time (s): cpu = 00:00:13 ; elapsed = 00:00:15 . Memory (MB): peak = 3186.781 ; gain = 577.844 ; free physical = 14443 ; free virtual = 20260
Synthesis current peak Physical Memory [PSS] (MB): peak = 1653.576; parent = 1394.301; children = 259.316
Synthesis current peak Virtual Memory [VSS] (MB): peak = 6540.406; parent = 3161.594; children = 3378.812
---------------------------------------------------------------------------------
---------------------------------------------------------------------------------
Start Loading Part and Timing Information
---------------------------------------------------------------------------------
Loading part: xc7a35ticsg324-1L
---------------------------------------------------------------------------------
Finished Loading Part and Timing Information : Time (s): cpu = 00:00:13 ; elapsed = 00:00:15 . Memory (MB): peak = 3186.781 ; gain = 577.844 ; free physical = 14443 ; free virtual = 20260
Synthesis current peak Physical Memory [PSS] (MB): peak = 1653.576; parent = 1394.301; children = 259.316
Synthesis current peak Virtual Memory [VSS] (MB): peak = 6540.531; parent = 3161.719; children = 3378.812
---------------------------------------------------------------------------------
---------------------------------------------------------------------------------
Start Applying 'set_property' XDC Constraints
---------------------------------------------------------------------------------
Applied set_property KEEP_HIERARCHY = SOFT for U0. (constraint file  /home/user/elettronica_base/labs/lab8/lab8.runs/lab8_block_design_c_counter_binary_0_0_synth_1/dont_touch.xdc, line 9).
---------------------------------------------------------------------------------
Finished applying 'set_property' XDC Constraints : Time (s): cpu = 00:00:13 ; elapsed = 00:00:15 . Memory (MB): peak = 3186.781 ; gain = 577.844 ; free physical = 14443 ; free virtual = 20260
Synthesis current peak Physical Memory [PSS] (MB): peak = 1653.576; parent = 1394.301; children = 259.316
Synthesis current peak Virtual Memory [VSS] (MB): peak = 6540.582; parent = 3161.770; children = 3378.812
---------------------------------------------------------------------------------
---------------------------------------------------------------------------------
Finished RTL Optimization Phase 2 : Time (s): cpu = 00:00:13 ; elapsed = 00:00:15 . Memory (MB): peak = 3186.781 ; gain = 577.844 ; free physical = 14415 ; free virtual = 20234
Synthesis current peak Physical Memory [PSS] (MB): peak = 1653.576; parent = 1394.301; children = 259.316
Synthesis current peak Virtual Memory [VSS] (MB): peak = 6540.953; parent = 3162.141; children = 3378.812
---------------------------------------------------------------------------------
---------------------------------------------------------------------------------
Start RTL Component Statistics 
---------------------------------------------------------------------------------
---------------------------------------------------------------------------------
Finished RTL Component Statistics 
---------------------------------------------------------------------------------
---------------------------------------------------------------------------------
Start Part Resource Summary
---------------------------------------------------------------------------------
Part Resources:
DSPs: 90 (col length:60)
BRAMs: 100 (col length: RAMB18 60 RAMB36 30)
---------------------------------------------------------------------------------
Finished Part Resource Summary
---------------------------------------------------------------------------------
---------------------------------------------------------------------------------
Start Cross Boundary and Area Optimization
---------------------------------------------------------------------------------
WARNING: [Synth 8-7080] Parallel synthesis criteria is not met
WARNING: [Synth 8-7129] Port SCLR in module c_counter_binary_v12_0_15_viv is either unconnected or has no load
WARNING: [Synth 8-7129] Port SSET in module c_counter_binary_v12_0_15_viv is either unconnected or has no load
WARNING: [Synth 8-7129] Port SINIT in module c_counter_binary_v12_0_15_viv is either unconnected or has no load
WARNING: [Synth 8-7129] Port UP in module c_counter_binary_v12_0_15_viv is either unconnected or has no load
WARNING: [Synth 8-7129] Port LOAD in module c_counter_binary_v12_0_15_viv is either unconnected or has no load
WARNING: [Synth 8-7129] Port L[6] in module c_counter_binary_v12_0_15_viv is either unconnected or has no load
WARNING: [Synth 8-7129] Port L[5] in module c_counter_binary_v12_0_15_viv is either unconnected or has no load
WARNING: [Synth 8-7129] Port L[4] in module c_counter_binary_v12_0_15_viv is either unconnected or has no load
WARNING: [Synth 8-7129] Port L[3] in module c_counter_binary_v12_0_15_viv is either unconnected or has no load
WARNING: [Synth 8-7129] Port L[2] in module c_counter_binary_v12_0_15_viv is either unconnected or has no load
WARNING: [Synth 8-7129] Port L[1] in module c_counter_binary_v12_0_15_viv is either unconnected or has no load
WARNING: [Synth 8-7129] Port L[0] in module c_counter_binary_v12_0_15_viv is either unconnected or has no load
---------------------------------------------------------------------------------
Finished Cross Boundary and Area Optimization : Time (s): cpu = 00:00:14 ; elapsed = 00:00:16 . Memory (MB): peak = 3186.781 ; gain = 577.844 ; free physical = 14349 ; free virtual = 20169
Synthesis current peak Physical Memory [PSS] (MB): peak = 1653.576; parent = 1394.301; children = 259.316
Synthesis current peak Virtual Memory [VSS] (MB): peak = 6541.617; parent = 3162.805; children = 3378.812
---------------------------------------------------------------------------------
---------------------------------------------------------------------------------
Start Applying XDC Timing Constraints
---------------------------------------------------------------------------------
---------------------------------------------------------------------------------
Finished Applying XDC Timing Constraints : Time (s): cpu = 00:00:18 ; elapsed = 00:00:20 . Memory (MB): peak = 3207.008 ; gain = 598.070 ; free physical = 13983 ; free virtual = 19819
Synthesis current peak Physical Memory [PSS] (MB): peak = 1750.394; parent = 1491.441; children = 259.316
Synthesis current peak Virtual Memory [VSS] (MB): peak = 6585.820; parent = 3207.008; children = 3378.812
---------------------------------------------------------------------------------
---------------------------------------------------------------------------------
Start Timing Optimization
---------------------------------------------------------------------------------
---------------------------------------------------------------------------------
Finished Timing Optimization : Time (s): cpu = 00:00:18 ; elapsed = 00:00:20 . Memory (MB): peak = 3207.297 ; gain = 598.359 ; free physical = 13983 ; free virtual = 19819
Synthesis current peak Physical Memory [PSS] (MB): peak = 1750.749; parent = 1491.797; children = 259.316
Synthesis current peak Virtual Memory [VSS] (MB): peak = 6586.109; parent = 3207.297; children = 3378.812
---------------------------------------------------------------------------------
---------------------------------------------------------------------------------
Start Technology Mapping
---------------------------------------------------------------------------------
---------------------------------------------------------------------------------
Finished Technology Mapping : Time (s): cpu = 00:00:18 ; elapsed = 00:00:20 . Memory (MB): peak = 3207.473 ; gain = 598.535 ; free physical = 13983 ; free virtual = 19819
Synthesis current peak Physical Memory [PSS] (MB): peak = 1751.039; parent = 1492.087; children = 259.316
Synthesis current peak Virtual Memory [VSS] (MB): peak = 6586.285; parent = 3207.473; children = 3378.812
---------------------------------------------------------------------------------
---------------------------------------------------------------------------------
Start IO Insertion
---------------------------------------------------------------------------------
---------------------------------------------------------------------------------
Start Flattening Before IO Insertion
---------------------------------------------------------------------------------
---------------------------------------------------------------------------------
Finished Flattening Before IO Insertion
---------------------------------------------------------------------------------
---------------------------------------------------------------------------------
Start Final Netlist Cleanup
---------------------------------------------------------------------------------
---------------------------------------------------------------------------------
Finished Final Netlist Cleanup
---------------------------------------------------------------------------------
---------------------------------------------------------------------------------
Finished IO Insertion : Time (s): cpu = 00:00:21 ; elapsed = 00:00:23 . Memory (MB): peak = 3207.602 ; gain = 598.664 ; free physical = 16106 ; free virtual = 21947
Synthesis current peak Physical Memory [PSS] (MB): peak = 1793.768; parent = 1493.310; children = 300.458
Synthesis current peak Virtual Memory [VSS] (MB): peak = 6586.414; parent = 3207.602; children = 3378.812
---------------------------------------------------------------------------------
---------------------------------------------------------------------------------
Start Renaming Generated Instances
---------------------------------------------------------------------------------
---------------------------------------------------------------------------------
Finished Renaming Generated Instances : Time (s): cpu = 00:00:21 ; elapsed = 00:00:23 . Memory (MB): peak = 3207.613 ; gain = 598.676 ; free physical = 16106 ; free virtual = 21947
Synthesis current peak Physical Memory [PSS] (MB): peak = 1793.789; parent = 1493.336; children = 300.458
Synthesis current peak Virtual Memory [VSS] (MB): peak = 6586.426; parent = 3207.613; children = 3378.812
---------------------------------------------------------------------------------
---------------------------------------------------------------------------------
Start Rebuilding User Hierarchy
---------------------------------------------------------------------------------
---------------------------------------------------------------------------------
Finished Rebuilding User Hierarchy : Time (s): cpu = 00:00:21 ; elapsed = 00:00:23 . Memory (MB): peak = 3207.656 ; gain = 598.719 ; free physical = 16102 ; free virtual = 21944
Synthesis current peak Physical Memory [PSS] (MB): peak = 1793.870; parent = 1493.401; children = 300.469
Synthesis current peak Virtual Memory [VSS] (MB): peak = 6586.469; parent = 3207.656; children = 3378.812
---------------------------------------------------------------------------------
---------------------------------------------------------------------------------
Start Renaming Generated Ports
---------------------------------------------------------------------------------
---------------------------------------------------------------------------------
Finished Renaming Generated Ports : Time (s): cpu = 00:00:21 ; elapsed = 00:00:23 . Memory (MB): peak = 3207.664 ; gain = 598.727 ; free physical = 16097 ; free virtual = 21938
Synthesis current peak Physical Memory [PSS] (MB): peak = 1793.891; parent = 1493.423; children = 300.469
Synthesis current peak Virtual Memory [VSS] (MB): peak = 6586.477; parent = 3207.664; children = 3378.812
---------------------------------------------------------------------------------
---------------------------------------------------------------------------------
Start Handling Custom Attributes
---------------------------------------------------------------------------------
---------------------------------------------------------------------------------
Finished Handling Custom Attributes : Time (s): cpu = 00:00:21 ; elapsed = 00:00:23 . Memory (MB): peak = 3207.668 ; gain = 598.730 ; free physical = 16095 ; free virtual = 21936
Synthesis current peak Physical Memory [PSS] (MB): peak = 1793.905; parent = 1493.431; children = 300.475
Synthesis current peak Virtual Memory [VSS] (MB): peak = 6586.480; parent = 3207.668; children = 3378.812
---------------------------------------------------------------------------------
---------------------------------------------------------------------------------
Start Renaming Generated Nets
---------------------------------------------------------------------------------
---------------------------------------------------------------------------------
Finished Renaming Generated Nets : Time (s): cpu = 00:00:21 ; elapsed = 00:00:23 . Memory (MB): peak = 3207.672 ; gain = 598.734 ; free physical = 16095 ; free virtual = 21936
Synthesis current peak Physical Memory [PSS] (MB): peak = 1793.920; parent = 1493.448; children = 300.475
Synthesis current peak Virtual Memory [VSS] (MB): peak = 6586.484; parent = 3207.672; children = 3378.812
---------------------------------------------------------------------------------
---------------------------------------------------------------------------------
Start Writing Synthesis Report
---------------------------------------------------------------------------------

Report BlackBoxes: 
+-+--------------+----------+
| |BlackBox name |Instances |
+-+--------------+----------+
+-+--------------+----------+

Report Cell Usage: 
+------+------+------+
|      |Cell  |Count |
+------+------+------+
|1     |LUT1  |     1|
|2     |MUXCY |     6|
|3     |XORCY |     7|
|4     |FDRE  |     7|
+------+------+------+
---------------------------------------------------------------------------------
Finished Writing Synthesis Report : Time (s): cpu = 00:00:21 ; elapsed = 00:00:23 . Memory (MB): peak = 3207.699 ; gain = 598.762 ; free physical = 16091 ; free virtual = 21932
Synthesis current peak Physical Memory [PSS] (MB): peak = 1793.920; parent = 1493.498; children = 300.475
Synthesis current peak Virtual Memory [VSS] (MB): peak = 6586.512; parent = 3207.699; children = 3378.812
---------------------------------------------------------------------------------
Synthesis finished with 0 errors, 0 critical warnings and 13 warnings.
Synthesis Optimization Runtime : Time (s): cpu = 00:00:20 ; elapsed = 00:00:22 . Memory (MB): peak = 3207.734 ; gain = 564.133 ; free physical = 16115 ; free virtual = 21956
Synthesis Optimization Complete : Time (s): cpu = 00:00:21 ; elapsed = 00:00:24 . Memory (MB): peak = 3207.766 ; gain = 598.797 ; free physical = 16105 ; free virtual = 21946
INFO: [Project 1-571] Translating synthesized netlist
Netlist sorting complete. Time (s): cpu = 00:00:00 ; elapsed = 00:00:00 . Memory (MB): peak = 3207.789 ; gain = 0.000 ; free physical = 16101 ; free virtual = 21942
INFO: [Netlist 29-17] Analyzing 13 Unisim elements for replacement
INFO: [Netlist 29-28] Unisim Transformation completed in 0 CPU seconds
INFO: [Project 1-570] Preparing netlist for logic optimization
INFO: [Opt 31-138] Pushed 0 inverter(s) to 0 load pin(s).
Netlist sorting complete. Time (s): cpu = 00:00:00 ; elapsed = 00:00:00 . Memory (MB): peak = 3209.418 ; gain = 0.000 ; free physical = 16369 ; free virtual = 22210
INFO: [Project 1-111] Unisim Transformation Summary:
  A total of 2 instances were transformed.
  (MUXCY,XORCY) => CARRY4: 2 instances

Synth Design complete, checksum: 630b8e71
INFO: [Common 17-83] Releasing license: Synthesis
23 Infos, 55 Warnings, 0 Critical Warnings and 0 Errors encountered.
synth_design completed successfully
synth_design: Time (s): cpu = 00:00:30 ; elapsed = 00:00:28 . Memory (MB): peak = 3209.496 ; gain = 947.848 ; free physical = 16494 ; free virtual = 22335
INFO: [Common 17-1381] The checkpoint '/home/user/elettronica_base/labs/lab8/lab8.runs/lab8_block_design_c_counter_binary_0_0_synth_1/lab8_block_design_c_counter_binary_0_0.dcp' has been generated.
INFO: [Coretcl 2-1648] Added synthesis output to IP cache for IP lab8_block_design_c_counter_binary_0_0, cache-ID = 39650744bfa1f285
INFO: [Coretcl 2-1174] Renamed 7 cell refs.
INFO: [Common 17-1381] The checkpoint '/home/user/elettronica_base/labs/lab8/lab8.runs/lab8_block_design_c_counter_binary_0_0_synth_1/lab8_block_design_c_counter_binary_0_0.dcp' has been generated.
INFO: [runtcl-4] Executing : report_utilization -file lab8_block_design_c_counter_binary_0_0_utilization_synth.rpt -pb lab8_block_design_c_counter_binary_0_0_utilization_synth.pb
INFO: [Common 17-206] Exiting Vivado at Fri Jan  9 11:47:47 2026...
