
*** Running vivado
    with args -log lab8_block_design_util_vector_logic_0_0.vds -m64 -product Vivado -mode batch -messageDb vivado.pb -notrace -source lab8_block_design_util_vector_logic_0_0.tcl


****** Vivado v2022.2 (64-bit)
  **** SW Build 3671981 on Fri Oct 14 04:59:54 MDT 2022
  **** IP Build 3669848 on Fri Oct 14 08:30:02 MDT 2022
    ** Copyright 1986-2022 Xilinx, Inc. All Rights Reserved.

CRITICAL WARNING: [Common 17-741] No write access right to the local Tcl store at '/home/user/.Xilinx/Vivado/2022.2/XilinxTclStore'. XilinxTclStore is reverted to the installation area. If you want to use local Tcl Store, please change the access right and relaunch Vivado.
source lab8_block_design_util_vector_logic_0_0.tcl -notrace
create_project: Time (s): cpu = 00:00:05 ; elapsed = 00:00:05 . Memory (MB): peak = 2224.633 ; gain = 63.156 ; free physical = 24020 ; free virtual = 29829
INFO: [IP_Flow 19-6924] IPCACHE: Running cache check for IP inst: lab8_block_design_util_vector_logic_0_0
Command: synth_design -top lab8_block_design_util_vector_logic_0_0 -part xc7a35ticsg324-1L -incremental_mode off -mode out_of_context
Starting synth_design
Attempting to get a license for feature 'Synthesis' and/or device 'xc7a35ti'
INFO: [Common 17-349] Got license for feature 'Synthesis' and/or device 'xc7a35ti'
INFO: [Device 21-403] Loading part xc7a35ticsg324-1L
INFO: [Synth 8-7079] Multithreading enabled for synth_design using a maximum of 4 processes.
INFO: [Synth 8-7078] Launching helper process for spawning children vivado processes
INFO: [Synth 8-7075] Helper process launched with PID 58058
INFO: [Synth 8-11241] undeclared symbol 'REGCCE', assumed default net type 'wire' [/home/user/Xilinx/Vivado/2022.2/data/verilog/src/unimacro/BRAM_SINGLE_MACRO.v:2170]
---------------------------------------------------------------------------------
Starting RTL Elaboration : Time (s): cpu = 00:00:04 ; elapsed = 00:00:04 . Memory (MB): peak = 2986.133 ; gain = 378.082 ; free physical = 17858 ; free virtual = 23403
Synthesis current peak Physical Memory [PSS] (MB): peak = 1398.260; parent = 1323.547; children = 74.713
Synthesis current peak Virtual Memory [VSS] (MB): peak = 6067.668; parent = 2989.133; children = 3078.535
---------------------------------------------------------------------------------
INFO: [Synth 8-6157] synthesizing module 'lab8_block_design_util_vector_logic_0_0' [/home/user/elettronica_base/labs/lab8/lab8.gen/sources_1/bd/lab8_block_design/ip/lab8_block_design_util_vector_logic_0_0/synth/lab8_block_design_util_vector_logic_0_0.v:53]
INFO: [Synth 8-6157] synthesizing module 'util_vector_logic_v2_0_2_util_vector_logic' [/home/user/elettronica_base/labs/lab8/lab8.gen/sources_1/bd/lab8_block_design/ipshared/3d84/hdl/util_vector_logic_v2_0_vl_rfs.v:45]
INFO: [Synth 8-6155] done synthesizing module 'util_vector_logic_v2_0_2_util_vector_logic' (0#1) [/home/user/elettronica_base/labs/lab8/lab8.gen/sources_1/bd/lab8_block_design/ipshared/3d84/hdl/util_vector_logic_v2_0_vl_rfs.v:45]
INFO: [Synth 8-6155] done synthesizing module 'lab8_block_design_util_vector_logic_0_0' (0#1) [/home/user/elettronica_base/labs/lab8/lab8.gen/sources_1/bd/lab8_block_design/ip/lab8_block_design_util_vector_logic_0_0/synth/lab8_block_design_util_vector_logic_0_0.v:53]
WARNING: [Synth 8-7129] Port Op2[0] in module util_vector_logic_v2_0_2_util_vector_logic is either unconnected or has no load
---------------------------------------------------------------------------------
Finished RTL Elaboration : Time (s): cpu = 00:00:06 ; elapsed = 00:00:07 . Memory (MB): peak = 3058.484 ; gain = 450.434 ; free physical = 15343 ; free virtual = 21111
Synthesis current peak Physical Memory [PSS] (MB): peak = 1470.487; parent = 1323.547; children = 228.152
Synthesis current peak Virtual Memory [VSS] (MB): peak = 6299.074; parent = 3058.484; children = 3240.590
---------------------------------------------------------------------------------
---------------------------------------------------------------------------------
Start Handling Custom Attributes
---------------------------------------------------------------------------------
---------------------------------------------------------------------------------
Finished Handling Custom Attributes : Time (s): cpu = 00:00:06 ; elapsed = 00:00:07 . Memory (MB): peak = 3076.969 ; gain = 468.918 ; free physical = 15295 ; free virtual = 21069
Synthesis current peak Physical Memory [PSS] (MB): peak = 1487.653; parent = 1323.547; children = 246.577
Synthesis current peak Virtual Memory [VSS] (MB): peak = 6318.156; parent = 3076.969; children = 3241.188
---------------------------------------------------------------------------------
---------------------------------------------------------------------------------
Finished RTL Optimization Phase 1 : Time (s): cpu = 00:00:06 ; elapsed = 00:00:07 . Memory (MB): peak = 3076.969 ; gain = 468.918 ; free physical = 15286 ; free virtual = 21063
Synthesis current peak Physical Memory [PSS] (MB): peak = 1487.698; parent = 1323.547; children = 246.748
Synthesis current peak Virtual Memory [VSS] (MB): peak = 6318.160; parent = 3076.969; children = 3241.191
---------------------------------------------------------------------------------
Netlist sorting complete. Time (s): cpu = 00:00:00.01 ; elapsed = 00:00:00.01 . Memory (MB): peak = 3085.512 ; gain = 0.043 ; free physical = 14926 ; free virtual = 20708
INFO: [Project 1-570] Preparing netlist for logic optimization

Processing XDC Constraints
Initializing timing engine
Completed Processing XDC Constraints

Netlist sorting complete. Time (s): cpu = 00:00:00 ; elapsed = 00:00:00 . Memory (MB): peak = 3157.414 ; gain = 0.000 ; free physical = 14298 ; free virtual = 20109
INFO: [Project 1-111] Unisim Transformation Summary:
No Unisim elements were transformed.

Constraint Validation Runtime : Time (s): cpu = 00:00:00.02 ; elapsed = 00:00:00.02 . Memory (MB): peak = 3157.789 ; gain = 0.359 ; free physical = 14288 ; free virtual = 20101
INFO: [Designutils 20-5008] Incremental synthesis strategy off
INFO: [Synth 8-11241] undeclared symbol 'REGCCE', assumed default net type 'wire' [/home/user/Xilinx/Vivado/2022.2/data/verilog/src/unimacro/BRAM_SINGLE_MACRO.v:2170]
---------------------------------------------------------------------------------
Finished Constraint Validation : Time (s): cpu = 00:00:11 ; elapsed = 00:00:12 . Memory (MB): peak = 3157.906 ; gain = 549.855 ; free physical = 14512 ; free virtual = 20328
Synthesis current peak Physical Memory [PSS] (MB): peak = 1601.916; parent = 1341.709; children = 260.207
Synthesis current peak Virtual Memory [VSS] (MB): peak = 6510.691; parent = 3132.926; children = 3377.766
---------------------------------------------------------------------------------
---------------------------------------------------------------------------------
Start Loading Part and Timing Information
---------------------------------------------------------------------------------
Loading part: xc7a35ticsg324-1L
---------------------------------------------------------------------------------
Finished Loading Part and Timing Information : Time (s): cpu = 00:00:11 ; elapsed = 00:00:12 . Memory (MB): peak = 3157.906 ; gain = 549.855 ; free physical = 14511 ; free virtual = 20328
Synthesis current peak Physical Memory [PSS] (MB): peak = 1601.916; parent = 1341.709; children = 260.207
Synthesis current peak Virtual Memory [VSS] (MB): peak = 6510.816; parent = 3133.051; children = 3377.766
---------------------------------------------------------------------------------
---------------------------------------------------------------------------------
Start Applying 'set_property' XDC Constraints
---------------------------------------------------------------------------------
---------------------------------------------------------------------------------
Finished applying 'set_property' XDC Constraints : Time (s): cpu = 00:00:11 ; elapsed = 00:00:12 . Memory (MB): peak = 3157.906 ; gain = 549.855 ; free physical = 14511 ; free virtual = 20328
Synthesis current peak Physical Memory [PSS] (MB): peak = 1601.916; parent = 1341.709; children = 260.207
Synthesis current peak Virtual Memory [VSS] (MB): peak = 6510.844; parent = 3133.078; children = 3377.766
---------------------------------------------------------------------------------
---------------------------------------------------------------------------------
Finished RTL Optimization Phase 2 : Time (s): cpu = 00:00:11 ; elapsed = 00:00:13 . Memory (MB): peak = 3157.906 ; gain = 549.855 ; free physical = 14510 ; free virtual = 20327
Synthesis current peak Physical Memory [PSS] (MB): peak = 1601.916; parent = 1341.709; children = 260.207
Synthesis current peak Virtual Memory [VSS] (MB): peak = 6511.137; parent = 3133.371; children = 3377.766
---------------------------------------------------------------------------------
---------------------------------------------------------------------------------
Start RTL Component Statistics 
---------------------------------------------------------------------------------
Detailed RTL Component Info : 
---------------------------------------------------------------------------------
Finished RTL Component Statistics 
---------------------------------------------------------------------------------
---------------------------------------------------------------------------------
Start Part Resource Summary
---------------------------------------------------------------------------------
Part Resources:
DSPs: 90 (col length:60)
BRAMs: 100 (col length: RAMB18 60 RAMB36 30)
---------------------------------------------------------------------------------
Finished Part Resource Summary
---------------------------------------------------------------------------------
---------------------------------------------------------------------------------
Start Cross Boundary and Area Optimization
---------------------------------------------------------------------------------
WARNING: [Synth 8-7080] Parallel synthesis criteria is not met
---------------------------------------------------------------------------------
Finished Cross Boundary and Area Optimization : Time (s): cpu = 00:00:12 ; elapsed = 00:00:13 . Memory (MB): peak = 3157.906 ; gain = 549.855 ; free physical = 14474 ; free virtual = 20289
Synthesis current peak Physical Memory [PSS] (MB): peak = 1601.916; parent = 1341.709; children = 260.207
Synthesis current peak Virtual Memory [VSS] (MB): peak = 6511.793; parent = 3134.027; children = 3377.766
---------------------------------------------------------------------------------
---------------------------------------------------------------------------------
Start Applying XDC Timing Constraints
---------------------------------------------------------------------------------
---------------------------------------------------------------------------------
Finished Applying XDC Timing Constraints : Time (s): cpu = 00:00:16 ; elapsed = 00:00:18 . Memory (MB): peak = 3178.156 ; gain = 570.105 ; free physical = 14067 ; free virtual = 19902
Synthesis current peak Physical Memory [PSS] (MB): peak = 1765.981; parent = 1506.098; children = 260.207
Synthesis current peak Virtual Memory [VSS] (MB): peak = 6555.922; parent = 3178.156; children = 3377.766
---------------------------------------------------------------------------------
---------------------------------------------------------------------------------
Start Timing Optimization
---------------------------------------------------------------------------------
---------------------------------------------------------------------------------
Finished Timing Optimization : Time (s): cpu = 00:00:16 ; elapsed = 00:00:18 . Memory (MB): peak = 3178.184 ; gain = 570.133 ; free physical = 14062 ; free virtual = 19898
Synthesis current peak Physical Memory [PSS] (MB): peak = 1766.042; parent = 1506.158; children = 260.207
Synthesis current peak Virtual Memory [VSS] (MB): peak = 6555.949; parent = 3178.184; children = 3377.766
---------------------------------------------------------------------------------
---------------------------------------------------------------------------------
Start Technology Mapping
---------------------------------------------------------------------------------
---------------------------------------------------------------------------------
Finished Technology Mapping : Time (s): cpu = 00:00:16 ; elapsed = 00:00:18 . Memory (MB): peak = 3178.301 ; gain = 570.250 ; free physical = 14058 ; free virtual = 19894
Synthesis current peak Physical Memory [PSS] (MB): peak = 1768.341; parent = 1508.457; children = 260.207
Synthesis current peak Virtual Memory [VSS] (MB): peak = 6556.066; parent = 3178.301; children = 3377.766
---------------------------------------------------------------------------------
---------------------------------------------------------------------------------
Start IO Insertion
---------------------------------------------------------------------------------
---------------------------------------------------------------------------------
Start Flattening Before IO Insertion
---------------------------------------------------------------------------------
---------------------------------------------------------------------------------
Finished Flattening Before IO Insertion
---------------------------------------------------------------------------------
---------------------------------------------------------------------------------
Start Final Netlist Cleanup
---------------------------------------------------------------------------------
---------------------------------------------------------------------------------
Finished Final Netlist Cleanup
---------------------------------------------------------------------------------
---------------------------------------------------------------------------------
Finished IO Insertion : Time (s): cpu = 00:00:19 ; elapsed = 00:00:21 . Memory (MB): peak = 3178.422 ; gain = 570.371 ; free physical = 13976 ; free virtual = 19814
Synthesis current peak Physical Memory [PSS] (MB): peak = 1768.467; parent = 1508.585; children = 260.207
Synthesis current peak Virtual Memory [VSS] (MB): peak = 6556.188; parent = 3178.422; children = 3377.766
---------------------------------------------------------------------------------
---------------------------------------------------------------------------------
Start Renaming Generated Instances
---------------------------------------------------------------------------------
---------------------------------------------------------------------------------
Finished Renaming Generated Instances : Time (s): cpu = 00:00:19 ; elapsed = 00:00:21 . Memory (MB): peak = 3178.434 ; gain = 570.383 ; free physical = 13974 ; free virtual = 19814
Synthesis current peak Physical Memory [PSS] (MB): peak = 1771.213; parent = 1508.585; children = 262.834
Synthesis current peak Virtual Memory [VSS] (MB): peak = 6556.199; parent = 3178.434; children = 3377.766
---------------------------------------------------------------------------------
---------------------------------------------------------------------------------
Start Rebuilding User Hierarchy
---------------------------------------------------------------------------------
---------------------------------------------------------------------------------
Finished Rebuilding User Hierarchy : Time (s): cpu = 00:00:19 ; elapsed = 00:00:21 . Memory (MB): peak = 3178.457 ; gain = 570.406 ; free physical = 14211 ; free virtual = 20051
Synthesis current peak Physical Memory [PSS] (MB): peak = 1771.563; parent = 1508.719; children = 262.845
Synthesis current peak Virtual Memory [VSS] (MB): peak = 6556.223; parent = 3178.457; children = 3377.766
---------------------------------------------------------------------------------
---------------------------------------------------------------------------------
Start Renaming Generated Ports
---------------------------------------------------------------------------------
---------------------------------------------------------------------------------
Finished Renaming Generated Ports : Time (s): cpu = 00:00:19 ; elapsed = 00:00:21 . Memory (MB): peak = 3178.465 ; gain = 570.414 ; free physical = 14211 ; free virtual = 20051
Synthesis current peak Physical Memory [PSS] (MB): peak = 1771.563; parent = 1508.719; children = 262.845
Synthesis current peak Virtual Memory [VSS] (MB): peak = 6556.230; parent = 3178.465; children = 3377.766
---------------------------------------------------------------------------------
---------------------------------------------------------------------------------
Start Handling Custom Attributes
---------------------------------------------------------------------------------
---------------------------------------------------------------------------------
Finished Handling Custom Attributes : Time (s): cpu = 00:00:19 ; elapsed = 00:00:21 . Memory (MB): peak = 3178.465 ; gain = 570.414 ; free physical = 14211 ; free virtual = 20051
Synthesis current peak Physical Memory [PSS] (MB): peak = 1771.563; parent = 1508.719; children = 262.845
Synthesis current peak Virtual Memory [VSS] (MB): peak = 6556.230; parent = 3178.465; children = 3377.766
---------------------------------------------------------------------------------
---------------------------------------------------------------------------------
Start Renaming Generated Nets
---------------------------------------------------------------------------------
---------------------------------------------------------------------------------
Finished Renaming Generated Nets : Time (s): cpu = 00:00:19 ; elapsed = 00:00:21 . Memory (MB): peak = 3178.469 ; gain = 570.418 ; free physical = 14211 ; free virtual = 20051
Synthesis current peak Physical Memory [PSS] (MB): peak = 1775.837; parent = 1508.907; children = 266.930
Synthesis current peak Virtual Memory [VSS] (MB): peak = 6556.234; parent = 3178.469; children = 3377.766
---------------------------------------------------------------------------------
---------------------------------------------------------------------------------
Start Writing Synthesis Report
---------------------------------------------------------------------------------

Report BlackBoxes: 
+-+--------------+----------+
| |BlackBox name |Instances |
+-+--------------+----------+
+-+--------------+----------+

Report Cell Usage: 
+------+-----+------+
|      |Cell |Count |
+------+-----+------+
|1     |LUT1 |     1|
+------+-----+------+
---------------------------------------------------------------------------------
Finished Writing Synthesis Report : Time (s): cpu = 00:00:19 ; elapsed = 00:00:21 . Memory (MB): peak = 3178.496 ; gain = 570.445 ; free physical = 14461 ; free virtual = 20292
Synthesis current peak Physical Memory [PSS] (MB): peak = 1776.038; parent = 1509.095; children = 266.943
Synthesis current peak Virtual Memory [VSS] (MB): peak = 6556.262; parent = 3178.496; children = 3377.766
---------------------------------------------------------------------------------
Synthesis finished with 0 errors, 0 critical warnings and 1 warnings.
Synthesis Optimization Runtime : Time (s): cpu = 00:00:17 ; elapsed = 00:00:19 . Memory (MB): peak = 3178.531 ; gain = 489.539 ; free physical = 14461 ; free virtual = 20291
Synthesis Optimization Complete : Time (s): cpu = 00:00:19 ; elapsed = 00:00:21 . Memory (MB): peak = 3178.562 ; gain = 570.480 ; free physical = 14461 ; free virtual = 20292
INFO: [Project 1-571] Translating synthesized netlist
Netlist sorting complete. Time (s): cpu = 00:00:00 ; elapsed = 00:00:00 . Memory (MB): peak = 3179.008 ; gain = 0.000 ; free physical = 14461 ; free virtual = 20295
INFO: [Project 1-570] Preparing netlist for logic optimization
INFO: [Opt 31-138] Pushed 0 inverter(s) to 0 load pin(s).
Netlist sorting complete. Time (s): cpu = 00:00:00 ; elapsed = 00:00:00 . Memory (MB): peak = 3179.957 ; gain = 0.000 ; free physical = 15385 ; free virtual = 21226
INFO: [Project 1-111] Unisim Transformation Summary:
No Unisim elements were transformed.

Synth Design complete, checksum: 92e9957a
INFO: [Common 17-83] Releasing license: Synthesis
20 Infos, 2 Warnings, 0 Critical Warnings and 0 Errors encountered.
synth_design completed successfully
synth_design: Time (s): cpu = 00:00:28 ; elapsed = 00:00:26 . Memory (MB): peak = 3180.012 ; gain = 918.312 ; free physical = 15415 ; free virtual = 21256
INFO: [Common 17-1381] The checkpoint '/home/user/elettronica_base/labs/lab8/lab8.runs/lab8_block_design_util_vector_logic_0_0_synth_1/lab8_block_design_util_vector_logic_0_0.dcp' has been generated.
INFO: [Coretcl 2-1648] Added synthesis output to IP cache for IP lab8_block_design_util_vector_logic_0_0, cache-ID = 0aadc43795d01531
INFO: [Common 17-1381] The checkpoint '/home/user/elettronica_base/labs/lab8/lab8.runs/lab8_block_design_util_vector_logic_0_0_synth_1/lab8_block_design_util_vector_logic_0_0.dcp' has been generated.
INFO: [runtcl-4] Executing : report_utilization -file lab8_block_design_util_vector_logic_0_0_utilization_synth.rpt -pb lab8_block_design_util_vector_logic_0_0_utilization_synth.pb
INFO: [Common 17-206] Exiting Vivado at Fri Jan  9 11:47:44 2026...
