Vivado Simulator v2022.2
Copyright 1986-1999, 2001-2022 Xilinx, Inc. All Rights Reserved.
Running: /home/user/Xilinx/Vivado/2022.2/bin/unwrapped/lnx64.o/xelab --incr --debug typical --relax --mt 8 -L xil_defaultlib -L dist_mem_gen_v8_0_13 -L xbip_utils_v3_0_10 -L c_reg_fd_v12_0_6 -L xbip_dsp48_wrapper_v3_0_4 -L xbip_pipe_v3_0_6 -L xbip_dsp48_addsub_v3_0_6 -L xbip_addsub_v3_0_6 -L c_addsub_v12_0_14 -L c_gate_bit_v12_0_6 -L xbip_counter_v3_0_6 -L c_counter_binary_v12_0_15 -L util_vector_logic_v2_0_2 -L unisims_ver -L unimacro_ver -L secureip -L xpm --snapshot tb_lab8_behav xil_defaultlib.tb_lab8 xil_defaultlib.glbl -log elaborate.log 
Using 8 slave threads.
Starting static elaboration
Pass Through NonSizing Optimizer
WARNING: [VRFC 10-5021] port 'pwm_out_0' is not connected on this instance [/home/user/elettronica_base/labs/lab8/lab8.gen/sources_1/bd/lab8_block_design/hdl/lab8_block_design_wrapper.v:18]
Completed static elaboration
Starting simulation data flow analysis
Completed simulation data flow analysis
Time Resolution for simulation is 1ps
Compiling package std.standard
Compiling package std.textio
Compiling package ieee.std_logic_1164
Compiling package ieee.numeric_std
Compiling package unisim.vcomponents
Compiling package ieee.math_real
Compiling package c_counter_binary_v12_0_15.c_counter_binary_v12_0_15_viv_co...
Compiling package xbip_utils_v3_0_10.xbip_utils_v3_0_10_pkg
Compiling package xbip_counter_v3_0_6.xbip_counter_v3_0_6_viv_comp
Compiling package ieee.std_logic_arith
Compiling package ieee.std_logic_unsigned
Compiling package xbip_counter_v3_0_6.xbip_counter_v3_0_6_pkg
Compiling package c_counter_binary_v12_0_15.c_counter_binary_v12_0_15_pkg
Compiling package c_addsub_v12_0_14.c_addsub_v12_0_14_pkg_legacy
Compiling package c_reg_fd_v12_0_6.c_reg_fd_v12_0_6_viv_comp
Compiling package c_addsub_v12_0_14.c_addsub_v12_0_14_pkg
Compiling package vl.vl_types
Compiling module xil_defaultlib.glbl
Compiling architecture rtl of entity xil_defaultlib.TickCounter [\TickCounter(max=32640)\]
Compiling architecture lab8_block_design_tickcounter_0_0_arch of entity xil_defaultlib.lab8_block_design_TickCounter_0_0 [lab8_block_design_tickcounter_0_...]
Compiling architecture structural of entity c_reg_fd_v12_0_6.c_reg_fd_v12_0_6_viv [\c_reg_fd_v12_0_6_viv(c_width=7,...]
Compiling architecture muxcy_v of entity unisim.MUXCY [muxcy_default]
Compiling architecture xorcy_v of entity unisim.XORCY [xorcy_default]
Compiling architecture rtl of entity c_addsub_v12_0_14.c_addsub_v12_0_14_lut6_legacy [\c_addsub_v12_0_14_lut6_legacy(c...]
Compiling architecture synth of entity c_addsub_v12_0_14.c_addsub_v12_0_14_fabric_legacy [\c_addsub_v12_0_14_fabric_legacy...]
Compiling architecture synth of entity c_addsub_v12_0_14.c_addsub_v12_0_14_legacy [\c_addsub_v12_0_14_legacy(c_fami...]
Compiling architecture synth of entity c_counter_binary_v12_0_15.c_counter_binary_v12_0_15_legacy [\c_counter_binary_v12_0_15_legac...]
Compiling architecture synth of entity c_counter_binary_v12_0_15.c_counter_binary_v12_0_15_viv [\c_counter_binary_v12_0_15_viv(c...]
Compiling architecture xilinx of entity c_counter_binary_v12_0_15.c_counter_binary_v12_0_15 [\c_counter_binary_v12_0_15(c_xde...]
Compiling architecture lab8_block_design_c_counter_binary_0_0_arch of entity xil_defaultlib.lab8_block_design_c_counter_binary_0_0 [lab8_block_design_c_counter_bina...]
Compiling module unisims_ver.IBUF
Compiling module unisims_ver.MMCME2_ADV(CLKFBOUT_MULT_F=10.0,...
Compiling module unisims_ver.BUFG
Compiling module xil_defaultlib.lab8_block_design_clk_wiz_0_0_cl...
Compiling module xil_defaultlib.lab8_block_design_clk_wiz_0_0
Compiling module dist_mem_gen_v8_0_13.dist_mem_gen_v8_0_13(C_FAMILY="a...
Compiling module xil_defaultlib.lab8_block_design_dist_mem_gen_0...
Compiling architecture lab8_block_design_ila_0_0_arch of entity xil_defaultlib.lab8_block_design_ila_0_0 [lab8_block_design_ila_0_0_defaul...]
Compiling architecture behavioral of entity xil_defaultlib.pwm [\pwm(pwm_bits=8,clk_cnt_len=128)...]
Compiling architecture lab8_block_design_pwm_0_0_arch of entity xil_defaultlib.lab8_block_design_pwm_0_0 [lab8_block_design_pwm_0_0_defaul...]
Compiling module util_vector_logic_v2_0_2.util_vector_logic_v2_0_2_util_ve...
Compiling module xil_defaultlib.lab8_block_design_util_vector_lo...
Compiling architecture structure of entity xil_defaultlib.lab8_block_design [lab8_block_design_default]
Compiling module xil_defaultlib.lab8_block_design_wrapper
Compiling architecture behavioral of entity xil_defaultlib.ClockGen [clockgen_default]
Compiling architecture behavioral of entity xil_defaultlib.tb_lab8
Built simulation snapshot tb_lab8_behav
