
*** Running vivado
    with args -log lab8_block_design_TickCounter_0_0.vds -m64 -product Vivado -mode batch -messageDb vivado.pb -notrace -source lab8_block_design_TickCounter_0_0.tcl


****** Vivado v2022.2 (64-bit)
  **** SW Build 3671981 on Fri Oct 14 04:59:54 MDT 2022
  **** IP Build 3669848 on Fri Oct 14 08:30:02 MDT 2022
    ** Copyright 1986-2022 Xilinx, Inc. All Rights Reserved.

CRITICAL WARNING: [Common 17-741] No write access right to the local Tcl store at '/home/user/.Xilinx/Vivado/2022.2/XilinxTclStore'. XilinxTclStore is reverted to the installation area. If you want to use local Tcl Store, please change the access right and relaunch Vivado.
source lab8_block_design_TickCounter_0_0.tcl -notrace
create_project: Time (s): cpu = 00:00:05 ; elapsed = 00:00:05 . Memory (MB): peak = 2225.648 ; gain = 64.168 ; free physical = 24058 ; free virtual = 29867
INFO: [IP_Flow 19-234] Refreshing IP repositories
INFO: [IP_Flow 19-1704] No user IP repositories specified
INFO: [IP_Flow 19-2313] Loaded Vivado IP repository '/home/user/Xilinx/Vivado/2022.2/data/ip'.
INFO: [IP_Flow 19-6924] IPCACHE: Running cache check for IP inst: lab8_block_design_TickCounter_0_0
Command: synth_design -top lab8_block_design_TickCounter_0_0 -part xc7a35ticsg324-1L -incremental_mode off -mode out_of_context
Starting synth_design
Attempting to get a license for feature 'Synthesis' and/or device 'xc7a35ti'
INFO: [Common 17-349] Got license for feature 'Synthesis' and/or device 'xc7a35ti'
INFO: [Device 21-403] Loading part xc7a35ticsg324-1L
INFO: [Synth 8-7079] Multithreading enabled for synth_design using a maximum of 4 processes.
INFO: [Synth 8-7078] Launching helper process for spawning children vivado processes
INFO: [Synth 8-7075] Helper process launched with PID 58057
INFO: [Synth 8-11241] undeclared symbol 'REGCCE', assumed default net type 'wire' [/home/user/Xilinx/Vivado/2022.2/data/verilog/src/unimacro/BRAM_SINGLE_MACRO.v:2170]
---------------------------------------------------------------------------------
Starting RTL Elaboration : Time (s): cpu = 00:00:04 ; elapsed = 00:00:04 . Memory (MB): peak = 2986.336 ; gain = 378.156 ; free physical = 17858 ; free virtual = 23403
Synthesis current peak Physical Memory [PSS] (MB): peak = 1398.882; parent = 1323.272; children = 75.609
Synthesis current peak Virtual Memory [VSS] (MB): peak = 6068.129; parent = 2989.336; children = 3078.793
---------------------------------------------------------------------------------
INFO: [Synth 8-638] synthesizing module 'lab8_block_design_TickCounter_0_0' [/home/user/elettronica_base/labs/lab8/lab8.gen/sources_1/bd/lab8_block_design/ip/lab8_block_design_TickCounter_0_0/synth/lab8_block_design_TickCounter_0_0.vhd:63]
	Parameter MAX bound to: 256 - type: integer 
INFO: [Synth 8-3491] module 'TickCounter' declared at '/home/user/elettronica_base/labs/lab8/lab8.srcs/sources_1/imports/new/TickCounter.vhd:42' bound to instance 'U0' of component 'TickCounter' [/home/user/elettronica_base/labs/lab8/lab8.gen/sources_1/bd/lab8_block_design/ip/lab8_block_design_TickCounter_0_0/synth/lab8_block_design_TickCounter_0_0.vhd:88]
INFO: [Synth 8-638] synthesizing module 'TickCounter' [/home/user/elettronica_base/labs/lab8/lab8.srcs/sources_1/imports/new/TickCounter.vhd:56]
INFO: [Synth 8-256] done synthesizing module 'TickCounter' (0#1) [/home/user/elettronica_base/labs/lab8/lab8.srcs/sources_1/imports/new/TickCounter.vhd:56]
INFO: [Synth 8-256] done synthesizing module 'lab8_block_design_TickCounter_0_0' (0#1) [/home/user/elettronica_base/labs/lab8/lab8.gen/sources_1/bd/lab8_block_design/ip/lab8_block_design_TickCounter_0_0/synth/lab8_block_design_TickCounter_0_0.vhd:63]
---------------------------------------------------------------------------------
Finished RTL Elaboration : Time (s): cpu = 00:00:06 ; elapsed = 00:00:07 . Memory (MB): peak = 3068.133 ; gain = 459.953 ; free physical = 15830 ; free virtual = 21524
Synthesis current peak Physical Memory [PSS] (MB): peak = 1435.438; parent = 1323.272; children = 183.848
Synthesis current peak Virtual Memory [VSS] (MB): peak = 6307.238; parent = 3068.133; children = 3239.105
---------------------------------------------------------------------------------
---------------------------------------------------------------------------------
Start Handling Custom Attributes
---------------------------------------------------------------------------------
---------------------------------------------------------------------------------
Finished Handling Custom Attributes : Time (s): cpu = 00:00:06 ; elapsed = 00:00:07 . Memory (MB): peak = 3086.598 ; gain = 478.418 ; free physical = 15448 ; free virtual = 21182
Synthesis current peak Physical Memory [PSS] (MB): peak = 1494.813; parent = 1323.272; children = 241.982
Synthesis current peak Virtual Memory [VSS] (MB): peak = 6326.426; parent = 3086.598; children = 3239.828
---------------------------------------------------------------------------------
---------------------------------------------------------------------------------
Finished RTL Optimization Phase 1 : Time (s): cpu = 00:00:06 ; elapsed = 00:00:07 . Memory (MB): peak = 3086.598 ; gain = 478.418 ; free physical = 15440 ; free virtual = 21175
Synthesis current peak Physical Memory [PSS] (MB): peak = 1497.969; parent = 1323.272; children = 245.400
Synthesis current peak Virtual Memory [VSS] (MB): peak = 6326.785; parent = 3086.598; children = 3240.188
---------------------------------------------------------------------------------
Netlist sorting complete. Time (s): cpu = 00:00:00.01 ; elapsed = 00:00:00 . Memory (MB): peak = 3087.227 ; gain = 0.047 ; free physical = 15369 ; free virtual = 21125
INFO: [Project 1-570] Preparing netlist for logic optimization

Processing XDC Constraints
Initializing timing engine
Completed Processing XDC Constraints

Netlist sorting complete. Time (s): cpu = 00:00:00 ; elapsed = 00:00:00 . Memory (MB): peak = 3200.320 ; gain = 0.000 ; free physical = 14362 ; free virtual = 20172
INFO: [Project 1-111] Unisim Transformation Summary:
No Unisim elements were transformed.

Constraint Validation Runtime : Time (s): cpu = 00:00:00.05 ; elapsed = 00:00:00.06 . Memory (MB): peak = 3200.910 ; gain = 0.570 ; free physical = 14348 ; free virtual = 20161
INFO: [Designutils 20-5008] Incremental synthesis strategy off
INFO: [Synth 8-11241] undeclared symbol 'REGCCE', assumed default net type 'wire' [/home/user/Xilinx/Vivado/2022.2/data/verilog/src/unimacro/BRAM_SINGLE_MACRO.v:2170]
---------------------------------------------------------------------------------
Finished Constraint Validation : Time (s): cpu = 00:00:10 ; elapsed = 00:00:12 . Memory (MB): peak = 3201.031 ; gain = 592.852 ; free physical = 14513 ; free virtual = 20329
Synthesis current peak Physical Memory [PSS] (MB): peak = 1606.876; parent = 1347.018; children = 259.858
Synthesis current peak Virtual Memory [VSS] (MB): peak = 6554.820; parent = 3176.051; children = 3378.770
---------------------------------------------------------------------------------
---------------------------------------------------------------------------------
Start Loading Part and Timing Information
---------------------------------------------------------------------------------
Loading part: xc7a35ticsg324-1L
---------------------------------------------------------------------------------
Finished Loading Part and Timing Information : Time (s): cpu = 00:00:10 ; elapsed = 00:00:12 . Memory (MB): peak = 3201.031 ; gain = 592.852 ; free physical = 14513 ; free virtual = 20329
Synthesis current peak Physical Memory [PSS] (MB): peak = 1606.876; parent = 1347.018; children = 259.858
Synthesis current peak Virtual Memory [VSS] (MB): peak = 6554.941; parent = 3176.172; children = 3378.770
---------------------------------------------------------------------------------
---------------------------------------------------------------------------------
Start Applying 'set_property' XDC Constraints
---------------------------------------------------------------------------------
---------------------------------------------------------------------------------
Finished applying 'set_property' XDC Constraints : Time (s): cpu = 00:00:10 ; elapsed = 00:00:12 . Memory (MB): peak = 3201.031 ; gain = 592.852 ; free physical = 14513 ; free virtual = 20329
Synthesis current peak Physical Memory [PSS] (MB): peak = 1606.876; parent = 1347.018; children = 259.858
Synthesis current peak Virtual Memory [VSS] (MB): peak = 6554.969; parent = 3176.199; children = 3378.770
---------------------------------------------------------------------------------
---------------------------------------------------------------------------------
Finished RTL Optimization Phase 2 : Time (s): cpu = 00:00:11 ; elapsed = 00:00:12 . Memory (MB): peak = 3201.031 ; gain = 592.852 ; free physical = 14511 ; free virtual = 20328
Synthesis current peak Physical Memory [PSS] (MB): peak = 1606.876; parent = 1347.018; children = 259.858
Synthesis current peak Virtual Memory [VSS] (MB): peak = 6555.824; parent = 3177.055; children = 3378.770
---------------------------------------------------------------------------------
---------------------------------------------------------------------------------
Start RTL Component Statistics 
---------------------------------------------------------------------------------
Detailed RTL Component Info : 
+---Adders : 
	   2 Input    8 Bit       Adders := 1     
+---Registers : 
	                8 Bit    Registers := 1     
	                1 Bit    Registers := 1     
+---Muxes : 
	   2 Input    1 Bit        Muxes := 1     
---------------------------------------------------------------------------------
Finished RTL Component Statistics 
---------------------------------------------------------------------------------
---------------------------------------------------------------------------------
Start Part Resource Summary
---------------------------------------------------------------------------------
Part Resources:
DSPs: 90 (col length:60)
BRAMs: 100 (col length: RAMB18 60 RAMB36 30)
---------------------------------------------------------------------------------
Finished Part Resource Summary
---------------------------------------------------------------------------------
---------------------------------------------------------------------------------
Start Cross Boundary and Area Optimization
---------------------------------------------------------------------------------
WARNING: [Synth 8-7080] Parallel synthesis criteria is not met
---------------------------------------------------------------------------------
Finished Cross Boundary and Area Optimization : Time (s): cpu = 00:00:11 ; elapsed = 00:00:13 . Memory (MB): peak = 3201.031 ; gain = 592.852 ; free physical = 14478 ; free virtual = 20298
Synthesis current peak Physical Memory [PSS] (MB): peak = 1606.876; parent = 1347.018; children = 259.858
Synthesis current peak Virtual Memory [VSS] (MB): peak = 6557.312; parent = 3178.543; children = 3378.770
---------------------------------------------------------------------------------
---------------------------------------------------------------------------------
Start Applying XDC Timing Constraints
---------------------------------------------------------------------------------
---------------------------------------------------------------------------------
Finished Applying XDC Timing Constraints : Time (s): cpu = 00:00:15 ; elapsed = 00:00:18 . Memory (MB): peak = 3222.676 ; gain = 614.496 ; free physical = 14126 ; free virtual = 19956
Synthesis current peak Physical Memory [PSS] (MB): peak = 1784.217; parent = 1524.680; children = 259.858
Synthesis current peak Virtual Memory [VSS] (MB): peak = 6601.445; parent = 3222.676; children = 3378.770
---------------------------------------------------------------------------------
---------------------------------------------------------------------------------
Start Timing Optimization
---------------------------------------------------------------------------------
---------------------------------------------------------------------------------
Finished Timing Optimization : Time (s): cpu = 00:00:15 ; elapsed = 00:00:18 . Memory (MB): peak = 3222.703 ; gain = 614.523 ; free physical = 14119 ; free virtual = 19949
Synthesis current peak Physical Memory [PSS] (MB): peak = 1784.307; parent = 1524.770; children = 259.858
Synthesis current peak Virtual Memory [VSS] (MB): peak = 6601.473; parent = 3222.703; children = 3378.770
---------------------------------------------------------------------------------
---------------------------------------------------------------------------------
Start Technology Mapping
---------------------------------------------------------------------------------
---------------------------------------------------------------------------------
Finished Technology Mapping : Time (s): cpu = 00:00:16 ; elapsed = 00:00:18 . Memory (MB): peak = 3222.898 ; gain = 614.719 ; free physical = 14095 ; free virtual = 19928
Synthesis current peak Physical Memory [PSS] (MB): peak = 1786.720; parent = 1527.183; children = 259.858
Synthesis current peak Virtual Memory [VSS] (MB): peak = 6601.668; parent = 3222.898; children = 3378.770
---------------------------------------------------------------------------------
---------------------------------------------------------------------------------
Start IO Insertion
---------------------------------------------------------------------------------
---------------------------------------------------------------------------------
Start Flattening Before IO Insertion
---------------------------------------------------------------------------------
---------------------------------------------------------------------------------
Finished Flattening Before IO Insertion
---------------------------------------------------------------------------------
---------------------------------------------------------------------------------
Start Final Netlist Cleanup
---------------------------------------------------------------------------------
---------------------------------------------------------------------------------
Finished Final Netlist Cleanup
---------------------------------------------------------------------------------
---------------------------------------------------------------------------------
Finished IO Insertion : Time (s): cpu = 00:00:18 ; elapsed = 00:00:20 . Memory (MB): peak = 3223.023 ; gain = 614.844 ; free physical = 13983 ; free virtual = 19819
Synthesis current peak Physical Memory [PSS] (MB): peak = 1786.720; parent = 1527.183; children = 259.858
Synthesis current peak Virtual Memory [VSS] (MB): peak = 6601.793; parent = 3223.023; children = 3378.770
---------------------------------------------------------------------------------
---------------------------------------------------------------------------------
Start Renaming Generated Instances
---------------------------------------------------------------------------------
---------------------------------------------------------------------------------
Finished Renaming Generated Instances : Time (s): cpu = 00:00:18 ; elapsed = 00:00:20 . Memory (MB): peak = 3223.039 ; gain = 614.859 ; free physical = 13983 ; free virtual = 19819
Synthesis current peak Physical Memory [PSS] (MB): peak = 1786.720; parent = 1527.183; children = 259.858
Synthesis current peak Virtual Memory [VSS] (MB): peak = 6601.809; parent = 3223.039; children = 3378.770
---------------------------------------------------------------------------------
---------------------------------------------------------------------------------
Start Rebuilding User Hierarchy
---------------------------------------------------------------------------------
---------------------------------------------------------------------------------
Finished Rebuilding User Hierarchy : Time (s): cpu = 00:00:18 ; elapsed = 00:00:20 . Memory (MB): peak = 3223.078 ; gain = 614.898 ; free physical = 13983 ; free virtual = 19819
Synthesis current peak Physical Memory [PSS] (MB): peak = 1786.720; parent = 1527.183; children = 259.858
Synthesis current peak Virtual Memory [VSS] (MB): peak = 6601.848; parent = 3223.078; children = 3378.770
---------------------------------------------------------------------------------
---------------------------------------------------------------------------------
Start Renaming Generated Ports
---------------------------------------------------------------------------------
---------------------------------------------------------------------------------
Finished Renaming Generated Ports : Time (s): cpu = 00:00:18 ; elapsed = 00:00:20 . Memory (MB): peak = 3223.086 ; gain = 614.906 ; free physical = 13983 ; free virtual = 19819
Synthesis current peak Physical Memory [PSS] (MB): peak = 1786.720; parent = 1527.183; children = 259.858
Synthesis current peak Virtual Memory [VSS] (MB): peak = 6601.855; parent = 3223.086; children = 3378.770
---------------------------------------------------------------------------------
---------------------------------------------------------------------------------
Start Handling Custom Attributes
---------------------------------------------------------------------------------
---------------------------------------------------------------------------------
Finished Handling Custom Attributes : Time (s): cpu = 00:00:18 ; elapsed = 00:00:20 . Memory (MB): peak = 3223.105 ; gain = 614.926 ; free physical = 13983 ; free virtual = 19819
Synthesis current peak Physical Memory [PSS] (MB): peak = 1786.720; parent = 1527.183; children = 259.858
Synthesis current peak Virtual Memory [VSS] (MB): peak = 6601.875; parent = 3223.105; children = 3378.770
---------------------------------------------------------------------------------
---------------------------------------------------------------------------------
Start Renaming Generated Nets
---------------------------------------------------------------------------------
---------------------------------------------------------------------------------
Finished Renaming Generated Nets : Time (s): cpu = 00:00:18 ; elapsed = 00:00:20 . Memory (MB): peak = 3223.109 ; gain = 614.930 ; free physical = 13983 ; free virtual = 19819
Synthesis current peak Physical Memory [PSS] (MB): peak = 1786.720; parent = 1527.183; children = 259.858
Synthesis current peak Virtual Memory [VSS] (MB): peak = 6601.879; parent = 3223.109; children = 3378.770
---------------------------------------------------------------------------------
---------------------------------------------------------------------------------
Start Writing Synthesis Report
---------------------------------------------------------------------------------

Report BlackBoxes: 
+-+--------------+----------+
| |BlackBox name |Instances |
+-+--------------+----------+
+-+--------------+----------+

Report Cell Usage: 
+------+-----+------+
|      |Cell |Count |
+------+-----+------+
|1     |LUT1 |     1|
|2     |LUT2 |     2|
|3     |LUT3 |     3|
|4     |LUT4 |     1|
|5     |LUT5 |     1|
|6     |LUT6 |     2|
|7     |FDRE |     9|
+------+-----+------+
---------------------------------------------------------------------------------
Finished Writing Synthesis Report : Time (s): cpu = 00:00:18 ; elapsed = 00:00:21 . Memory (MB): peak = 3223.141 ; gain = 614.961 ; free physical = 13983 ; free virtual = 19819
Synthesis current peak Physical Memory [PSS] (MB): peak = 1786.767; parent = 1527.231; children = 259.858
Synthesis current peak Virtual Memory [VSS] (MB): peak = 6601.910; parent = 3223.141; children = 3378.770
---------------------------------------------------------------------------------
Synthesis finished with 0 errors, 0 critical warnings and 1 warnings.
Synthesis Optimization Runtime : Time (s): cpu = 00:00:17 ; elapsed = 00:00:19 . Memory (MB): peak = 3223.172 ; gain = 500.562 ; free physical = 13982 ; free virtual = 19819
Synthesis Optimization Complete : Time (s): cpu = 00:00:18 ; elapsed = 00:00:21 . Memory (MB): peak = 3223.203 ; gain = 614.992 ; free physical = 13982 ; free virtual = 19819
INFO: [Project 1-571] Translating synthesized netlist
Netlist sorting complete. Time (s): cpu = 00:00:00 ; elapsed = 00:00:00 . Memory (MB): peak = 3223.656 ; gain = 0.004 ; free physical = 13975 ; free virtual = 19814
INFO: [Project 1-570] Preparing netlist for logic optimization
INFO: [Opt 31-138] Pushed 0 inverter(s) to 0 load pin(s).
Netlist sorting complete. Time (s): cpu = 00:00:00 ; elapsed = 00:00:00 . Memory (MB): peak = 3249.137 ; gain = 0.000 ; free physical = 15196 ; free virtual = 21036
INFO: [Project 1-111] Unisim Transformation Summary:
No Unisim elements were transformed.

Synth Design complete, checksum: 427b3171
INFO: [Common 17-83] Releasing license: Synthesis
24 Infos, 1 Warnings, 0 Critical Warnings and 0 Errors encountered.
synth_design completed successfully
synth_design: Time (s): cpu = 00:00:28 ; elapsed = 00:00:26 . Memory (MB): peak = 3249.191 ; gain = 986.328 ; free physical = 15391 ; free virtual = 21231
INFO: [Common 17-1381] The checkpoint '/home/user/elettronica_base/labs/lab8/lab8.runs/lab8_block_design_TickCounter_0_0_synth_1/lab8_block_design_TickCounter_0_0.dcp' has been generated.
INFO: [Coretcl 2-1648] Added synthesis output to IP cache for IP lab8_block_design_TickCounter_0_0, cache-ID = a4033ea6415793c2
INFO: [Common 17-1381] The checkpoint '/home/user/elettronica_base/labs/lab8/lab8.runs/lab8_block_design_TickCounter_0_0_synth_1/lab8_block_design_TickCounter_0_0.dcp' has been generated.
INFO: [runtcl-4] Executing : report_utilization -file lab8_block_design_TickCounter_0_0_utilization_synth.rpt -pb lab8_block_design_TickCounter_0_0_utilization_synth.pb
INFO: [Common 17-206] Exiting Vivado at Fri Jan  9 11:47:44 2026...
